###############################################################################
#                                                                             #
# IAR ELF Linker V6.40.1.53790/W32 for ARM              26/Aug/2013  14:44:11 #
# Copyright 2007-2012 IAR Systems AB.                                         #
#                                                                             #
#    Output file  =  F:\eth-com\mqx\project\eth-com\iar\twrk60n512\twrk60n512 #
#                    \Int Flash Debug\Exe\twrk60n512.out                      #
#    Map file     =  F:\eth-com\mqx\project\eth-com\iar\twrk60n512\twrk60n512 #
#                    \Int Flash Debug\List\twrk60n512.map                     #
#    Command line =  F:\eth-com\lib\twrk60n512.iar\debug\bsp\bsp.a            #
#                    F:\eth-com\lib\twrk60n512.iar\debug\psp\psp.a            #
#                    F:\eth-com\lib\twrk60n512.iar\debug\rtcs\rtcs.a          #
#                    "F:\eth-com\mqx\project\eth-com\iar\twrk60n512\twrk60n51 #
#                    2\Int Flash Debug\Obj\broad_cast.o"                      #
#                    "F:\eth-com\mqx\project\eth-com\iar\twrk60n512\twrk60n51 #
#                    2\Int Flash Debug\Obj\com_server.o"                      #
#                    "F:\eth-com\mqx\project\eth-com\iar\twrk60n512\twrk60n51 #
#                    2\Int Flash Debug\Obj\config_parameter.o"                #
#                    "F:\eth-com\mqx\project\eth-com\iar\twrk60n512\twrk60n51 #
#                    2\Int Flash Debug\Obj\flash.o"                           #
#                    "F:\eth-com\mqx\project\eth-com\iar\twrk60n512\twrk60n51 #
#                    2\Int Flash Debug\Obj\gpio_with_config.o"                #
#                    "F:\eth-com\mqx\project\eth-com\iar\twrk60n512\twrk60n51 #
#                    2\Int Flash Debug\Obj\init_tasks.o"                      #
#                    "F:\eth-com\mqx\project\eth-com\iar\twrk60n512\twrk60n51 #
#                    2\Int Flash Debug\Obj\mqx_eth_com_main.o"                #
#                    "F:\eth-com\mqx\project\eth-com\iar\twrk60n512\twrk60n51 #
#                    2\Int Flash Debug\Obj\shell_at.o"                        #
#                    "F:\eth-com\mqx\project\eth-com\iar\twrk60n512\twrk60n51 #
#                    2\Int Flash Debug\Obj\tcp_cfg.o"                         #
#                    "F:\eth-com\mqx\project\eth-com\iar\twrk60n512\twrk60n51 #
#                    2\Int Flash Debug\Obj\tcp_client.o"                      #
#                    "F:\eth-com\mqx\project\eth-com\iar\twrk60n512\twrk60n51 #
#                    2\Int Flash Debug\Obj\tcp_server.o"                      #
#                    "F:\eth-com\mqx\project\eth-com\iar\twrk60n512\twrk60n51 #
#                    2\Int Flash Debug\Obj\udp_connect.o" --redirect          #
#                    _Printf=_PrintfFull --redirect _Scanf=_ScanfFull -o      #
#                    "F:\eth-com\mqx\project\eth-com\iar\twrk60n512\twrk60n51 #
#                    2\Int Flash Debug\Exe\twrk60n512.out" --map              #
#                    "F:\eth-com\mqx\project\eth-com\iar\twrk60n512\twrk60n51 #
#                    2\Int Flash Debug\List\twrk60n512.map" --config          #
#                    F:\eth-com\mqx\project\eth-com\iar\twrk60n512/../../../. #
#                    ./../lib/twrk60n512.iar/debug/bsp/intflash.icf           #
#                    --redirect __iar_dlmalloc=malloc --redirect              #
#                    __iar_dlcalloc=calloc --redirect __iar_dlfree=free       #
#                    --semihosting --entry __iar_program_start --vfe          #
#                                                                             #
#                                                                             #
###############################################################################

*******************************************************************************
*** RUNTIME MODEL ATTRIBUTES
***

CppFlavor                   = *
__SystemLibrary             = DLib
__dlib_jmp_buf_num_elements = 8


*******************************************************************************
*** PLACEMENT SUMMARY
***

"A1":  place at 0x00000000 { ro section .intvec, block CFMPROTROM };
"P1":  place in [from 0x00000000 to 0x0007ffff] {
          first block TEXTSECTION, ro, last block FLASHX_POOL };
"P2":  place in [from 0x1fff0000 to 0x2000fff0] {
          block USER_MEMORY, last block KERNEL_DATA };

  Section                 Kind        Address     Size  Object
  -------                 ----        -------     ----  ------
"A1":                                            0x414
  .intvec                 const    0x00000000    0x400  vectors.o [3]
  CFMPROTROM                       0x00000400     0x14  <Block>
    .cfmconfig            const    0x00000400     0x10  vectors.o [3]
    .cfmconfig            const    0x00000410      0x0  vectors.o [3]
    CFMPROTROM            const    0x00000410      0x4  <Block tail>
                                 - 0x00000414    0x414

"P1":                                          0x1abe4
  TEXTSECTION                      0x00000420  0x19696  <Block>
    .text                 ro code  0x00000420     0x48  boot.o [5]
    .text                 ro code  0x00000468      0xc  cstartup_M.o [6]
    .text                 ro code  0x00000474     0x16  cmain.o [6]
    .text                 ro code  0x0000048a      0xa  comp.o [5]
    .text                 ro code  0x00000494     0x28  data_init3.o [6]
    .text                 ro code  0x000004bc     0x10  mqx_main.o [3]
    .text                 ro code  0x000004cc      0x4  exit.o [4]
    .text                 ro code  0x000004d0    0x194  init_hw.o [3]
    .text                 ro code  0x00000664    0x454  mqx.o [5]
    .text                 ro code  0x00000ab8      0xa  cexit.o [6]
    .text                 ro code  0x00000ac2     0x22  zero_init3.o [6]
    .text                 ro code  0x00000ae4    0x8a8  bsp_cm.o [3]
    .text                 ro code  0x0000138c    0x2a4  init_gpio.o [3]
    .text                 ro code  0x00001630     0x16  iproute.o [7]
    .text                 ro code  0x00001646     0x2e  copy_init3.o [6]
    .text                 ro code  0x00001674     0x76  ABImemcpy.o [6]
    .text                 ro code  0x000016ec    0x654  lwmem.o [5]
    .text                 ro code  0x00001d40    0x846  task.o [5]
    .text                 ro code  0x00002588     0xd8  sc_irdyq.o [5]
    .text                 ro code  0x00002660    0x294  lwsem.o [5]
    .text                 ro code  0x000028f4    0x184  init_bsp.o [3]
    .text                 ro code  0x00002a78    0x298  int.o [5]
    .text                 ro code  0x00002d10     0xc2  queue.o [5]
    .text                 ro code  0x00002dd4     0x14  exit.o [8]
    .text                 ro code  0x00002de8     0x1c  cm.o [3]
    .text                 ro code  0x00002e04     0x66  ABImemset.o [6]
    .text                 ro code  0x00002e6a      0x2  stack_de.o [5]
    .text                 ro code  0x00002e6c     0x80  stack_bu.o [5]
    .text                 ro code  0x00002eec     0x1c  psp_iinit.o [5]
    .text                 ro code  0x00002f08     0x14  int_vtab.o [5]
    .text                 ro code  0x00002f1c    0x354  time.o [5]
    .text                 ro code  0x00003270     0x14  kinetis_mpu.o [5]
    .text                 ro code  0x00003284     0x24  io_init.o [5]
    .text                 ro code  0x000032a8    0x248  serl_int_kuart.o [3]
    .text                 ro code  0x000034f0     0x38  io_sinit.o [3]
    .text                 ro code  0x00003528     0x14  int_inst.o [5]
    .text                 ro code  0x0000353c     0x88  psp_mstiq.o [5]
    .text                 ro code  0x000035c4     0x54  psp_tiad.o [5]
    .text                 ro code  0x00003618     0xa4  psp_tkti.o [5]
    .text                 ro code  0x000036bc     0x38  psp_tinm.o [5]
    .text                 ro code  0x000036f4    0x786  serl_int.o [3]
    .text                 ro code  0x00003e7c    0x540  serl_pol_kuart.o [3]
    .text                 ro code  0x000043bc     0xc4  nvic.o [5]
    .text                 ro code  0x00004480     0xc8  io_fopen.o [5]
    .text                 ro code  0x00004548    0x132  I64DivMod.o [6]
    .text                 ro code  0x0000467a     0x3a  io_inst.o [5]
    .text                 ro code  0x000046b4    0x20c  taskq.o [5]
    .text                 ro code  0x000048c0     0x5c  serl_mk60.o [3]
    .text                 ro code  0x0000491c      0x2  I64DivZer.o [6]
    .text                 ro code  0x00004920    0x100  io_instx.o [5]
    .text                 ro code  0x00004a20     0x40  sched.o [5]
    .text                 ro code  0x00004a60     0x2a  strncmp.o [4]
    .text                 ro code  0x00004a8c     0xc0  broad_cast.o [1]
    .text                 ro code  0x00004b4c     0xc6  rtcs.o [7]
    .text                 ro code  0x00004c14    0x17a  sockutil.o [7]
    .text                 ro code  0x00004d90    0x1fe  rtcspart.o [7]
    .text                 ro code  0x00004f90    0x4f8  partition.o [5]
    .text                 ro code  0x00005488    0x2b8  com_server.o [1]
    .text                 ro code  0x00005740     0x86  io_read.o [5]
    .text                 ro code  0x000057c8    0x32a  config_parameter.o [1]
    .text                 ro code  0x00005af4     0xa0  flash.o [1]
    .text                 ro code  0x00005b94     0x5a  io_ioctl.o [5]
    .text                 ro code  0x00005bee     0xc0  io_fseek.o [5]
    .text                 ro code  0x00005cae     0x32  io_write.o [5]
    .text                 ro code  0x00005ce0    0x28c  gpio_with_config.o [1]
    .text                 ro code  0x00005f6c    0x230  lwgpio_kgpio.o [3]
    .text                 ro code  0x0000619c    0x974  init_tasks.o [1]
    .text                 ro code  0x00006b10    0x288  rtcscmd.o [7]
    .text                 ro code  0x00006d98    0xb40  ipcfg.o [7]
    .text                 ro code  0x000078d8    0x948  msgq.o [5]
    .text                 ro code  0x00008220    0x310  msgpool.o [5]
    .text                 ro code  0x00008530     0xb8  rtcstask.o [7]
    .text                 ro code  0x000085e8    0x3ac  msg.o [5]
    .text                 ro code  0x00008994     0x54  ifdhcp.o [7]
    .text                 ro code  0x000089e8     0x58  ifrem.o [7]
    .text                 ro code  0x00008a40     0xbc  ifadd.o [7]
    .text                 ro code  0x00008afc     0xb4  dhcputil.o [7]
    .text                 ro code  0x00008bb0    0x120  eninit.o [3]
    .text                 ro code  0x00008cd0     0x4a  enstop.o [3]
    .text                 ro code  0x00008d1a     0x60  enutil.o [3]
    .text                 ro code  0x00008d7c   0x2ab0  shell_at.o [1]
    .text                 ro code  0x0000b82c     0x3a  io_fflsh.o [5]
    .text                 ro code  0x0000b868    0x2dc  inet_ntop.o [7]
    .text                 ro code  0x0000bb44     0xa2  inet.o [7]
    .text                 ro code  0x0000bbe8     0x36  io_spr.o [5]
    .text                 ro code  0x0000bc1e      0x8  atoi.o [4]
    .text                 ro code  0x0000bc26     0x16  macnet_send.o [3]
    .text                 ro code  0x0000bc3c     0x36  strlen.o [6]
    .text                 ro code  0x0000bc74     0x44  strcpy.o [6]
    .text                 ro code  0x0000bcb8     0x12  inet.o [7]
    .text                 ro code  0x0000bccc    0xd68  io_dopr.o [5]
    .text                 ro code  0x0000ca34    0x174  xstoul.o [4]
    .text                 ro code  0x0000cba8     0x58  memchr.o [6]
    .text                 ro code  0x0000cc00      0xc  errno.o [4]
    .text                 ro code  0x0000cc0c      0x2  xtls.o [4]
    .text                 ro code  0x0000cc10    0x104  tcp_cfg.o [1]
    .text                 ro code  0x0000cd14    0x2a0  tcp_client.o [1]
    .text                 ro code  0x0000cfb4     0xb4  tcp_server.o [1]
    .text                 ro code  0x0000d068     0x9c  udp_connect.o [1]
    .text                 ro code  0x0000d104    0x42c  sdgram.o [7]
    .text                 ro code  0x0000d530    0x70c  sstream.o [7]
    .text                 ro code  0x0000dc3c    0x1ec  soselset.o [7]
    .text                 ro code  0x0000de28     0xd0  sosel0.o [7]
    .text                 ro code  0x0000def8     0xd8  timer.o [7]
    .text                 ro code  0x0000dfd0    0x13c  soudp.o [7]
    .text                 ro code  0x0000e10c    0x168  tcpip.o [7]
    .text                 ro code  0x0000e274     0x24  rtcsmsec.o [7]
    .text                 ro code  0x0000e298    0x4f4  rtcspcb.o [7]
    .text                 ro code  0x0000e78c    0xbae  ip.o [7]
    .text                 ro code  0x0000f33c    0x7dc  icmp.o [7]
    .text                 ro code  0x0000fb18     0x10  arpinit.o [7]
    .text                 ro code  0x0000fb28     0x18  bootinit.o [7]
    .text                 ro code  0x0000fb40    0x21c  iplocal.o [7]
    .text                 ro code  0x0000fd5c    0xa80  iproute.o [7]
    .text                 ro code  0x000107dc     0xb2  checksum.o [7]
    .text                 ro code  0x0001088e     0x4a  ipsum.o [5]
    .text                 ro code  0x000108d8    0x308  iputil.o [7]
    .text                 ro code  0x00010be0    0x2b0  ipradix.o [7]
    .text                 ro code  0x00010e90     0x24  route.o [7]
    .text                 ro code  0x00010eb4    0xd72  udp.o [7]
    .text                 ro code  0x00011c26    0x13a  sosel1.o [7]
    .text                 ro code  0x00011d60    0x3f4  tcp_clos.o [7]
    .text                 ro code  0x00012154    0x816  tcp_rcv.o [7]
    .text                 ro code  0x0001296a    0x3fa  ticker.o [7]
    .text                 ro code  0x00012d64   0x18c4  tcp.o [7]
    .text                 ro code  0x00014628   0x11a8  tcp_send.o [7]
    .text                 ro code  0x000157d0    0x496  tcp_buf.o [7]
    .text                 ro code  0x00015c68     0xf8  rtcsrand.o [7]
    .text                 ro code  0x00015d60    0x456  ip-e.o [7]
    .text                 ro code  0x000161b8    0x9b0  arp.o [7]
    .text                 ro code  0x00016b68     0x98  enopen.o [3]
    .text                 ro code  0x00016c00     0xa0  enclose.o [3]
    .text                 ro code  0x00016ca0     0x1e  enaddr.o [3]
    .text                 ro code  0x00016cc0     0x62  memcmp.o [6]
    .text                 ro code  0x00016d22    0x178  ensend.o [3]
    .text                 ro code  0x00016e9a      0x6  proxyarp.o [7]
    .text                 ro code  0x00016ea0     0x4c  idletask.o [5]
    .text                 ro code  0x00016eec    0x224  ipif_add.o [7]
    .text                 ro code  0x00017110   0x1498  dhcpclnt.o [7]
    .text                 ro code  0x000185a8     0x78  bootcomm.o [7]
    .text                 ro code  0x00018620     0x8c  ipif_rem.o [7]
    .text                 ro code  0x000186ac    0x4c4  macnet_init.o [3]
    .text                 ro code  0x00018b70     0x24  macnet_mk60.o [3]
    .text                 ro code  0x00018b94    0x4c8  macnet_receive.o [3]
    .text                 ro code  0x0001905c    0x1e8  macnet_util.o [3]
    .text                 ro code  0x00019244    0x15a  enrecv.o [3]
    .text                 ro code  0x000193a0     0x9c  macnet_join.o [3]
    .text                 ro code  0x0001943c    0x10c  macnet_mii.o [3]
    .text                 ro code  0x00019548     0x4c  macnet_stop.o [3]
    .text                 ro code  0x00019594     0x50  sotcp.o [7]
    .text                 ro code  0x000195e4    0x19c  phy_ksz8041.o [3]
    .text                 ro code  0x00019780     0x60  macnet_rejoin.o [3]
    .text                 ro code  0x000197e0    0x2d6  macnet_send.o [3]
  KERNEL                  ro code  0x00019ac0    0x21c  dispatch.o [5]
  .iar.init_table         const    0x00019cdc     0x38  - Linker created -
  .rodata                 const    0x00019d14     0x10  config_parameter.o [1]
  .rodata                 const    0x00019d24     0xc0  config_parameter.o [1]
  .rodata                 const    0x00019de4     0x10  flash.o [1]
  .rodata                 const    0x00019df4      0x8  init_tasks.o [1]
  .rodata                 const    0x00019dfc     0x10  mqx_eth_com_main.o [1]
  .rodata                 const    0x00019e0c     0x14  mqx_eth_com_main.o [1]
  .rodata                 const    0x00019e20     0x14  mqx_eth_com_main.o [1]
  .rodata                 const    0x00019e34     0x10  mqx_eth_com_main.o [1]
  .rodata                 const    0x00019e44     0x10  mqx_eth_com_main.o [1]
  .rodata                 const    0x00019e54     0x10  mqx_eth_com_main.o [1]
  .rodata                 const    0x00019e64     0x1c  mqx_eth_com_main.o [1]
  .rodata                 const    0x00019e80     0x1c  mqx_eth_com_main.o [1]
  .rodata                 const    0x00019e9c     0x1c  mqx_eth_com_main.o [1]
  .rodata                 const    0x00019eb8     0x10  mqx_eth_com_main.o [1]
  .rodata                 const    0x00019ec8     0x14  mqx_eth_com_main.o [1]
  .rodata                 const    0x00019edc     0x14  mqx_eth_com_main.o [1]
  .rodata                 const    0x00019ef0     0x14  mqx_eth_com_main.o [1]
  .rodata                 const    0x00019f04     0x14  mqx_eth_com_main.o [1]
  .rodata                 const    0x00019f18     0x14  mqx_eth_com_main.o [1]
  .rodata                 const    0x00019f2c    0x200  mqx_eth_com_main.o [1]
  .rodata                 const    0x0001a12c      0xc  shell_at.o [1]
  .rodata                 const    0x0001a138     0x20  shell_at.o [1]
  .rodata                 const    0x0001a158     0x18  shell_at.o [1]
  .rodata                 const    0x0001a170     0x1c  shell_at.o [1]
  .rodata                 const    0x0001a18c     0x18  shell_at.o [1]
  .rodata                 const    0x0001a1a4      0x8  shell_at.o [1]
  .rodata                 const    0x0001a1ac      0x8  shell_at.o [1]
  .rodata                 const    0x0001a1b4     0x40  shell_at.o [1]
  .rodata                 const    0x0001a1f4     0x24  shell_at.o [1]
  .rodata                 const    0x0001a218     0x14  shell_at.o [1]
  .rodata                 const    0x0001a22c     0x14  shell_at.o [1]
  .rodata                 const    0x0001a240     0x14  shell_at.o [1]
  .rodata                 const    0x0001a254     0x14  shell_at.o [1]
  .rodata                 const    0x0001a268     0x18  shell_at.o [1]
  .rodata                 const    0x0001a280     0x14  shell_at.o [1]
  .rodata                 const    0x0001a294     0x14  shell_at.o [1]
  .rodata                 const    0x0001a2a8     0x18  shell_at.o [1]
  .rodata                 const    0x0001a2c0     0x18  shell_at.o [1]
  .rodata                 const    0x0001a2d8     0x18  shell_at.o [1]
  .rodata                 const    0x0001a2f0     0x14  shell_at.o [1]
  .rodata                 const    0x0001a304     0x18  shell_at.o [1]
  .rodata                 const    0x0001a31c     0x18  shell_at.o [1]
  .rodata                 const    0x0001a334     0x18  shell_at.o [1]
  .rodata                 const    0x0001a34c     0x18  shell_at.o [1]
  .rodata                 const    0x0001a364     0x18  shell_at.o [1]
  .rodata                 const    0x0001a37c     0x1c  shell_at.o [1]
  .rodata                 const    0x0001a398     0x1c  shell_at.o [1]
  .rodata                 const    0x0001a3b4     0x1c  shell_at.o [1]
  .rodata                 const    0x0001a3d0     0x1c  shell_at.o [1]
  .rodata                 const    0x0001a3ec     0x1c  shell_at.o [1]
  .rodata                 const    0x0001a408     0x1c  shell_at.o [1]
  .rodata                 const    0x0001a424     0x1c  shell_at.o [1]
  .rodata                 const    0x0001a440     0x1c  shell_at.o [1]
  .rodata                 const    0x0001a45c     0x1c  shell_at.o [1]
  .rodata                 const    0x0001a478     0x1c  shell_at.o [1]
  .rodata                 const    0x0001a494     0x20  shell_at.o [1]
  .rodata                 const    0x0001a4b4     0x2c  shell_at.o [1]
  .rodata                 const    0x0001a4e0     0x24  shell_at.o [1]
  .rodata                 const    0x0001a504     0x3c  shell_at.o [1]
  .rodata                 const    0x0001a540     0x34  shell_at.o [1]
  .rodata                 const    0x0001a574     0x24  shell_at.o [1]
  .rodata                 const    0x0001a598     0x2c  shell_at.o [1]
  .rodata                 const    0x0001a5c4     0x24  shell_at.o [1]
  .rodata                 const    0x0001a5e8     0x30  shell_at.o [1]
  .rodata                 const    0x0001a618     0x3c  shell_at.o [1]
  .rodata                 const    0x0001a654     0x34  shell_at.o [1]
  .rodata                 const    0x0001a688     0x38  shell_at.o [1]
  .rodata                 const    0x0001a6c0     0x2c  shell_at.o [1]
  .rodata                 const    0x0001a6ec     0x38  shell_at.o [1]
  .rodata                 const    0x0001a724     0x3c  shell_at.o [1]
  .rodata                 const    0x0001a760     0x3c  shell_at.o [1]
  .rodata                 const    0x0001a79c     0x34  shell_at.o [1]
  .rodata                 const    0x0001a7d0     0x28  shell_at.o [1]
  .rodata                 const    0x0001a7f8     0x34  shell_at.o [1]
  .rodata                 const    0x0001a82c     0x3c  shell_at.o [1]
  .rodata                 const    0x0001a868     0x2c  shell_at.o [1]
  .rodata                 const    0x0001a894     0x14  lwgpio_kgpio.o [3]
  .rodata                 const    0x0001a8a8      0x8  rtcscmd.o [7]
  .rodata                 const    0x0001a8b0     0x3c  sdgram.o [7]
  .rodata                 const    0x0001a8ec     0x3c  sstream.o [7]
  .rodata                 const    0x0001a928      0x8  sotcp.o [7]
  .rodata                 const    0x0001a930      0x8  soudp.o [7]
  .rodata                 const    0x0001a938      0x8  ipcfg.o [7]
  .rodata                 const    0x0001a940      0xc  inet_ntop.o [7]
  .rodata                 const    0x0001a94c     0x18  mqx.o [5]
  .rodata                 const    0x0001a964     0x10  mqx.o [5]
  .rodata                 const    0x0001a974      0x4  mqx.o [5]
  .rodata                 const    0x0001a978      0x4  mqx.o [5]
  .rodata                 const    0x0001a97c      0xc  ip-e.o [7]
  .rodata                 const    0x0001a988      0x4  ip-e.o [7]
  .rodata                 const    0x0001a98c     0x14  io_dopr.o [5]
  .rodata                 const    0x0001a9a0     0x14  io_dopr.o [5]
  .rodata                 const    0x0001a9b4      0x8  init_bsp.o [3]
  .rodata                 const    0x0001a9bc      0xc  iplocal.o [7]
  .rodata                 const    0x0001a9c8      0x4  iplocal.o [7]
  .rodata                 const    0x0001a9cc      0xc  rtcsinit.o [7]
  .rodata                 const    0x0001a9d8     0x14  init_enet.o [3]
  .rodata                 const    0x0001a9ec     0x10  init_enet.o [3]
  .rodata                 const    0x0001a9fc     0x24  init_enet.o [3]
  .rodata                 const    0x0001aa20     0x1c  bsp_cm.o [3]
  .rodata                 const    0x0001aa3c     0x78  bsp_cm.o [3]
  .rodata                 const    0x0001aab4     0x20  init_sci.o [3]
  .rodata                 const    0x0001aad4     0x20  macnet_init.o [3]
  .rodata                 const    0x0001aaf4     0x14  phy_ksz8041.o [3]
  .rodata                 const    0x0001ab08     0x40  macnet_mk60.o [3]
  .rodata                 const    0x0001ab48     0x30  mqx_init.o [3]
  Initializer bytes       ro data  0x0001ab78     0x68  <for USER_DEFAULT_MEMORY-1>
  Initializer bytes       ro data  0x0001abe0      0x4  <for KERNEL_DATA-1>
  .rodata                 const    0x0001abe4      0x0  zero_init3.o [6]
  .rodata                 const    0x0001abe4      0x0  copy_init3.o [6]
  FLASHX_POOL                      0x0001b000      0x1  <Block>
    .flashx               const    0x0001b000      0x1  vectors.o [3]
    .flashx               const    0x0001b001      0x0  vectors.o [3]
                                 - 0x0001b001  0x1abe1

"P2":                                            0x274
  USER_MEMORY                      0x1fff0000    0x26b  <Block>
    USER_DEFAULT_MEMORY            0x1fff0000    0x26b  <Block>
      USER_DEFAULT_MEMORY-1
                                   0x1fff0000     0x68  <Init block>
        .data             inited   0x1fff0000      0x4  config_parameter.o [1]
        .data             inited   0x1fff0004      0x4  config_parameter.o [1]
        .data             inited   0x1fff0008      0x4  config_parameter.o [1]
        .data             inited   0x1fff000c      0x4  config_parameter.o [1]
        .data             inited   0x1fff0010      0x1  shell_at.o [1]
        .data             inited   0x1fff0014     0x14  lwgpio_kgpio.o [3]
        .data             inited   0x1fff0028      0x4  mqx.o [5]
        .data             inited   0x1fff002c      0x4  rtcsglob.o [7]
        .data             inited   0x1fff0030      0x4  rtcsglob.o [7]
        .data             inited   0x1fff0034      0x4  rtcsglob.o [7]
        .data             inited   0x1fff0038      0x4  rtcsglob.o [7]
        .data             inited   0x1fff003c      0x4  rtcsglob.o [7]
        .data             inited   0x1fff0040      0x4  rtcsglob.o [7]
        .data             inited   0x1fff0044      0x4  rtcsglob.o [7]
        .data             inited   0x1fff0048      0x4  rtcsglob.o [7]
        .data             inited   0x1fff004c      0x4  rtcsglob.o [7]
        .data             inited   0x1fff0050      0x4  rtcsglob.o [7]
        .data             inited   0x1fff0054      0x4  rtcsglob.o [7]
        .data             inited   0x1fff0058      0x4  rtcsglob.o [7]
        .data             inited   0x1fff005c      0x4  rtcsglob.o [7]
        .data             inited   0x1fff0060      0x4  rtcsglob.o [7]
        .data             inited   0x1fff0064      0x4  rtcsrand.o [7]
      .bss                zero     0x1fff0068      0x8  broad_cast.o [1]
      .bss                zero     0x1fff0070      0x8  com_server.o [1]
      .bss                zero     0x1fff0078     0x70  config_parameter.o [1]
      .bss                zero     0x1fff00e8      0x8  config_parameter.o [1]
      .bss                zero     0x1fff00f0      0x4  config_parameter.o [1]
      .bss                zero     0x1fff00f4     0x10  config_parameter.o [1]
      .bss                zero     0x1fff0104     0x10  config_parameter.o [1]
      .bss                zero     0x1fff0114      0x4  flash.o [1]
      .bss                zero     0x1fff0118     0x10  gpio_with_config.o [1]
      .bss                zero     0x1fff0128     0x10  gpio_with_config.o [1]
      .bss                zero     0x1fff0138     0x10  gpio_with_config.o [1]
      .bss                zero     0x1fff0148      0x4  shell_at.o [1]
      .bss                zero     0x1fff014c     0x10  tcp_client.o [1]
      .bss                zero     0x1fff015c      0x4  tcp_client.o [1]
      .bss                zero     0x1fff0160     0x10  tcp_server.o [1]
      .bss                zero     0x1fff0170     0x10  udp_connect.o [1]
      .bss                zero     0x1fff0180      0x8  udp_connect.o [1]
      .bss                zero     0x1fff0188     0x80  ipcfg.o [7]
      .bss                zero     0x1fff0208      0x4  mqx.o [5]
      .bss                zero     0x1fff020c      0x4  psp_mstiq.o [5]
      .bss                zero     0x1fff0210      0x4  psp_mstiq.o [5]
      .bss                zero     0x1fff0214      0x4  tcpip.o [7]
      .bss                zero     0x1fff0218      0x4  rtcsglob.o [7]
      .bss                zero     0x1fff021c      0x4  rtcsglob.o [7]
      .bss                zero     0x1fff0220      0x4  rtcsglob.o [7]
      .bss                zero     0x1fff0224      0x4  rtcsglob.o [7]
      .bss                zero     0x1fff0228      0x4  rtcsglob.o [7]
      .bss                zero     0x1fff022c      0x4  rtcsglob.o [7]
      .bss                zero     0x1fff0230      0x4  rtcsglob.o [7]
      .bss                zero     0x1fff0234      0x4  resolver.o [7]
      .bss                zero     0x1fff0238      0x4  arpinit.o [7]
      .bss                zero     0x1fff023c      0x4  bootinit.o [7]
      .bss                zero     0x1fff0240      0x4  bootinit.o [7]
      .bss                zero     0x1fff0244      0x4  ipif_add.o [7]
      .bss                zero     0x1fff0248      0x4  iplocal.o [7]
      .bss                zero     0x1fff024c      0x4  timer.o [7]
      .bss                zero     0x1fff0250      0x4  rtcsrand.o [7]
      .bss                zero     0x1fff0254      0x4  rtcsrand.o [7]
      __DLIB_PERTHREAD    zero     0x1fff0258      0x4  errno.o [4]
      .bss                zero     0x1fff025c      0x1  config_parameter.o [1]
      .bss                zero     0x1fff025d      0x1  config_parameter.o [1]
      .bss                zero     0x1fff025e      0x1  gpio_with_config.o [1]
      .bss                zero     0x1fff025f      0x1  gpio_with_config.o [1]
      .bss                zero     0x1fff0260      0x1  gpio_with_config.o [1]
      .bss                zero     0x1fff0261      0x1  gpio_with_config.o [1]
      .bss                zero     0x1fff0262      0x1  gpio_with_config.o [1]
      .bss                zero     0x1fff0263      0x1  gpio_with_config.o [1]
      .bss                zero     0x1fff0264      0x1  gpio_with_config.o [1]
      .bss                zero     0x1fff0265      0x1  gpio_with_config.o [1]
      .bss                zero     0x1fff0266      0x1  shell_at.o [1]
      .bss                zero     0x1fff0267      0x1  shell_at.o [1]
      .bss                zero     0x1fff0268      0x1  tcp_cfg.o [1]
      .bss                zero     0x1fff0269      0x1  tcp_server.o [1]
      .bss                zero     0x1fff026a      0x1  bsp_cm.o [3]
  KERNEL_DATA                      0x1fff0270      0x4  <Block>
    KERNEL_DATA-1                  0x1fff0270      0x4  <Init block>
      .kernel_data        inited   0x1fff0270      0x4  kernel_symbols.o [5]
                                 - 0x1fff0274    0x274


*******************************************************************************
*** INIT TABLE
***

          Address     Size
          -------     ----
Zero (__iar_zero_init3)
    1 destination range, total size 0x203:
          0x1fff0068  0x203

Copy (__iar_copy_init3)
    1 source range, total size 0x68:
          0x0001ab78   0x68
    1 destination range, total size 0x68:
          0x1fff0000   0x68

Copy (__iar_copy_init3)
    1 source range, total size 0x4:
          0x0001abe0    0x4
    1 destination range, total size 0x4:
          0x1fff0270    0x4



*******************************************************************************
*** MODULE SUMMARY
***

    Module              ro code  ro data  rw data
    ------              -------  -------  -------
F:\eth-com\mqx\project\eth-com\iar\twrk60n512\twrk60n512\Int Flash Debug\Obj: [1]
    broad_cast.o            192                 8
    com_server.o            696                 8
    config_parameter.o      810      224      174
    flash.o                 160       16        4
    gpio_with_config.o      652                56
    init_tasks.o          2 420        8
    mqx_eth_com_main.o               816
    shell_at.o           10 928    1 897        7
    tcp_cfg.o               260                 1
    tcp_client.o            672                20
    tcp_server.o            180                17
    udp_connect.o           156                24
    ---------------------------------------------
    Total:               17 126    2 961      319

command line: [2]
    ---------------------------------------------
    Total:

bsp.a: [3]
    bsp_cm.o              2 216      148        1
    cm.o                     28
    enaddr.o                 30
    enclose.o               160
    eninit.o                288
    enopen.o                152
    enrecv.o                346
    ensend.o                376
    enstop.o                 74
    enutil.o                 96
    init_bsp.o              388        8
    init_enet.o                       72
    init_gpio.o             676
    init_hw.o               404
    init_sci.o                        32
    io_sinit.o               56
    lwgpio_kgpio.o          560       43       20
    macnet_init.o         1 220       32
    macnet_join.o           156
    macnet_mii.o            268
    macnet_mk60.o            36       64
    macnet_receive.o      1 224
    macnet_rejoin.o          96
    macnet_send.o           748
    macnet_stop.o            76
    macnet_util.o           488
    mqx_init.o                        48
    mqx_main.o               16
    phy_ksz8041.o           412       20
    serl_int.o            1 926
    serl_int_kuart.o        584
    serl_mk60.o              92
    serl_pol_kuart.o      1 344
    vectors.o                      1 041
    ---------------------------------------------
    Total:               14 536    1 508       21

dl7M_tln.a: [4]
    atoi.o                    8
    errno.o                  12                 4
    exit.o                    4
    strncmp.o                42
    xstoul.o                372
    xtls.o                    2
    ---------------------------------------------
    Total:                  440                 4

psp.a: [5]
    boot.o                   72
    comp.o                   10
    dispatch.o              540
    idletask.o               76
    int.o                   664
    int_inst.o               20
    int_vtab.o               20
    io_dopr.o             3 432       40
    io_fflsh.o               58
    io_fopen.o              200
    io_fseek.o              192
    io_init.o                36
    io_inst.o                58
    io_instx.o              256
    io_ioctl.o               90
    io_read.o               134
    io_spr.o                 54
    io_write.o               50
    ipsum.o                  74
    kernel_symbols.o                   4        4
    kinetis_mpu.o            20
    lwmem.o               1 620
    lwsem.o                 660
    mqx.o                 1 108       52        8
    msg.o                   940
    msgpool.o               784
    msgq.o                2 376
    nvic.o                  196
    partition.o           1 272
    psp_iinit.o              28
    psp_mstiq.o             136                 8
    psp_tiad.o               84
    psp_tinm.o               56
    psp_tkti.o              164
    queue.o                 194
    sc_irdyq.o              216
    sched.o                  64
    stack_bu.o              128
    stack_de.o                2
    task.o                2 118
    taskq.o                 524
    time.o                  852
    ---------------------------------------------
    Total:               19 578       96       20

rt7M_tl.a: [6]
    ABImemcpy.o             118
    ABImemset.o             102
    I64DivMod.o             306
    I64DivZer.o               2
    cexit.o                  10
    cmain.o                  22
    copy_init3.o             46
    cstartup_M.o             12
    data_init3.o             40
    memchr.o                 88
    memcmp.o                 98
    strcpy.o                 68
    strlen.o                 54
    zero_init3.o             34
    ---------------------------------------------
    Total:                1 000

rtcs.a: [7]
    arp.o                 2 480
    arpinit.o                16                 4
    bootcomm.o              120
    bootinit.o               24                 8
    checksum.o              178
    dhcpclnt.o            5 272
    dhcputil.o              180
    icmp.o                2 012
    ifadd.o                 188
    ifdhcp.o                 84
    ifrem.o                  88
    inet.o                  180
    inet_ntop.o             732       12
    ip-e.o                1 110       16
    ip.o                  2 990
    ipcfg.o               2 880        8      128
    ipif_add.o              548                 4
    ipif_rem.o              140
    iplocal.o               540       16        4
    ipradix.o               688
    iproute.o             2 710
    iputil.o                776
    proxyarp.o                6
    resolver.o                                  4
    route.o                  36
    rtcs.o                  198
    rtcscmd.o               648        8
    rtcsglob.o                        56       84
    rtcsinit.o                        12
    rtcsmsec.o               36
    rtcspart.o              510
    rtcspcb.o             1 268
    rtcsrand.o              248        4       12
    rtcstask.o              184
    sdgram.o              1 068       60
    sockutil.o              378
    sosel0.o                208
    sosel1.o                314
    soselset.o              492
    sotcp.o                  80        8
    soudp.o                 316        8
    sstream.o             1 804       60
    tcp.o                 6 340
    tcp_buf.o             1 174
    tcp_clos.o            1 012
    tcp_rcv.o             2 070
    tcp_send.o            4 520
    tcpip.o                 360                 4
    ticker.o              1 018
    timer.o                 216                 4
    udp.o                 3 442
    ---------------------------------------------
    Total:               51 882      268      256

shb_l.a: [8]
    exit.o                   20
    ---------------------------------------------
    Total:                   20

    Gaps                     54                 3
    Linker created                    60
-------------------------------------------------
    Grand Total:        104 636    4 893      623


*******************************************************************************
*** ENTRY LIST
***

Entry                      Address    Size  Type      Object
-----                      -------    ----  ----      ------
?main                   0x00000475          Code  Gb  cmain.o [6]
ARP_age                 0x00016501    0x24  Code  Lc  arp.o [7]
ARP_close               0x00016241    0x80  Code  Gb  arp.o [7]
ARP_delete              0x000163b7    0x4c  Code  Lc  arp.o [7]
ARP_do_proxy            0x00016e9b     0x6  Code  Gb  proxyarp.o [7]
ARP_expire              0x00016525    0x6e  Code  Lc  arp.o [7]
ARP_find                0x000162c1    0x28  Code  Lc  arp.o [7]
ARP_freelist            0x1fff0238     0x4  Data  Gb  arpinit.o [7]
ARP_gratuitous_send     0x00016709   0x108  Code  Lc  arp.o [7]
ARP_init                0x0000fb19    0x10  Code  Gb  arpinit.o [7]
ARP_insert              0x00016305    0xb2  Code  Lc  arp.o [7]
ARP_is_complete         0x000162e9    0x1c  Code  Gb  arp.o [7]
ARP_open                0x000161b9    0x88  Code  Gb  arp.o [7]
ARP_request             0x00016811    0x6a  Code  Gb  arp.o [7]
ARP_resolve             0x00016593   0x176  Code  Gb  arp.o [7]
ARP_send                0x00016405    0xfa  Code  Lc  arp.o [7]
ARP_service             0x0001687b   0x2dc  Code  Gb  arp.o [7]
BOOT_close              0x000185d7    0x2a  Code  Gb  bootcomm.o [7]
BOOT_count              0x1fff023c     0x4  Data  Gb  bootinit.o [7]
BOOT_init               0x0000fb29    0x18  Code  Gb  bootinit.o [7]
BOOT_open               0x000185a9    0x2e  Code  Gb  bootcomm.o [7]
BOOT_port               0x1fff0240     0x4  Data  Gb  bootinit.o [7]
BOOT_send               0x00018601    0x16  Code  Gb  bootcomm.o [7]
Broad_Cast_Port         0x1fff000c     0x4  Data  Gb  config_parameter.o [1]
Btn_Cfg                 0x1fff0118    0x10  Data  Gb  gpio_with_config.o [1]
Btn_Cfg_Value           0x1fff025e     0x1  Data  Gb  gpio_with_config.o [1]
Btn_Rst                 0x1fff0128    0x10  Data  Gb  gpio_with_config.o [1]
Btn_Rst_Value           0x1fff025f     0x1  Data  Gb  gpio_with_config.o [1]
C1_Baud_Buffer          0x0001a334    0x18  Data  Gb  shell_at.o [1]
C1_Cli_Ip1_Buffer       0x0001a3d0    0x1c  Data  Gb  shell_at.o [1]
C1_Cli_Ip2_Buffer       0x0001a408    0x1c  Data  Gb  shell_at.o [1]
C1_Cli_Ip3_Buffer       0x0001a440    0x1c  Data  Gb  shell_at.o [1]
C1_Cli_Ip4_Buffer       0x0001a478    0x1c  Data  Gb  shell_at.o [1]
C1_Cli_Pp1_Buffer       0x0001a3b4    0x1c  Data  Gb  shell_at.o [1]
C1_Cli_Pp2_Buffer       0x0001a3ec    0x1c  Data  Gb  shell_at.o [1]
C1_Cli_Pp3_Buffer       0x0001a424    0x1c  Data  Gb  shell_at.o [1]
C1_Cli_Pp4_Buffer       0x0001a45c    0x1c  Data  Gb  shell_at.o [1]
C1_DataB_Buffer         0x0001a34c    0x18  Data  Gb  shell_at.o [1]
C1_Link_Num_Buffer      0x0001a398    0x1c  Data  Gb  shell_at.o [1]
C1_Op_Buffer            0x0001a304    0x18  Data  Gb  shell_at.o [1]
C1_Parity_Buffer        0x0001a37c    0x1c  Data  Gb  shell_at.o [1]
C1_Port_Buffer          0x0001a31c    0x18  Data  Gb  shell_at.o [1]
C1_StopB_Buffer         0x0001a364    0x18  Data  Gb  shell_at.o [1]
CFMPROTROM$$Base        0x00000400           --   Gb  - Linker created -
CFMPROTROM$$Limit       0x00000414           --   Gb  - Linker created -
Cfg_Port                0x1fff0008     0x4  Data  Gb  config_parameter.o [1]
Cfg_Socket_Num          0x1fff0268     0x1  Data  Gb  tcp_cfg.o [1]
ClockConfigurationID    0x1fff026a     0x1  Data  Lc  bsp_cm.o [3]
Cmd_Port                0x1fff0004     0x4  Data  Gb  config_parameter.o [1]
Cmd_Port_Buffer         0x0001a2d8    0x18  Data  Gb  shell_at.o [1]
Cpu_GetClockConfiguration
                        0x00001087     0x8  Code  Gb  bsp_cm.o [3]
Cpu_GetCurrentMCGMode   0x00000ec3    0x46  Code  Lc  bsp_cm.o [3]
Cpu_MCGAutoTrim         0x00000ae7    0x6e  Code  Gb  bsp_cm.o [3]
Cpu_SetClockConfiguration
                        0x00000f09   0x17e  Code  Gb  bsp_cm.o [3]
Cpu_SetMCG              0x00000e3f    0x84  Code  Lc  bsp_cm.o [3]
Cpu_SetMCGModeBLPI      0x00000d33    0x36  Code  Lc  bsp_cm.o [3]
Cpu_SetMCGModeFBE       0x00000c5d    0xd6  Code  Lc  bsp_cm.o [3]
Cpu_SetMCGModeFBI       0x00000d69    0xd6  Code  Lc  bsp_cm.o [3]
Cpu_SetMCGModePBE       0x00000ba7    0xb6  Code  Lc  bsp_cm.o [3]
Cpu_SetMCGModePEE       0x00000b55    0x52  Code  Lc  bsp_cm.o [3]
DHCPCLNT_bind_attempt_timeout
                        0x00017cb1    0x5c  Code  Lc  dhcpclnt.o [7]
DHCPCLNT_copy_binding   0x00017f71    0x38  Code  Lc  dhcpclnt.o [7]
DHCPCLNT_decline        0x00017d0d    0x32  Code  Lc  dhcpclnt.o [7]
DHCPCLNT_fill_header    0x0001724d    0xf2  Code  Lc  dhcpclnt.o [7]
DHCPCLNT_fill_options   0x0001733f   0x2e8  Code  Lc  dhcpclnt.o [7]
DHCPCLNT_find_option    0x00008afd    0x1a  Code  Gb  dhcputil.o [7]
DHCPCLNT_init           0x00017111    0x66  Code  Gb  dhcpclnt.o [7]
DHCPCLNT_modify_options
                        0x00017673   0x14e  Code  Lc  dhcpclnt.o [7]
DHCPCLNT_open           0x00017627    0x4c  Code  Lc  dhcpclnt.o [7]
DHCPCLNT_parse_offer    0x00017dad   0x1ba  Code  Lc  dhcpclnt.o [7]
DHCPCLNT_probe_address  0x00018597    0x12  Code  Gb  dhcpclnt.o [7]
DHCPCLNT_rebind_lease   0x00017aed    0x72  Code  Lc  dhcpclnt.o [7]
DHCPCLNT_release        0x000089c9    0x12  Code  Gb  ifdhcp.o [7]
DHCPCLNT_release_internal
                        0x00017d3f    0x6c  Code  Gb  dhcpclnt.o [7]
DHCPCLNT_renew_lease    0x00017b61    0x78  Code  Lc  dhcpclnt.o [7]
DHCPCLNT_send           0x000177c1   0x2e2  Code  Gb  dhcpclnt.o [7]
DHCPCLNT_send_one_shot  0x00017aa3    0x4a  Code  Lc  dhcpclnt.o [7]
DHCPCLNT_service        0x000184c7    0xb0  Code  Gb  dhcpclnt.o [7]
DHCPCLNT_service_ack    0x000182ab   0x194  Code  Lc  dhcpclnt.o [7]
DHCPCLNT_service_nak    0x0001846d    0x5a  Code  Lc  dhcpclnt.o [7]
DHCPCLNT_service_offer  0x00018123    0x8e  Code  Lc  dhcpclnt.o [7]
DHCPCLNT_set_timed_events
                        0x000181b1    0xfa  Code  Lc  dhcpclnt.o [7]
DHCPCLNT_start          0x00017177    0xd6  Code  Gb  dhcpclnt.o [7]
DHCPCLNT_terminate_lease
                        0x00017bd9    0xd8  Code  Lc  dhcpclnt.o [7]
DHCPCLNT_verify_address
                        0x00018577    0x20  Code  Lc  dhcpclnt.o [7]
DHCPCLNT_verify_packet  0x00017fa9   0x17a  Code  Lc  dhcpclnt.o [7]
DHCP_find_option        0x00008b17    0x58  Code  Gb  dhcputil.o [7]
DHCP_option_variable    0x00008b6f    0x42  Code  Gb  dhcputil.o [7]
Dns_Buffer              0x0001a280    0x14  Data  Gb  shell_at.o [1]
ENET_0                  0x0001a9ec    0x10  Data  Gb  init_enet.o [3]
ENET_Dequeue_Buffer     0x00008d23     0xe  Code  Gb  enutil.o [3]
ENET_Enqueue_Buffer     0x00008d1b     0x8  Code  Gb  enutil.o [3]
ENET_close              0x00016c01    0xa0  Code  Gb  enclose.o [3]
ENET_default_params     0x0001a9fc    0x24  Data  Gb  init_enet.o [3]
ENET_find_receiver      0x00019245   0x15a  Code  Gb  enrecv.o [3]
ENET_get_MTU            0x00008d55    0x26  Code  Gb  enutil.o [3]
ENET_get_address        0x00016ca1    0x1e  Code  Gb  enaddr.o [3]
ENET_initialize         0x00008ca5    0x26  Code  Gb  eninit.o [3]
ENET_initialize_ex      0x00008bb1    0xf4  Code  Gb  eninit.o [3]
ENET_max_framesize      0x00008d31    0x24  Code  Gb  enutil.o [3]
ENET_open               0x00016b69    0x98  Code  Gb  enopen.o [3]
ENET_send               0x00016d23   0x178  Code  Gb  ensend.o [3]
ENET_shutdown           0x00008cd1    0x4a  Code  Gb  enstop.o [3]
Echo_Buffer             0x0001a2f0    0x14  Data  Gb  shell_at.o [1]
Echo_En                 0x1fff0010     0x1  Data  Gb  shell_at.o [1]
Enet_Device             0x1fff0078    0x70  Data  Gb  config_parameter.o [1]
Error0_Buffer           0x0001a138    0x20  Data  Gb  shell_at.o [1]
Error1_Buffer           0x0001a158    0x18  Data  Gb  shell_at.o [1]
Error2_Buffer           0x0001a170    0x1c  Data  Gb  shell_at.o [1]
Error_Buffer            0x0001a12c     0xc  Data  Gb  shell_at.o [1]
FLASHX_POOL$$Base       0x0001b000           --   Gb  - Linker created -
FLASHX_POOL$$Limit      0x0001b001           --   Gb  - Linker created -
Flash_Read              0x00005b1f    0x24  Code  Gb  flash.o [1]
Flash_Write             0x00005b43    0x48  Code  Gb  flash.o [1]
GateWay_Buffer          0x0001a268    0x18  Data  Gb  shell_at.o [1]
Get_Parameter_Data      0x0000581f   0x270  Code  Gb  config_parameter.o [1]
Global_Name             0x1fff0104    0x10  Data  Gb  config_parameter.o [1]
Global_Password         0x1fff00f4    0x10  Data  Gb  config_parameter.o [1]
Gpio_Init               0x00005ce1    0xc4  Code  Gb  gpio_with_config.o [1]
ICMP_init               0x0000f33d    0x3e  Code  Gb  icmp.o [7]
ICMP_send_error         0x0000fae1    0x38  Code  Gb  icmp.o [7]
ICMP_send_error_internal
                        0x0000f7dd   0x304  Code  Gb  icmp.o [7]
ICMP_service            0x0000f37d   0x45a  Code  Gb  icmp.o [7]
IF_FREE                 0x1fff0244     0x4  Data  Gb  ipif_add.o [7]
IPE_close               0x00015e13    0x4a  Code  Gb  ip-e.o [7]
IPE_open                0x00015d61    0xb2  Code  Gb  ip-e.o [7]
IPE_recv                0x00015e5d   0x168  Code  Gb  ip-e.o [7]
IPE_recv_ARP            0x00015fd9    0x12  Code  Gb  ip-e.o [7]
IPE_recv_IP             0x00015fc5    0x12  Code  Gb  ip-e.o [7]
IPE_send                0x00015ff5    0x8c  Code  Gb  ip-e.o [7]
IPE_send_ARP_bcast      0x0001614b    0x48  Code  Gb  ip-e.o [7]
IPE_send_ARP_ucast      0x00016193    0x24  Code  Gb  ip-e.o [7]
IPE_send_IP             0x00016081    0xb2  Code  Gb  ip-e.o [7]
IPE_send_IP_ucast       0x00016133    0x18  Code  Gb  ip-e.o [7]
IPIF_add                0x00016eed    0xbc  Code  Gb  ipif_add.o [7]
IPIF_bind               0x00016fa9    0x7e  Code  Gb  ipif_add.o [7]
IPIF_bind_finish        0x00017027    0x68  Code  Gb  ipif_add.o [7]
IPIF_gate_add           0x00017099    0x3c  Code  Gb  ipif_add.o [7]
IPIF_gate_add_redirect  0x000170d5    0x3c  Code  Gb  ipif_add.o [7]
IPIF_gate_remove        0x0001868b    0x22  Code  Gb  ipif_rem.o [7]
IPIF_remove             0x00018621    0x2e  Code  Gb  ipif_rem.o [7]
IPIF_unbind             0x00018655    0x36  Code  Gb  ipif_rem.o [7]
IPLOCAL_close           0x0000fbe5     0x6  Code  Gb  iplocal.o [7]
IPLOCAL_init            0x0000fd25    0x2c  Code  Gb  iplocal.o [7]
IPLOCAL_open            0x0000fbc3    0x22  Code  Gb  iplocal.o [7]
IPLOCAL_send            0x0000fbeb    0x96  Code  Gb  iplocal.o [7]
IPLOCAL_service         0x0000fc81    0xa4  Code  Gb  iplocal.o [7]
IPRADIX_findbest        0x00010bfb    0x74  Code  Gb  ipradix.o [7]
IPRADIX_init            0x00010be1    0x1a  Code  Gb  ipradix.o [7]
IPRADIX_insert          0x00010c6f   0x19e  Code  Gb  ipradix.o [7]
IPRADIX_walk            0x00010e0d    0x84  Code  Gb  ipradix.o [7]
IP_MTU                  0x00010ae7    0x2a  Code  Gb  iputil.o [7]
IP_MTU_test             0x00010a7b    0x6c  Code  Lc  iputil.o [7]
IP_Sum_PCB              0x000107f5    0x62  Code  Gb  checksum.o [7]
IP_Sum_immediate        0x000107dd    0x18  Code  Gb  checksum.o [7]
IP_Sum_pseudo           0x00010857    0x38  Code  Gb  checksum.o [7]
IP_complete_recv        0x0000edf5   0x176  Code  Gb  ip.o [7]
IP_complete_send        0x0000e8f5   0x2a0  Code  Gb  ip.o [7]
IP_dest                 0x0000f31f    0x1c  Code  Gb  ip.o [7]
IP_get_ipif_addr        0x00010985    0x26  Code  Gb  iputil.o [7]
IP_get_ipif_addr_test   0x0001094b    0x3a  Code  Lc  iputil.o [7]
IP_get_netmask          0x00010911    0x3a  Code  Gb  iputil.o [7]
IP_get_netmask_test     0x000108d9    0x38  Code  Lc  iputil.o [7]
IP_init                 0x0000e78d    0x92  Code  Gb  ip.o [7]
IP_is_gate              0x00010a53    0x28  Code  Gb  iputil.o [7]
IP_is_gate_test         0x00010a23    0x30  Code  Lc  iputil.o [7]
IP_is_local             0x000109ed    0x36  Code  Gb  iputil.o [7]
IP_is_local_test        0x000109ab    0x42  Code  Lc  iputil.o [7]
IP_open                 0x0000fb41    0x82  Code  Gb  iplocal.o [7]
IP_route                0x000106c1    0xe8  Code  Gb  iproute.o [7]
IP_route_add_direct     0x0000fe9d    0xbc  Code  Gb  iproute.o [7]
IP_route_add_indirect   0x00010047    0xaa  Code  Gb  iproute.o [7]
IP_route_add_indirect_sort
                        0x0000ffbb    0x8c  Code  Lc  iproute.o [7]
IP_route_delete         0x0000fde9    0xb4  Code  Lc  iproute.o [7]
IP_route_delete_direct_test
                        0x0000ff59    0x1a  Code  Lc  iproute.o [7]
IP_route_delete_indirect_all
                        0x000100f1    0x94  Code  Lc  iproute.o [7]
IP_route_delete_indirect_test
                        0x00010185    0x26  Code  Lc  iproute.o [7]
IP_route_find           0x00010b75    0x52  Code  Gb  iputil.o [7]
IP_route_find_test      0x00010b11    0x64  Code  Lc  iputil.o [7]
IP_route_init           0x0000fd5d    0x18  Code  Gb  iproute.o [7]
IP_route_insert         0x0000fd75    0x74  Code  Lc  iproute.o [7]
IP_route_local          0x0001028f    0x96  Code  Gb  iproute.o [7]
IP_route_local_test     0x00010223    0x6c  Code  Lc  iproute.o [7]
IP_route_multi          0x00010461    0x6e  Code  Gb  iproute.o [7]
IP_route_multi_test     0x00010325   0x13c  Code  Lc  iproute.o [7]
IP_route_remove_direct  0x0000ff73    0x48  Code  Gb  iproute.o [7]
IP_route_remove_indirect
                        0x000101ab    0x78  Code  Gb  iproute.o [7]
IP_route_test           0x000104cf   0x1f2  Code  Lc  iproute.o [7]
IP_send                 0x0000e81f    0x8e  Code  Gb  ip.o [7]
IP_send_IF              0x0000e8ad    0x46  Code  Gb  ip.o [7]
IP_send_dgram           0x0000ef7d   0x386  Code  Gb  ip.o [7]
IP_service              0x0000eb95   0x25e  Code  Gb  ip.o [7]
IP_source               0x0000f303    0x1c  Code  Gb  ip.o [7]
Init_Default_Parameter  0x00005ad9    0x1a  Code  Gb  config_parameter.o [1]
Inside_Flash_File       0x1fff0114     0x4  Data  Gb  flash.o [1]
Inside_Flash_Init       0x00005af5    0x2a  Code  Gb  flash.o [1]
Ip_Buffer               0x0001a240    0x14  Data  Gb  shell_at.o [1]
Ip_Get_Mode             0x1fff025d     0x1  Data  Gb  config_parameter.o [1]
Ip_Mode_Buffer          0x0001a2a8    0x18  Data  Gb  shell_at.o [1]
KERNEL_DATA$$Base       0x1fff0270           --   Gb  - Linker created -
KERNEL_DATA$$Limit      0x1fff0274           --   Gb  - Linker created -
LDD_SetClockConfiguration
                        0x00000ae5     0x2  Code  Gb  bsp_cm.o [3]
LWDNS_server_ipaddr     0x1fff0234     0x4  Data  Gb  resolver.o [7]
Led                     0x1fff0138    0x10  Data  Gb  gpio_with_config.o [1]
List_Buffer0            0x0001a494    0x20  Data  Gb  shell_at.o [1]
List_Buffer1            0x0001a4b4    0x2c  Data  Gb  shell_at.o [1]
List_Buffer10           0x0001a618    0x3c  Data  Gb  shell_at.o [1]
List_Buffer11           0x0001a654    0x34  Data  Gb  shell_at.o [1]
List_Buffer12           0x0001a688    0x38  Data  Gb  shell_at.o [1]
List_Buffer13           0x0001a6c0    0x2c  Data  Gb  shell_at.o [1]
List_Buffer14           0x0001a6ec    0x38  Data  Gb  shell_at.o [1]
List_Buffer15           0x0001a724    0x3c  Data  Gb  shell_at.o [1]
List_Buffer16           0x0001a760    0x3c  Data  Gb  shell_at.o [1]
List_Buffer17           0x0001a79c    0x34  Data  Gb  shell_at.o [1]
List_Buffer18           0x0001a7d0    0x28  Data  Gb  shell_at.o [1]
List_Buffer19           0x0001a7f8    0x34  Data  Gb  shell_at.o [1]
List_Buffer2            0x0001a4e0    0x24  Data  Gb  shell_at.o [1]
List_Buffer20           0x0001a82c    0x3c  Data  Gb  shell_at.o [1]
List_Buffer21           0x0001a868    0x2c  Data  Gb  shell_at.o [1]
List_Buffer4            0x0001a504    0x3c  Data  Gb  shell_at.o [1]
List_Buffer5            0x0001a540    0x34  Data  Gb  shell_at.o [1]
List_Buffer6            0x0001a574    0x24  Data  Gb  shell_at.o [1]
List_Buffer7            0x0001a598    0x2c  Data  Gb  shell_at.o [1]
List_Buffer8            0x0001a5c4    0x24  Data  Gb  shell_at.o [1]
List_Buffer9            0x0001a5e8    0x30  Data  Gb  shell_at.o [1]
Login_Ok_Buffer         0x0001a18c    0x18  Data  Gb  shell_at.o [1]
Logined                 0x1fff0266     0x1  Data  Gb  shell_at.o [1]
MACNET_IF               0x0001aad4    0x20  Data  Gb  macnet_init.o [3]
MACNET_RX_ISR           0x0001902d    0x30  Code  Gb  macnet_receive.o [3]
MACNET_TX_ISR           0x00019a81    0x36  Code  Gb  macnet_send.o [3]
MACNET_add_buffers_to_rx_ring
                        0x00018c2d    0x8c  Code  Gb  macnet_receive.o [3]
MACNET_device           0x0001a9d8    0x14  Data  Gb  init_enet.o [3]
MACNET_discard_current_rx
                        0x00018cb9    0x50  Code  Lc  macnet_receive.o [3]
MACNET_free_context     0x00019205    0x40  Code  Gb  macnet_util.o [3]
MACNET_get_base_address
                        0x00018b71     0xe  Code  Gb  macnet_mk60.o [3]
MACNET_get_vector       0x000191d7    0x20  Code  Gb  macnet_util.o [3]
MACNET_initialize       0x000186ad   0x4c4  Code  Gb  macnet_init.o [3]
MACNET_install_isr      0x0001905d    0x66  Code  Gb  macnet_util.o [3]
MACNET_install_isrs     0x000190c3    0x6e  Code  Gb  macnet_util.o [3]
MACNET_io_init          0x00018b85    0x10  Code  Gb  macnet_mk60.o [3]
MACNET_join             0x000193a1    0x9c  Code  Gb  macnet_join.o [3]
MACNET_mask_interrupts  0x00019131    0x24  Code  Gb  macnet_util.o [3]
MACNET_mii_enabled      0x0001943d    0x12  Code  Lc  macnet_mii.o [3]
MACNET_process_rx_bds   0x00018d09   0x318  Code  Lc  macnet_receive.o [3]
MACNET_process_tx_bds   0x000199a1    0xe0  Code  Lc  macnet_send.o [3]
MACNET_read_mii         0x000194e9    0x30  Code  Gb  macnet_mii.o [3]
MACNET_read_write_mii   0x0001944f    0x94  Code  Lc  macnet_mii.o [3]
MACNET_rejoin           0x00019781    0x60  Code  Gb  macnet_rejoin.o [3]
MACNET_rx_free          0x00018bf3    0x3a  Code  Lc  macnet_receive.o [3]
MACNET_rx_free_large    0x00018bdd    0x16  Code  Lc  macnet_receive.o [3]
MACNET_rx_free_small    0x00018bc7    0x16  Code  Lc  macnet_receive.o [3]
MACNET_rx_free_specific
                        0x00018b95    0x32  Code  Lc  macnet_receive.o [3]
MACNET_send             0x000197e1   0x1c0  Code  Gb  macnet_send.o [3]
MACNET_shutdown         0x00019549    0x4c  Code  Gb  macnet_stop.o [3]
MACNET_uninstall_all_isrs
                        0x000191a9    0x2e  Code  Gb  macnet_util.o [3]
MACNET_uninstall_isr    0x00019155    0x54  Code  Lc  macnet_util.o [3]
MACNET_vectors          0x0001ab08    0x40  Data  Gb  macnet_mk60.o [3]
MACNET_write_mii        0x00019519    0x30  Code  Gb  macnet_mii.o [3]
MCGTransitionMatrix     0x0001aa20    0x1c  Data  Lc  bsp_cm.o [3]
MQX_init_struct         0x0001ab48    0x30  Data  Gb  mqx_init.o [3]
MQX_template_list       0x00019f2c   0x200  Data  Gb  mqx_eth_com_main.o [1]
Mac_Buffer              0x0001a294    0x14  Data  Gb  shell_at.o [1]
Mark_Buffer             0x0001a254    0x14  Data  Gb  shell_at.o [1]
Name_Buffer             0x0001a218    0x14  Data  Gb  shell_at.o [1]
OK_Buffer               0x0001a1a4     0x8  Data  Gb  shell_at.o [1]
OK_Buffer0              0x0001a1ac     0x8  Data  Gb  shell_at.o [1]
PE_CpuClockConfigurations
                        0x0001aa3c    0x78  Data  Gb  bsp_cm.o [3]
PE_low_level_init       0x000011dd    0x7e  Code  Gb  bsp_cm.o [3]
Pass_Buffer             0x0001a22c    0x14  Data  Gb  shell_at.o [1]
ROUTE_new_bindif        0x00010e91    0x24  Code  Gb  route.o [7]
RTCSPCB_alloc           0x0000e325    0x2c  Code  Gb  rtcspcb.o [7]
RTCSPCB_alloc_dup       0x0000e3ff    0x98  Code  Gb  rtcspcb.o [7]
RTCSPCB_alloc_recv      0x0000e3a3    0x5c  Code  Gb  rtcspcb.o [7]
RTCSPCB_alloc_send      0x0000e351    0x52  Code  Gb  rtcspcb.o [7]
RTCSPCB_append_fragment
                        0x0000e6bf    0x5a  Code  Gb  rtcspcb.o [7]
RTCSPCB_append_fragment_autofree
                        0x0000e697    0x28  Code  Gb  rtcspcb.o [7]
RTCSPCB_construct       0x0000e299    0x2e  Code  Lc  rtcspcb.o [7]
RTCSPCB_depend          0x0000e497    0x20  Code  Gb  rtcspcb.o [7]
RTCSPCB_destroy         0x0000e2c7    0x10  Code  Lc  rtcspcb.o [7]
RTCSPCB_fork            0x0000e4b7    0x9a  Code  Gb  rtcspcb.o [7]
RTCSPCB_free_internal   0x0000e551    0xb4  Code  Lc  rtcspcb.o [7]
RTCSPCB_init            0x0000e2d7    0x38  Code  Gb  rtcspcb.o [7]
RTCSPCB_insert_header   0x0000e605    0x38  Code  Gb  rtcspcb.o [7]
RTCSPCB_memcopy         0x0000e719    0x74  Code  Gb  rtcspcb.o [7]
RTCSPCB_next            0x0000e63d    0x36  Code  Gb  rtcspcb.o [7]
RTCSPCB_shrink          0x0000e673    0x24  Code  Gb  rtcspcb.o [7]
RTCS_IF_ENET            0x0001a988     0x4  Data  Gb  ip-e.o [7]
RTCS_IF_LOCALHOST       0x0001a9c8     0x4  Data  Gb  iplocal.o [7]
RTCS_IF_LOCALHOST_PRV   0x1fff0248     0x4  Data  Gb  iplocal.o [7]
RTCS_cmd_complete       0x00006d15    0x1a  Code  Gb  rtcscmd.o [7]
RTCS_cmd_internal       0x00006cff    0x16  Code  Gb  rtcscmd.o [7]
RTCS_cmd_issue          0x00006cad    0x52  Code  Gb  rtcscmd.o [7]
RTCS_cmd_service        0x00006d2f    0x36  Code  Gb  rtcscmd.o [7]
RTCS_create             0x00006b11   0x164  Code  Gb  rtcscmd.o [7]
RTCS_gate_add           0x00008acb    0x20  Code  Gb  ifadd.o [7]
RTCS_gate_remove        0x00008a15    0x20  Code  Gb  ifrem.o [7]
RTCS_geterror           0x00004bdf    0x28  Code  Gb  rtcs.o [7]
RTCS_if_add             0x00008a41    0x30  Code  Gb  ifadd.o [7]
RTCS_if_bind_DHCP       0x00008995    0x34  Code  Gb  ifdhcp.o [7]
RTCS_if_probe_and_bind  0x00008a71    0x5a  Code  Gb  ifadd.o [7]
RTCS_if_remove          0x000089e9    0x14  Code  Gb  ifrem.o [7]
RTCS_if_unbind          0x000089fd    0x18  Code  Gb  ifrem.o [7]
RTCS_log_error          0x00006d91     0x8  Code  Gb  rtcscmd.o [7]
RTCS_mem_alloc          0x00004d91    0x20  Code  Gb  rtcspart.o [7]
RTCS_mem_alloc_system   0x00004dd1    0x20  Code  Gb  rtcspart.o [7]
RTCS_mem_alloc_system_zero
                        0x00004df1    0x20  Code  Gb  rtcspart.o [7]
RTCS_mem_alloc_zero     0x00004db1    0x20  Code  Gb  rtcspart.o [7]
RTCS_part_alloc         0x00004ec3    0x4e  Code  Gb  rtcspart.o [7]
RTCS_part_alloc_zero    0x00004f11    0x1e  Code  Gb  rtcspart.o [7]
RTCS_part_create        0x00004e15    0xae  Code  Gb  rtcspart.o [7]
RTCS_part_destroy       0x00004f4b    0x44  Code  Gb  rtcspart.o [7]
RTCS_part_free          0x00004f2f    0x1c  Code  Gb  rtcspart.o [7]
RTCS_protocol_table     0x0001a9cc     0xc  Data  Gb  rtcsinit.o [7]
RTCS_rand               0x00015c7f    0xc8  Code  Gb  rtcsrand.o [7]
RTCS_rand_seed          0x00015c69    0x16  Code  Gb  rtcsrand.o [7]
RTCS_seterror           0x00006d65    0x2c  Code  Gb  rtcscmd.o [7]
RTCS_setsockerror       0x00004c0d     0x6  Code  Gb  rtcs.o [7]
RTCS_shutdown           0x00004b9d    0x42  Code  Gb  rtcs.o [7]
RTCS_socket             0x00004b4d    0x50  Code  Gb  rtcs.o [7]
RTCS_task               0x00008531    0x18  Code  Lc  rtcstask.o [7]
RTCS_task_create        0x00008549    0x6a  Code  Gb  rtcstask.o [7]
RTCS_task_exit          0x000085cf    0x1a  Code  Gb  rtcstask.o [7]
RTCS_task_resume_creator
                        0x000085b9    0x16  Code  Gb  rtcstask.o [7]
RTCS_time_get           0x0000e275    0x18  Code  Gb  rtcsmsec.o [7]
RTCS_timer_get_interval
                        0x0000e28d     0xc  Code  Gb  rtcsmsec.o [7]
Region$$Table$$Base     0x00019cdc           --   Gb  - Linker created -
Region$$Table$$Limit    0x00019d14           --   Gb  - Linker created -
Reset_Parameter_Data    0x00005a8f    0x24  Code  Gb  config_parameter.o [1]
Rst_Cmd_Set             0x1fff0260     0x1  Data  Gb  gpio_with_config.o [1]
SCI0                    0x1fff00f0     0x4  Data  Gb  config_parameter.o [1]
SOCK_Add_owner          0x00004d89     0x6  Code  Gb  sockutil.o [7]
SOCK_DGRAM_CALL         0x0001a8b0    0x3c  Data  Gb  sdgram.o [7]
SOCK_DGRAM_bind         0x0000d13f    0x6a  Code  Gb  sdgram.o [7]
SOCK_DGRAM_connect      0x0000d1a9    0xa2  Code  Gb  sdgram.o [7]
SOCK_DGRAM_getpeername  0x0000d2a9    0x62  Code  Gb  sdgram.o [7]
SOCK_DGRAM_getsockname  0x0000d24b    0x5e  Code  Gb  sdgram.o [7]
SOCK_DGRAM_recv         0x0000d30b    0x28  Code  Gb  sdgram.o [7]
SOCK_DGRAM_recvfrom     0x0000d333    0xb0  Code  Gb  sdgram.o [7]
SOCK_DGRAM_send         0x0000d3e3    0x2c  Code  Gb  sdgram.o [7]
SOCK_DGRAM_sendto       0x0000d40f    0xe0  Code  Gb  sdgram.o [7]
SOCK_DGRAM_shutdown     0x0000d4ef    0x26  Code  Gb  sdgram.o [7]
SOCK_DGRAM_socket       0x0000d105    0x3a  Code  Gb  sdgram.o [7]
SOCK_Free_sock_struct   0x00004d31    0x52  Code  Gb  sockutil.o [7]
SOCK_Get_sock_struct    0x00004c15   0x10e  Code  Gb  sockutil.o [7]
SOCK_Is_owner           0x00004d83     0x6  Code  Gb  sockutil.o [7]
SOCK_STREAM_CALL        0x0001a8ec    0x3c  Data  Gb  sstream.o [7]
SOCK_STREAM_accept      0x0000d7c5   0x180  Code  Gb  sstream.o [7]
SOCK_STREAM_bind        0x0000d55d    0x78  Code  Gb  sstream.o [7]
SOCK_STREAM_connect     0x0000d5d5   0x116  Code  Gb  sstream.o [7]
SOCK_STREAM_getpeername
                        0x0000db67    0x70  Code  Gb  sstream.o [7]
SOCK_STREAM_getsockname
                        0x0000daf7    0x70  Code  Gb  sstream.o [7]
SOCK_STREAM_listen      0x0000d6eb    0xda  Code  Gb  sstream.o [7]
SOCK_STREAM_recv        0x0000da3b    0xbc  Code  Gb  sstream.o [7]
SOCK_STREAM_send        0x0000d945    0xf6  Code  Gb  sstream.o [7]
SOCK_STREAM_shutdown    0x0000dbd7    0x42  Code  Gb  sstream.o [7]
SOCK_STREAM_socket      0x0000d531    0x2c  Code  Gb  sstream.o [7]
SOCK_select             0x0000dcd5   0x154  Code  Gb  soselset.o [7]
SOCK_select_activity    0x0000de29    0x64  Code  Gb  sosel0.o [7]
SOCK_select_block       0x0000de8d    0x42  Code  Gb  sosel0.o [7]
SOCK_select_expire      0x0000ded1    0x28  Code  Gb  sosel0.o [7]
SOCK_select_unblock     0x00011c27    0x48  Code  Gb  sosel1.o [7]
SOL_TCP_CALL            0x0001a928     0x8  Data  Gb  sotcp.o [7]
SOL_TCP_getsockopt      0x00019595    0x2a  Code  Gb  sotcp.o [7]
SOL_TCP_setsockopt      0x000195bf    0x26  Code  Gb  sotcp.o [7]
SOL_UDP_CALL            0x0001a930     0x8  Data  Gb  soudp.o [7]
SOL_UDP_getsockopt      0x0000dfd1    0x50  Code  Gb  soudp.o [7]
SOL_UDP_setsockopt      0x0000e021    0x50  Code  Gb  soudp.o [7]
Sci0_Parameter          0x1fff00e8     0x8  Data  Gb  config_parameter.o [1]
Socket_Num              0x1fff0269     0x1  Data  Gb  tcp_server.o [1]
Sys_Mode                0x1fff025c     0x1  Data  Gb  config_parameter.o [1]
TCP4_Service_packet     0x000143b7   0x272  Code  Gb  tcp.o [7]
TCPIP_Event_add         0x0000df01    0x42  Code  Gb  timer.o [7]
TCPIP_Event_cancel      0x0000df43    0x30  Code  Gb  timer.o [7]
TCPIP_Event_head        0x1fff024c     0x4  Data  Gb  timer.o [7]
TCPIP_Event_init        0x0000def9     0x8  Code  Gb  timer.o [7]
TCPIP_Event_time        0x0000df73    0x58  Code  Gb  timer.o [7]
TCPIP_fake_tick         0x0000e10d     0x4  Code  Lc  tcpip.o [7]
TCPIP_task              0x0000e111   0x14a  Code  Gb  tcpip.o [7]
TCP_Advance_receive_user
                        0x0001219d    0x1c  Code  Gb  tcp_rcv.o [7]
TCP_Advertise_receive_window
                        0x00012201    0x6c  Code  Gb  tcp_rcv.o [7]
TCP_Clone_tcb           0x00013961   0x14e  Code  Gb  tcp.o [7]
TCP_Close_TCB           0x00011e35   0x128  Code  Gb  tcp_clos.o [7]
TCP_Copy_from_buffer    0x000158b9    0xd6  Code  Gb  tcp_buf.o [7]
TCP_Copy_from_ring      0x00015845    0x74  Code  Gb  tcp_buf.o [7]
TCP_Copy_to_Rbuffer     0x0001598f   0x210  Code  Gb  tcp_buf.o [7]
TCP_Copy_to_ring        0x000157d1    0x74  Code  Gb  tcp_buf.o [7]
TCP_Event               0x00012e29    0x2c  Code  Gb  tcp.o [7]
TCP_Free_TCB            0x00011d61    0x76  Code  Gb  tcp_clos.o [7]
TCP_Init                0x00012d65    0xc4  Code  Gb  tcp.o [7]
TCP_Must_send_ack       0x00012155    0x48  Code  Gb  tcp_rcv.o [7]
TCP_Process_RTT_measure
                        0x000146d9    0xde  Code  Gb  tcp_send.o [7]
TCP_Process_abort       0x000120a3    0xaa  Code  Gb  tcp_clos.o [7]
TCP_Process_accept      0x00013573    0xae  Code  Gb  tcp.o [7]
TCP_Process_ack         0x0001547d   0x354  Code  Gb  tcp_send.o [7]
TCP_Process_bind        0x00012eb5   0x138  Code  Gb  tcp.o [7]
TCP_Process_close       0x00011fab    0xf8  Code  Gb  tcp_clos.o [7]
TCP_Process_create      0x00012e55    0x60  Code  Gb  tcp.o [7]
TCP_Process_data        0x00012681   0x2ea  Code  Gb  tcp_rcv.o [7]
TCP_Process_effective_close
                        0x00011f5d    0x4e  Code  Gb  tcp_clos.o [7]
TCP_Process_open        0x00012fed   0x586  Code  Gb  tcp.o [7]
TCP_Process_packet      0x00013aaf   0x908  Code  Gb  tcp.o [7]
TCP_Process_receive     0x000125cd    0xae  Code  Gb  tcp_rcv.o [7]
TCP_Process_release     0x00011dd7    0x5e  Code  Gb  tcp_clos.o [7]
TCP_Process_send        0x00015249   0x22a  Code  Gb  tcp_send.o [7]
TCP_Process_signal      0x00013621   0x23a  Code  Gb  tcp.o [7]
TCP_Reply_receive       0x0001229d    0xd2  Code  Gb  tcp_rcv.o [7]
TCP_Return_open         0x00013881    0xe0  Code  Gb  tcp.o [7]
TCP_Send_IP_packet      0x000147b7    0x42  Code  Gb  tcp_send.o [7]
TCP_Send_keepalive      0x00014eaf    0x72  Code  Gb  tcp_send.o [7]
TCP_Send_packet         0x000147f9   0x436  Code  Gb  tcp_send.o [7]
TCP_Send_reply_reset    0x00014c2f   0x196  Code  Gb  tcp_send.o [7]
TCP_Send_reset          0x00014dc5    0xea  Code  Gb  tcp_send.o [7]
TCP_Setup_receive       0x000123bd   0x210  Code  Gb  tcp_rcv.o [7]
TCP_Start_receiving     0x0001226d    0x30  Code  Gb  tcp_rcv.o [7]
TCP_Start_sending       0x000151f9    0x50  Code  Gb  tcp_send.o [7]
TCP_Test_done_receive   0x0001236f    0x4e  Code  Gb  tcp_rcv.o [7]
TCP_Tick_server         0x00012c53   0x112  Code  Gb  ticker.o [7]
TCP_Timer_advance       0x00012b53    0xac  Code  Gb  ticker.o [7]
TCP_Timer_expire        0x000129f5    0x2c  Code  Gb  ticker.o [7]
TCP_Timer_oneshot_max   0x00012bff    0x54  Code  Gb  ticker.o [7]
TCP_Timer_remove        0x00012a21    0x50  Code  Gb  ticker.o [7]
TCP_Timer_schedule      0x0001296b    0x8a  Code  Gb  ticker.o [7]
TCP_Timer_start         0x00012ac3    0x90  Code  Gb  ticker.o [7]
TCP_Timer_stop          0x00012a71    0x52  Code  Gb  ticker.o [7]
TCP_Transmit            0x00014f21   0x2d8  Code  Gb  tcp_send.o [7]
TCP_Truncate_receive_chunks
                        0x000121b9    0x48  Code  Gb  tcp_rcv.o [7]
TCP_Update_send_window  0x00014629    0xb0  Code  Gb  tcp_send.o [7]
TCP_Use_ringbuffer      0x00015b9f    0xc8  Code  Gb  tcp_buf.o [7]
TCP_tick                0x1fff0214     0x4  Data  Gb  tcpip.o [7]
TEXTSECTION$$Base       0x00000420           --   Gb  - Linker created -
TEXTSECTION$$Limit      0x00019ab6           --   Gb  - Linker created -
Tcp_Client_Sock         0x1fff014c    0x10  Data  Gb  tcp_client.o [1]
Tcp_Connect_Mark        0x1fff015c     0x4  Data  Gb  tcp_client.o [1]
Tcp_Server_Sock         0x1fff0160    0x10  Data  Gb  tcp_server.o [1]
Type_Buffer             0x0001a1f4    0x24  Data  Gb  shell_at.o [1]
UDP_bind                0x00011001   0x1c4  Code  Gb  udp.o [7]
UDP_close               0x00011af1   0x126  Code  Gb  udp.o [7]
UDP_close_internal      0x00010f69    0x22  Code  Gb  udp.o [7]
UDP_connect             0x000111c5   0x164  Code  Gb  udp.o [7]
UDP_getopt              0x0000e071    0x3e  Code  Gb  soudp.o [7]
UDP_init                0x00010eb5    0x60  Code  Gb  udp.o [7]
UDP_open                0x00010f8d    0x74  Code  Gb  udp.o [7]
UDP_openbind_internal   0x00010f15    0x54  Code  Gb  udp.o [7]
UDP_process             0x00011a3f    0xae  Code  Gb  udp.o [7]
UDP_receive             0x00011329    0xc0  Code  Gb  udp.o [7]
UDP_send                0x000113e9   0x18c  Code  Gb  udp.o [7]
UDP_send_IF             0x00011643    0xd2  Code  Gb  udp.o [7]
UDP_send_internal       0x00011575    0xce  Code  Gb  udp.o [7]
UDP_service             0x00011715   0x32a  Code  Gb  udp.o [7]
UDP_setopt              0x0000e0b1    0x5c  Code  Gb  soudp.o [7]
UDP_source              0x00011c17    0x10  Code  Gb  udp.o [7]
USER_DEFAULT_MEMORY$$Base
                        0x1fff0000           --   Gb  - Linker created -
USER_DEFAULT_MEMORY$$Limit
                        0x1fff026b           --   Gb  - Linker created -
USER_MEMORY$$Base       0x1fff0000           --   Gb  - Linker created -
USER_MEMORY$$Limit      0x1fff026b           --   Gb  - Linker created -
Udp_Connect_Sock        0x1fff0170    0x10  Data  Gb  udp_connect.o [1]
Web_Port                0x1fff0000     0x4  Data  Gb  config_parameter.o [1]
Web_Port_Buffer         0x0001a2c0    0x18  Data  Gb  shell_at.o [1]
_DHCP_broadcast         0x1fff022c     0x4  Data  Gb  rtcsglob.o [7]
_IP_forward             0x1fff021c     0x4  Data  Gb  rtcsglob.o [7]
_RTCSPCB_grow           0x1fff0034     0x4  Data  Gb  rtcsglob.o [7]
_RTCSPCB_init           0x1fff0030     0x4  Data  Gb  rtcsglob.o [7]
_RTCSPCB_max            0x1fff0038     0x4  Data  Gb  rtcsglob.o [7]
_RTCSQUEUE_base         0x1fff002c     0x4  Data  Gb  rtcsglob.o [7]
_RTCSTASK_priority      0x1fff003c     0x4  Data  Gb  rtcsglob.o [7]
_RTCSTASK_stacksize     0x1fff0040     0x4  Data  Gb  rtcsglob.o [7]
_RTCS_dhcp_term_timeout
                        0x1fff0060     0x4  Data  Gb  rtcsglob.o [7]
_RTCS_initialized       0x1fff0218     0x4  Data  Gb  rtcsglob.o [7]
_RTCS_mem_pool          0x1fff0230     0x4  Data  Gb  rtcsglob.o [7]
_RTCS_msgpool_grow      0x1fff004c     0x4  Data  Gb  rtcsglob.o [7]
_RTCS_msgpool_init      0x1fff0048     0x4  Data  Gb  rtcsglob.o [7]
_RTCS_msgpool_max       0x1fff0050     0x4  Data  Gb  rtcsglob.o [7]
_RTCS_select            0x0000dc3d    0x3e  Code  Gb  soselset.o [7]
_RTCS_selectset         0x0000dc7b    0x58  Code  Gb  soselset.o [7]
_RTCS_socket_part_grow  0x1fff0058     0x4  Data  Gb  rtcsglob.o [7]
_RTCS_socket_part_init  0x1fff0054     0x4  Data  Gb  rtcsglob.o [7]
_RTCS_socket_part_max   0x1fff005c     0x4  Data  Gb  rtcsglob.o [7]
_SOCK_select_signal     0x00011c6f    0xf2  Code  Gb  sosel1.o [7]
_TCP_bypass_rx          0x1fff0220     0x4  Data  Gb  rtcsglob.o [7]
_TCP_bypass_tx          0x1fff0224     0x4  Data  Gb  rtcsglob.o [7]
_TCP_rto_min            0x1fff0228     0x4  Data  Gb  rtcsglob.o [7]
_UDP_max_queue_size     0x1fff0044     0x4  Data  Gb  rtcsglob.o [7]
__BOOT_STACK_ADDRESS {Abs}
                        0x2000fef0           --   Gb  command line/config [2]
__DEFAULT_INTERRUPT_STACK_SIZE {Abs}
                        0x00000400           --   Gb  command line/config [2]
__DEFAULT_PROCESSOR_NUMBER {Abs}
                        0x00000001           --   Gb  command line/config [2]
__EXTERNAL_LCD_BASE {Abs}
                        0x60000000           --   Gb  command line/config [2]
__EXTERNAL_LCD_DC_BASE {Abs}
                        0x60010000           --   Gb  command line/config [2]
__EXTERNAL_LCD_SIZE {Abs}
                        0x0001ffff           --   Gb  command line/config [2]
__EXTERNAL_MRAM_RAM_BASE {Abs}
                        0x70000000           --   Gb  command line/config [2]
__EXTERNAL_MRAM_RAM_SIZE {Abs}
                        0x00080000           --   Gb  command line/config [2]
__EXTERNAL_MRAM_ROM_BASE {Abs}
                        0x70000000           --   Gb  command line/config [2]
__EXTERNAL_MRAM_ROM_SIZE {Abs}
                        0x00000000           --   Gb  command line/config [2]
__FLASHX_END_ADDR {Abs}
                        0x00080000           --   Gb  command line/config [2]
__FLASHX_SECT_SIZE {Abs}
                        0x00000800           --   Gb  command line/config [2]
__FLASHX_START_ADDR     0x0001b000     0x1  Data  Gb  vectors.o [3]
__INTERNAL_FLASH_BASE {Abs}
                        0x00000000           --   Gb  command line/config [2]
__INTERNAL_FLASH_SIZE {Abs}
                        0x00080000           --   Gb  command line/config [2]
__INTERNAL_FLEXNVM_BASE {Abs}
                        0x00000000           --   Gb  command line/config [2]
__INTERNAL_FLEXNVM_SIZE {Abs}
                        0x00000000           --   Gb  command line/config [2]
__KERNEL_DATA_END {Abs}
                        0x2000fff0           --   Gb  command line/config [2]
__KERNEL_DATA_START     0x1fff0270          Data  Gb  kernel_symbols.o [5]
__USER_HEAP_END {Abs}   0x00000000           --   Gb  command line/config [2]
__USER_HEAP_START {Abs}
                        0x00001fa0           --   Gb  command line/config [2]
__VECTOR_TABLE_RAM_START {Abs}
                        0x1fff0000           --   Gb  command line/config [2]
__VECTOR_TABLE_ROM_START {Abs}
                        0x00000000           --   Gb  command line/config [2]
__aeabi_errno_addr      0x0000cc01     0x6  Code  Gb  errno.o [4]
__aeabi_ldiv0           0x0000491d          Code  Gb  I64DivZer.o [6]
__aeabi_ldivmod         0x00004549          Code  Gb  I64DivMod.o [6]
__aeabi_memcpy          0x00001675          Code  Gb  ABImemcpy.o [6]
__aeabi_memcpy4         0x00001695          Code  Gb  ABImemcpy.o [6]
__aeabi_memcpy8         0x00001695          Code  Gb  ABImemcpy.o [6]
__aeabi_memset          0x00002e05          Code  Gb  ABImemset.o [6]
__aeabi_uldivmod        0x0000458d          Code  Gb  I64DivMod.o [6]
__boot                  0x00000421           --   Gb  boot.o [5]
__cmain                 0x00000475          Code  Gb  cmain.o [6]
__exit                  0x00002dd5    0x14  Code  Gb  exit.o [8]
__get_MSP               0x00019cb3           --   Gb  dispatch.o [5]
__get_PSP               0x00019cad           --   Gb  dispatch.o [5]
__get_PSR               0x00019cbf           --   Gb  dispatch.o [5]
__iar_Errno             0x1fff0258     0x4  Data  Gb  errno.o [4]
__iar_Memchr            0x0000cba9          Code  Gb  memchr.o [6]
__iar_Memset            0x00002e05          Code  Gb  ABImemset.o [6]
__iar_Memset_word       0x00002e0d          Code  Gb  ABImemset.o [6]
__iar_Stoul             0x0000cb53     0x4  Code  Gb  xstoul.o [4]
__iar_Stoulx            0x0000ca35   0x118  Code  Gb  xstoul.o [4]
__iar_copy_init3        0x00001647    0x2e  Code  Gb  copy_init3.o [6]
__iar_data_init3        0x00000495    0x28  Code  Gb  data_init3.o [6]
__iar_dlib_perthread_access
                        0x0000cc0d     0x2  Code  Gb  xtls.o [4]
__iar_program_start     0x00000469          Code  Gb  cstartup_M.o [6]
__iar_zero_init3        0x00000ac3    0x22  Code  Gb  zero_init3.o [6]
__low_level_init        0x0000048b     0xa  Code  Gb  comp.o [5]
__pe_initialize_hardware
                        0x00001091   0x14c  Code  Gb  bsp_cm.o [3]
__set_MSP               0x00000457           --   Gb  boot.o [5]
__vector_table          0x00000000   0x400  Data  Gb  vectors.o [3]
_bsp_enable_card        0x00002939    0xc8  Code  Gb  init_bsp.o [3]
_bsp_enet_io_init       0x00001585    0x54  Code  Gb  init_gpio.o [3]
_bsp_flexbus_mram_setup
                        0x000005ed    0x10  Code  Lc  init_hw.o [3]
_bsp_flexbus_setup      0x000004eb   0x102  Code  Lc  init_hw.o [3]
_bsp_get_clock          0x00001297    0x24  Code  Gb  bsp_cm.o [3]
_bsp_get_clock_configuration
                        0x0000128f     0x8  Code  Gb  bsp_cm.o [3]
_bsp_get_hwticks        0x00002a0d    0x40  Code  Gb  init_bsp.o [3]
_bsp_get_serial_base_address
                        0x000048c1    0x5c  Code  Gb  serl_mk60.o [3]
_bsp_gpio_io_init       0x000015d9    0x10  Code  Gb  init_gpio.o [3]
_bsp_initialize_hardware
                        0x00001385     0x8  Code  Gb  bsp_cm.o [3]
_bsp_low_level_init     0x0000137d     0x8  Code  Gb  bsp_cm.o [3]
_bsp_osc_autotrim       0x0000134d    0x30  Code  Gb  bsp_cm.o [3]
_bsp_sci3_init          0x0001aab4    0x20  Data  Gb  init_sci.o [3]
_bsp_serial_io_init     0x0000138d   0x1f8  Code  Gb  init_gpio.o [3]
_bsp_serial_rts_init    0x000015e9    0x2a  Code  Gb  init_gpio.o [3]
_bsp_set_clock_configuration
                        0x0000125b    0x34  Code  Gb  bsp_cm.o [3]
_bsp_systick            0x00002a01     0xa  Code  Gb  init_bsp.o [3]
_bsp_watchdog_disable   0x000004d1    0x1a  Code  Gb  init_hw.o [3]
_call_main              0x00000481          Code  Gb  cmain.o [6]
_cfm                    0x00000400    0x10  Data  Gb  vectors.o [3]
_cm_get_clock           0x00002df1    0x14  Code  Gb  cm.o [3]
_cm_get_clock_configuration
                        0x00002de9     0x8  Code  Gb  cm.o [3]
_exit                   0x00000ab9          Code  Gb  cexit.o [6]
_int_default_isr        0x00002a79    0x3a  Code  Gb  int.o [5]
_int_disable            0x00002ab3    0x22  Code  Gb  int.o [5]
_int_enable             0x00002ad5    0x36  Code  Gb  int.o [5]
_int_get_exception_handler
                        0x00002b0b     0x6  Code  Gb  int.o [5]
_int_get_isr            0x00002b11    0x62  Code  Gb  int.o [5]
_int_get_isr_data       0x00002b73    0x60  Code  Gb  int.o [5]
_int_init               0x00002c97    0x6c  Code  Gb  int.o [5]
_int_install_isr        0x00002bd3    0xc4  Code  Gb  int.o [5]
_int_kernel_isr         0x00019bc7           --   Gb  dispatch.o [5]
_int_set_vector_table   0x00002f09     0xe  Code  Gb  int_vtab.o [5]
_io_dev_install         0x0000467b    0x3a  Code  Gb  io_inst.o [5]
_io_dev_install_ext     0x00004921   0x100  Code  Gb  io_instx.o [5]
_io_doprint             0x0000bd73   0xb00  Code  Gb  io_dopr.o [5]
_io_doprint_prt         0x0000c87d    0xa8  Code  Gb  io_dopr.o [5]
_io_doprint_prt64       0x0000c925    0xfc  Code  Gb  io_dopr.o [5]
_io_fflush              0x0000b82d    0x3a  Code  Gb  io_fflsh.o [5]
_io_fopen               0x00004481    0xc8  Code  Gb  io_fopen.o [5]
_io_fseek               0x00005bef    0xc0  Code  Gb  io_fseek.o [5]
_io_init                0x00003285    0x24  Code  Gb  io_init.o [5]
_io_ioctl               0x00005b95    0x5a  Code  Gb  io_ioctl.o [5]
_io_mputc               0x0000bccd    0x44  Code  Lc  io_dopr.o [5]
_io_putstr              0x0000bd11    0x62  Code  Lc  io_dopr.o [5]
_io_read                0x00005741    0x86  Code  Gb  io_read.o [5]
_io_serial_default_init
                        0x000034f1    0x38  Code  Gb  io_sinit.o [3]
_io_serial_int_addc     0x00003ce7    0xf4  Code  Gb  serl_int.o [3]
_io_serial_int_close    0x00003951    0x60  Code  Gb  serl_int.o [3]
_io_serial_int_install  0x000036f5    0x7c  Code  Gb  serl_int.o [3]
_io_serial_int_ioctl    0x00003b51   0x11a  Code  Gb  serl_int.o [3]
_io_serial_int_nextc    0x00003ddb    0xa0  Code  Gb  serl_int.o [3]
_io_serial_int_open     0x00003771   0x1de  Code  Gb  serl_int.o [3]
_io_serial_int_putc_internal
                        0x00003c6b    0x7c  Code  Gb  serl_int.o [3]
_io_serial_int_read     0x000039b1   0x14a  Code  Gb  serl_int.o [3]
_io_serial_int_write    0x00003afd    0x54  Code  Gb  serl_int.o [3]
_io_sprintf             0x0000bbe9    0x2c  Code  Gb  io_spr.o [5]
_io_sputc               0x0000bc15     0xa  Code  Gb  io_spr.o [5]
_io_write               0x00005caf    0x32  Code  Gb  io_write.o [5]
_kinetis_mpu_disable    0x00003271    0x10  Code  Gb  kinetis_mpu.o [5]
_kuart_change_baudrate  0x00003e7d    0x64  Code  Gb  serl_pol_kuart.o [3]
_kuart_int_deinit       0x0000335d    0x1e  Code  Gb  serl_int_kuart.o [3]
_kuart_int_enable       0x0000337d    0x36  Code  Gb  serl_int_kuart.o [3]
_kuart_int_err_isr      0x000033b5    0x5a  Code  Gb  serl_int_kuart.o [3]
_kuart_int_init         0x000032ed    0x6e  Code  Gb  serl_int_kuart.o [3]
_kuart_int_install      0x000032bd    0x2c  Code  Gb  serl_int_kuart.o [3]
_kuart_int_peripheral_disable
                        0x000032b3     0xa  Code  Lc  serl_int_kuart.o [3]
_kuart_int_peripheral_enable
                        0x000032a9     0xa  Code  Lc  serl_int_kuart.o [3]
_kuart_int_putc         0x000034cd    0x24  Code  Gb  serl_int_kuart.o [3]
_kuart_int_rx_tx_isr    0x00003411    0xba  Code  Gb  serl_int_kuart.o [3]
_kuart_polled_deinit    0x00003ff5    0x30  Code  Gb  serl_pol_kuart.o [3]
_kuart_polled_init      0x00003ef5    0xfe  Code  Gb  serl_pol_kuart.o [3]
_kuart_polled_ioctl     0x00004025   0x398  Code  Gb  serl_pol_kuart.o [3]
_kuart_polled_peripheral_disable
                        0x00003eeb     0xa  Code  Lc  serl_pol_kuart.o [3]
_kuart_polled_peripheral_enable
                        0x00003ee1     0xa  Code  Lc  serl_pol_kuart.o [3]
_lwmem_alloc            0x0000194f    0x20  Code  Gb  lwmem.o [5]
_lwmem_alloc_at         0x0000196f    0x26  Code  Gb  lwmem.o [5]
_lwmem_alloc_at_internal
                        0x00001809   0x146  Code  Gb  lwmem.o [5]
_lwmem_alloc_from       0x00001995    0x20  Code  Gb  lwmem.o [5]
_lwmem_alloc_internal   0x000016ed   0x11c  Code  Gb  lwmem.o [5]
_lwmem_alloc_system     0x00001bed    0x20  Code  Gb  lwmem.o [5]
_lwmem_alloc_system_from
                        0x00001bcd    0x20  Code  Gb  lwmem.o [5]
_lwmem_alloc_system_zero
                        0x00001d15    0x20  Code  Gb  lwmem.o [5]
_lwmem_alloc_system_zero_from
                        0x00001cf5    0x20  Code  Gb  lwmem.o [5]
_lwmem_alloc_zero       0x000019b5    0x20  Code  Gb  lwmem.o [5]
_lwmem_alloc_zero_from  0x000019d5    0x20  Code  Gb  lwmem.o [5]
_lwmem_create_pool      0x000019f5    0x84  Code  Gb  lwmem.o [5]
_lwmem_free             0x00001a79   0x154  Code  Gb  lwmem.o [5]
_lwmem_get_highwater    0x00001cdb     0xe  Code  Gb  lwmem.o [5]
_lwmem_get_next_block_internal
                        0x00001c35    0x90  Code  Gb  lwmem.o [5]
_lwmem_init_internal    0x00001c0d    0x28  Code  Gb  lwmem.o [5]
_lwmem_set_type         0x00001cc5    0x16  Code  Gb  lwmem.o [5]
_lwmem_transfer_internal
                        0x00001ce9     0xc  Code  Gb  lwmem.o [5]
_lwsem_create           0x000026c5    0x14  Code  Gb  lwsem.o [5]
_lwsem_create_hidden    0x000026d9    0x14  Code  Gb  lwsem.o [5]
_lwsem_create_internal  0x00002661    0x64  Code  Gb  lwsem.o [5]
_lwsem_destroy          0x000027b1     0xe  Code  Gb  lwsem.o [5]
_lwsem_destroy_internal
                        0x000026ed    0xc4  Code  Gb  lwsem.o [5]
_lwsem_poll             0x000027bf    0x3c  Code  Gb  lwsem.o [5]
_lwsem_post             0x000027fb    0x7c  Code  Gb  lwsem.o [5]
_lwsem_wait             0x00002877    0x76  Code  Gb  lwsem.o [5]
_main                   0x00000487          Code  Gb  cmain.o [6]
_mem_sum_ip             0x0001088f    0x4a  Code  Gb  ipsum.o [5]
_mem_test_and_set       0x00019c93           --   Gb  dispatch.o [5]
_mqx                    0x00000665   0x1c0  Code  Gb  mqx.o [5]
_mqx_api_call           0x00019ae9           --   Gb  dispatch.o [5]
_mqx_exit               0x00000825     0xe  Code  Gb  mqx.o [5]
_mqx_get_io_component_handle
                        0x0000083d    0x22  Code  Gb  mqx.o [5]
_mqx_idle_task          0x00016ea1    0x4c  Code  Gb  idletask.o [5]
_mqx_init_kernel_data_internal
                        0x000009bb    0xe0  Code  Gb  mqx.o [5]
_mqx_kernel_data        0x1fff0028     0x4  Data  Gb  mqx.o [5]
_mqx_link_io_component_handle
                        0x000008a9    0x86  Code  Gb  mqx.o [5]
_mqx_set_cpu_type       0x00000833     0xa  Code  Gb  mqx.o [5]
_mqx_set_io_component_handle
                        0x0000085f    0x4a  Code  Gb  mqx.o [5]
_mqx_system_stack       0x1fff0208     0x4  Data  Gb  mqx.o [5]
_mqx_unlink_io_component_handle
                        0x0000092f    0x8c  Code  Gb  mqx.o [5]
_mqx_vendor             0x0001a978     0x4  Data  Gb  mqx.o [5]
_mqx_version_number     0x0001a974     0x4  Data  Gb  mqx.o [5]
_msg_alloc              0x000085e9   0x10c  Code  Gb  msg.o [5]
_msg_cleanup            0x00008891    0xfc  Code  Gb  msg.o [5]
_msg_create_component   0x000086f5   0x138  Code  Gb  msg.o [5]
_msg_free               0x0000882d    0x62  Code  Gb  msg.o [5]
_msgpool_add_internal   0x00008473    0xba  Code  Gb  msgpool.o [5]
_msgpool_create         0x0000829d    0x2e  Code  Gb  msgpool.o [5]
_msgpool_create_internal
                        0x000082cb   0x1a8  Code  Gb  msgpool.o [5]
_msgpool_destroy        0x00008221    0x7c  Code  Gb  msgpool.o [5]
_msgq_get_id            0x000078d9    0x2c  Code  Gb  msgq.o [5]
_msgq_insert_message_internal
                        0x0000816b    0xb0  Code  Gb  msgq.o [5]
_msgq_open              0x00007905    0x24  Code  Gb  msgq.o [5]
_msgq_open_internal     0x00007929   0x17c  Code  Gb  msgq.o [5]
_msgq_receive           0x00007aa5    0x3a  Code  Gb  msgq.o [5]
_msgq_receive_internal  0x00007adf   0x358  Code  Gb  msgq.o [5]
_msgq_send              0x00007e3d    0x14  Code  Gb  msgq.o [5]
_msgq_send_blocked_internal
                        0x00007e51    0x14  Code  Gb  msgq.o [5]
_msgq_send_internal     0x00007e65   0x306  Code  Gb  msgq.o [5]
_nvic_int_disable       0x00004453    0x2a  Code  Gb  nvic.o [5]
_nvic_int_enable        0x0000442d    0x26  Code  Gb  nvic.o [5]
_nvic_int_init          0x000043bd    0x70  Code  Gb  nvic.o [5]
_partition_alloc_internal
                        0x00004f91   0x128  Code  Gb  partition.o [5]
_partition_alloc_system
                        0x000053c3    0x1c  Code  Gb  partition.o [5]
_partition_cleanup      0x000053e1    0x9e  Code  Gb  partition.o [5]
_partition_create       0x000051cd    0x94  Code  Gb  partition.o [5]
_partition_create_component
                        0x000050b9    0x76  Code  Gb  partition.o [5]
_partition_create_internal
                        0x0000512f    0x9e  Code  Gb  partition.o [5]
_partition_destroy      0x00005261    0x92  Code  Gb  partition.o [5]
_partition_extend_internal
                        0x000052f3    0x5a  Code  Gb  partition.o [5]
_partition_free         0x0000534d    0x76  Code  Gb  partition.o [5]
_pend_svc               0x00019b65           --   Gb  dispatch.o [5]
_psp_add_ticks          0x000035c5    0x54  Code  Gb  psp_tiad.o [5]
_psp_build_stack_frame  0x00002e6d    0x80  Code  Gb  stack_bu.o [5]
_psp_destroy_stack_frame
                        0x00002e6b     0x2  Code  Gb  stack_de.o [5]
_psp_exception_return   0x00019c59           --   Gb  dispatch.o [5]
_psp_init_readyqs       0x000025e9    0x6c  Code  Gb  sc_irdyq.o [5]
_psp_int_init           0x00002eed    0x1c  Code  Gb  psp_iinit.o [5]
_psp_int_install        0x00003529    0x14  Code  Gb  int_inst.o [5]
_psp_msecs_to_ticks_quick
                        0x0000353d    0x88  Code  Gb  psp_mstiq.o [5]
_psp_normalize_ticks    0x000036bd    0x38  Code  Gb  psp_tinm.o [5]
_psp_save_fp_context_internal
                        0x00019c91           --   Gb  dispatch.o [5]
_psp_set_kernel_disable_level
                        0x00002589    0x60  Code  Gb  sc_irdyq.o [5]
_psp_ticks_to_time      0x00003619    0xa4  Code  Gb  psp_tkti.o [5]
_queue_dequeue          0x00002d5d    0x34  Code  Gb  queue.o [5]
_queue_enqueue          0x00002d1d    0x40  Code  Gb  queue.o [5]
_queue_init             0x00002d11     0xc  Code  Gb  queue.o [5]
_queue_insert           0x00002d91    0x42  Code  Gb  queue.o [5]
_sched_check_scheduler_internal
                        0x00019ac9           --   Gb  dispatch.o [5]
_sched_execute_scheduler_internal
                        0x00019ae5           --   Gb  dispatch.o [5]
_sched_insert_priorityq_internal
                        0x00004a21    0x40  Code  Gb  sched.o [5]
_sched_run_internal     0x00019ac5           --   Gb  dispatch.o [5]
_sched_start_internal   0x00019ac1           --   Gb  dispatch.o [5]
_svc_handler            0x00019aef           --   Gb  dispatch.o [5]
_task_alloc_td_internal
                        0x00002469   0x102  Code  Gb  task.o [5]
_task_block             0x00019aeb           --   Gb  dispatch.o [5]
_task_build_internal    0x000021b5    0x8c  Code  Gb  task.o [5]
_task_check_stack       0x000020e3    0x22  Code  Gb  task.o [5]
_task_create            0x00001dd1    0x18  Code  Gb  task.o [5]
_task_create_internal   0x00001d41    0x90  Code  Gb  task.o [5]
_task_destroy           0x00002073     0xe  Code  Gb  task.o [5]
_task_destroy_internal  0x00001de9   0x28a  Code  Gb  task.o [5]
_task_exit_function_internal
                        0x00002241    0x22  Code  Gb  task.o [5]
_task_fill_stack_internal
                        0x00002413    0x14  Code  Gb  task.o [5]
_task_get_error         0x00002105    0x18  Code  Gb  task.o [5]
_task_get_id            0x0000211d     0xc  Code  Gb  task.o [5]
_task_get_td            0x00002129    0x56  Code  Gb  task.o [5]
_task_get_template_ptr  0x00002081    0x18  Code  Gb  task.o [5]
_task_init_internal     0x00002269   0x1aa  Code  Gb  task.o [5]
_task_ready             0x00002099    0x4a  Code  Gb  task.o [5]
_task_ready_internal    0x00002427    0x3c  Code  Gb  task.o [5]
_task_set_error         0x0000217f    0x36  Code  Gb  task.o [5]
_task_set_error_td_internal
                        0x00002575    0x12  Code  Gb  task.o [5]
_taskq_create           0x000046b5    0x7e  Code  Gb  taskq.o [5]
_taskq_destroy          0x00004733    0x8a  Code  Gb  taskq.o [5]
_taskq_resume           0x0000483b    0x7c  Code  Gb  taskq.o [5]
_taskq_suspend          0x000047bd    0x7e  Code  Gb  taskq.o [5]
_time_delay             0x00002f1d    0x3e  Code  Gb  time.o [5]
_time_delay_for         0x00002f5b    0x3a  Code  Gb  time.o [5]
_time_delay_internal    0x00002f95    0x96  Code  Gb  time.o [5]
_time_delay_until       0x0000302b    0x38  Code  Gb  time.o [5]
_time_get_elapsed       0x00003063    0x1a  Code  Gb  time.o [5]
_time_get_elapsed_ticks
                        0x0000307d    0x40  Code  Gb  time.o [5]
_time_get_resolution    0x000030bd    0x18  Code  Gb  time.o [5]
_time_notify_kernel     0x000030d5   0x160  Code  Gb  time.o [5]
_time_set_hwtick_function
                        0x0000324d    0x10  Code  Gb  time.o [5]
_time_set_hwticks_per_tick
                        0x0000325d     0xc  Code  Gb  time.o [5]
_time_set_ticks_per_sec
                        0x00003235     0xc  Code  Gb  time.o [5]
_time_set_timer_vector  0x00003241     0xc  Code  Gb  time.o [5]
analyse_at_cmd          0x0000b1c9   0x176  Code  Gb  shell_at.o [1]
atoi                    0x0000bc1f     0x8  Code  Gb  atoi.o [4]
broad_cast_start        0x00006901    0xda  Code  Lc  init_tasks.o [1]
broad_cast_task         0x00004a8d    0xc0  Code  Gb  broad_cast.o [1]
check_falsh_ok          0x000057fd    0x22  Code  Lc  config_parameter.o [1]
com_server_task_tcp_client
                        0x00005577    0xe2  Code  Gb  com_server.o [1]
com_server_task_tcp_server
                        0x00005489    0xee  Code  Gb  com_server.o [1]
com_server_task_udp_connect
                        0x00005659    0xc4  Code  Gb  com_server.o [1]
digits                  0x0000cb58    0x28  Data  Lc  xstoul.o [4]
echo_server             0x0000b33f    0x1e  Code  Gb  shell_at.o [1]
exit                    0x000004cd     0x4  Code  Gb  exit.o [4]
find_at                 0x00008d7d  0x2440  Code  Gb  shell_at.o [1]
flash_parameter_cmp_data
                        0x00019d14    0x10  Data  Gb  config_parameter.o [1]
flash_parameter_default_data
                        0x00019d24    0xc0  Data  Gb  config_parameter.o [1]
get_mac_address         0x000057c9    0x34  Code  Lc  config_parameter.o [1]
get_mac_address         0x0000619d    0x18  Code  Lc  init_tasks.o [1]
gpio_ptr_arr            0x0001a894    0x14  Data  Lc  lwgpio_kgpio.o [3]
gpio_server_task        0x00005e25   0x10a  Code  Gb  gpio_with_config.o [1]
inet_addr               0x0000bbcb    0x1c  Code  Gb  inet.o [7]
inet_aton               0x0000bb45    0x86  Code  Gb  inet.o [7]
inet_ntop               0x0000b869    0x32  Code  Gb  inet_ntop.o [7]
inet_ntop4              0x0000b89b    0x7c  Code  Lc  inet_ntop.o [7]
inet_ntop6              0x0000b917   0x1e4  Code  Lc  inet_ntop.o [7]
init_hardware           0x000005fd    0x3a  Code  Gb  init_hw.o [3]
init_rtcs               0x000061b5    0x6a  Code  Lc  init_tasks.o [1]
init_tasks_task         0x000069db    0xdc  Code  Gb  init_tasks.o [1]
ipcfg_add_dns_ip        0x00006e27    0x2a  Code  Gb  ipcfg.o [7]
ipcfg_add_interface     0x00006dc1    0x66  Code  Gb  ipcfg.o [7]
ipcfg_bind_autoip_internal_actual
                        0x00007121   0x10e  Code  Lc  ipcfg.o [7]
ipcfg_bind_dhcp         0x000074b3    0x5c  Code  Gb  ipcfg.o [7]
ipcfg_bind_dhcp_func    0x00007235   0x152  Code  Lc  ipcfg.o [7]
ipcfg_bind_dhcp_internal
                        0x000073ef    0xc4  Code  Lc  ipcfg.o [7]
ipcfg_bind_dhcp_wait    0x000076d5    0x50  Code  Gb  ipcfg.o [7]
ipcfg_bind_staticip     0x000070c5    0x5c  Code  Gb  ipcfg.o [7]
ipcfg_bind_staticip_internal
                        0x00006fc3   0x102  Code  Lc  ipcfg.o [7]
ipcfg_data              0x1fff0188    0x80  Data  Gb  ipcfg.o [7]
ipcfg_del_dns_ip        0x00006e51    0x36  Code  Gb  ipcfg.o [7]
ipcfg_dhcp_choice_func  0x0000722f     0x6  Code  Lc  ipcfg.o [7]
ipcfg_dhcp_fail_func    0x000073cb    0x24  Code  Lc  ipcfg.o [7]
ipcfg_dhcp_nak_func     0x00007387    0x3e  Code  Lc  ipcfg.o [7]
ipcfg_dhcp_unbind_func  0x000073c5     0x6  Code  Lc  ipcfg.o [7]
ipcfg_get_device_number
                        0x00006d99    0x28  Code  Gb  ipcfg.o [7]
ipcfg_init_device       0x0000772d    0x54  Code  Gb  ipcfg.o [7]
ipcfg_init_interface    0x00007781   0x138  Code  Gb  ipcfg.o [7]
ipcfg_poll_dhcp         0x00007679    0x58  Code  Gb  ipcfg.o [7]
ipcfg_poll_dhcp_internal
                        0x0000750f   0x16a  Code  Lc  ipcfg.o [7]
ipcfg_unbind_internal_actual
                        0x00006e87   0x13c  Code  Lc  ipcfg.o [7]
isdigit                 0x0000bcb9    0x12  Code  Gb  inet.o [7]
led_display             0x00005da5    0x80  Code  Lc  gpio_with_config.o [1]
lower_hex_string        0x0001a9a0    0x14  Data  Lc  io_dopr.o [5]
lwgpio_get_raw          0x00006189    0x14  Code  Gb  lwgpio_kgpio.o [3]
lwgpio_init             0x00005f6d    0x5c  Code  Gb  lwgpio_kgpio.o [3]
lwgpio_set_attribute    0x00005fd1   0x13a  Code  Gb  lwgpio_kgpio.o [3]
lwgpio_set_direction    0x00006129    0x38  Code  Gb  lwgpio_kgpio.o [3]
lwgpio_set_functionality
                        0x0000610b    0x1e  Code  Gb  lwgpio_kgpio.o [3]
lwgpio_set_value        0x00006161    0x28  Code  Gb  lwgpio_kgpio.o [3]
main                    0x000004bd    0x10  Code  Gb  mqx_main.o [3]
memchr                  0x0000cba9          Code  Gb  memchr.o [6]
memcmp                  0x00016cc1          Code  Gb  memcmp.o [6]
memcpy                  0x0000bc27    0x16  Code  Gb  macnet_send.o [3]
memset                  0x00001631    0x16  Code  Gb  iproute.o [7]
ndigs                   0x0000cb80    0x28  Data  Lc  xstoul.o [4]
pcr_reg_arr             0x1fff0014    0x14  Data  Gb  lwgpio_kgpio.o [3]
phy_ksz8041_IF          0x0001aaf4    0x14  Data  Gb  phy_ksz8041.o [3]
phy_ksz8041_discover_addr
                        0x000195e5    0x48  Code  Lc  phy_ksz8041.o [3]
phy_ksz8041_get_link_status
                        0x0001971b    0x66  Code  Lc  phy_ksz8041.o [3]
phy_ksz8041_get_speed   0x000196d3    0x48  Code  Lc  phy_ksz8041.o [3]
phy_ksz8041_init        0x0001962d    0xa6  Code  Lc  phy_ksz8041.o [3]
reseed                  0x1fff0254     0x4  Data  Lc  rtcsrand.o [7]
rtcs_enet               0x0001a97c     0xc  Data  Lc  ip-e.o [7]
rtcs_local              0x0001a9bc     0xc  Data  Lc  iplocal.o [7]
seed                    0x1fff0250     0x4  Data  Lc  rtcsrand.o [7]
shell_server_task       0x0000b37d   0x460  Code  Gb  shell_at.o [1]
state                   0x1fff0064     0x4  Data  Lc  rtcsrand.o [7]
strcpy                  0x0000bc75          Code  Gb  strcpy.o [6]
strlcpy                 0x0000bb05    0x40  Code  Gb  inet_ntop.o [7]
strlen                  0x0000bc3d          Code  Gb  strlen.o [6]
strncmp                 0x00004a61    0x2a  Code  Gb  strncmp.o [4]
systick_config          0x000028f5     0xc  Code  Gb  init_bsp.o [3]
systick_init            0x00002901    0x38  Code  Lc  init_bsp.o [3]
tcp_cfg_start           0x0000621f   0x216  Code  Gb  init_tasks.o [1]
tcp_cfg_task            0x0000cc11   0x104  Code  Gb  tcp_cfg.o [1]
tcp_client_start        0x00006651   0x1b0  Code  Lc  init_tasks.o [1]
tcp_client_task0        0x0000cd15    0xa4  Code  Gb  tcp_client.o [1]
tcp_client_task1        0x0000cdb9    0xa4  Code  Gb  tcp_client.o [1]
tcp_client_task2        0x0000ce5d    0xa4  Code  Gb  tcp_client.o [1]
tcp_client_task3        0x0000cf01    0xa4  Code  Gb  tcp_client.o [1]
tcp_server_start        0x00006435   0x21c  Code  Lc  init_tasks.o [1]
tcp_server_task         0x0000cfb5    0xb4  Code  Gb  tcp_server.o [1]
udp_connect_start       0x00006801   0x100  Code  Lc  init_tasks.o [1]
udp_connect_task0       0x0000d069    0x9c  Code  Gb  udp_connect.o [1]
upper_hex_string        0x0001a98c    0x14  Data  Lc  io_dopr.o [5]
welcom0                 0x0001a1b4    0x40  Data  Gb  shell_at.o [1]


[1] = F:\eth-com\mqx\project\eth-com\iar\twrk60n512\twrk60n512\Int Flash Debug\Obj
[2] = command line
[3] = bsp.a
[4] = dl7M_tln.a
[5] = psp.a
[6] = rt7M_tl.a
[7] = rtcs.a
[8] = shb_l.a

  104 636 bytes of readonly  code memory
    4 893 bytes of readonly  data memory
      623 bytes of readwrite data memory

Errors: none
Warnings: none
