###############################################################################
#                                                                             #
# IAR ELF Linker V6.40.1.53790/W32 for ARM              05/Jul/2013  14:24:47 #
# Copyright 2007-2012 IAR Systems AB.                                         #
#                                                                             #
#    Output file  =  F:\eth-com\mqx\project\udp-connect\iar\hello_twrk60n512\ #
#                    twrk60n512\Int Flash Debug\Exe\twrk60n512.out            #
#    Map file     =  F:\eth-com\mqx\project\udp-connect\iar\hello_twrk60n512\ #
#                    twrk60n512\Int Flash Debug\List\twrk60n512.map           #
#    Command line =  F:\eth-com\lib\twrk60n512.iar\debug\bsp\bsp.a            #
#                    F:\eth-com\lib\twrk60n512.iar\debug\psp\psp.a            #
#                    F:\eth-com\lib\twrk60n512.iar\debug\rtcs\rtcs.a          #
#                    "F:\eth-com\mqx\project\udp-connect\iar\hello_twrk60n512 #
#                    \twrk60n512\Int Flash Debug\Obj\udp-connect.o"           #
#                    --redirect _Printf=_PrintfFull --redirect                #
#                    _Scanf=_ScanfFull -o "F:\eth-com\mqx\project\udp-connect #
#                    \iar\hello_twrk60n512\twrk60n512\Int Flash               #
#                    Debug\Exe\twrk60n512.out" --map                          #
#                    "F:\eth-com\mqx\project\udp-connect\iar\hello_twrk60n512 #
#                    \twrk60n512\Int Flash Debug\List\twrk60n512.map"         #
#                    --config F:\eth-com\mqx\project\udp-connect\iar\hello_tw #
#                    rk60n512/../../../../../lib/twrk60n512.iar/debug/bsp/int #
#                    flash.icf --redirect __iar_dlmalloc=malloc --redirect    #
#                    __iar_dlcalloc=calloc --redirect __iar_dlfree=free       #
#                    --semihosting --entry __iar_program_start --vfe          #
#                                                                             #
#                                                                             #
###############################################################################

*******************************************************************************
*** RUNTIME MODEL ATTRIBUTES
***

CppFlavor                   = *
__SystemLibrary             = DLib
__dlib_jmp_buf_num_elements = 8


*******************************************************************************
*** PLACEMENT SUMMARY
***

"A1":  place at 0x00000000 { ro section .intvec, block CFMPROTROM };
"P1":  place in [from 0x00000000 to 0x0007ffff] {
          first block TEXTSECTION, ro, last block FLASHX_POOL };
"P2":  place in [from 0x1fff0000 to 0x2000fff0] {
          block USER_MEMORY, last block KERNEL_DATA };

  Section                 Kind        Address     Size  Object
  -------                 ----        -------     ----  ------
"A1":                                            0x414
  .intvec                 const    0x00000000    0x400  vectors.o [3]
  CFMPROTROM                       0x00000400     0x14  <Block>
    .cfmconfig            const    0x00000400     0x10  vectors.o [3]
    .cfmconfig            const    0x00000410      0x0  vectors.o [3]
    CFMPROTROM            const    0x00000410      0x4  <Block tail>
                                 - 0x00000414    0x414

"P1":                                          0x123e4
  TEXTSECTION                      0x00000420  0x11be6  <Block>
    .text                 ro code  0x00000420     0x48  boot.o [5]
    .text                 ro code  0x00000468      0xc  cstartup_M.o [6]
    .text                 ro code  0x00000474     0x16  cmain.o [6]
    .text                 ro code  0x0000048a      0xa  comp.o [5]
    .text                 ro code  0x00000494     0x28  data_init3.o [6]
    .text                 ro code  0x000004bc     0x10  mqx_main.o [3]
    .text                 ro code  0x000004cc      0x4  exit.o [4]
    .text                 ro code  0x000004d0    0x194  init_hw.o [3]
    .text                 ro code  0x00000664    0x454  mqx.o [5]
    .text                 ro code  0x00000ab8      0xa  cexit.o [6]
    .text                 ro code  0x00000ac2     0x22  zero_init3.o [6]
    .text                 ro code  0x00000ae4    0x8a8  bsp_cm.o [3]
    .text                 ro code  0x0000138c    0x2a4  init_gpio.o [3]
    .text                 ro code  0x00001630     0x16  iproute.o [7]
    .text                 ro code  0x00001646     0x2e  copy_init3.o [6]
    .text                 ro code  0x00001674     0x76  ABImemcpy.o [6]
    .text                 ro code  0x000016ec    0x654  lwmem.o [5]
    .text                 ro code  0x00001d40    0x846  task.o [5]
    .text                 ro code  0x00002588     0xd8  sc_irdyq.o [5]
    .text                 ro code  0x00002660    0x294  lwsem.o [5]
    .text                 ro code  0x000028f4    0x184  init_bsp.o [3]
    .text                 ro code  0x00002a78    0x290  int.o [5]
    .text                 ro code  0x00002d08     0xc2  queue.o [5]
    .text                 ro code  0x00002dcc     0x14  exit.o [8]
    .text                 ro code  0x00002de0     0x1c  cm.o [3]
    .text                 ro code  0x00002dfc     0x66  ABImemset.o [6]
    .text                 ro code  0x00002e62      0x2  stack_de.o [5]
    .text                 ro code  0x00002e64     0x80  stack_bu.o [5]
    .text                 ro code  0x00002ee4     0x1c  psp_iinit.o [5]
    .text                 ro code  0x00002f00     0x14  int_vtab.o [5]
    .text                 ro code  0x00002f14    0x354  time.o [5]
    .text                 ro code  0x00003268     0x14  kinetis_mpu.o [5]
    .text                 ro code  0x0000327c     0x24  io_init.o [5]
    .text                 ro code  0x000032a0    0x600  serl_pol_kuart.o [3]
    .text                 ro code  0x000038a0     0x38  io_sinit.o [3]
    .text                 ro code  0x000038d8     0x14  int_inst.o [5]
    .text                 ro code  0x000038ec     0x88  psp_mstiq.o [5]
    .text                 ro code  0x00003974     0x54  psp_tiad.o [5]
    .text                 ro code  0x000039c8     0xa4  psp_tkti.o [5]
    .text                 ro code  0x00003a6c     0x38  psp_tinm.o [5]
    .text                 ro code  0x00003aa4    0x5a2  serl_pol.o [3]
    .text                 ro code  0x00004048     0x5c  serl_mk60.o [3]
    .text                 ro code  0x000040a4     0xc8  io_fopen.o [5]
    .text                 ro code  0x0000416c    0x132  I64DivMod.o [6]
    .text                 ro code  0x0000429e     0x3a  io_inst.o [5]
    .text                 ro code  0x000042d8      0x2  I64DivZer.o [6]
    .text                 ro code  0x000042dc    0x100  io_instx.o [5]
    .text                 ro code  0x000043dc     0x2a  strncmp.o [4]
    .text                 ro code  0x00004408    0x1a8  udp-connect.o [1]
    .text                 ro code  0x000045b0    0x288  rtcscmd.o [7]
    .text                 ro code  0x00004838     0x2c  io_pntf.o [5]
    .text                 ro code  0x00004864     0x32  enaddr.o [3]
    .text                 ro code  0x00004898    0x4d8  ipcfg.o [7]
    .text                 ro code  0x00004d70     0x9e  rtcs.o [7]
    .text                 ro code  0x00004e10    0x1fe  rtcspart.o [7]
    .text                 ro code  0x00005010    0x948  msgq.o [5]
    .text                 ro code  0x00005958    0x310  msgpool.o [5]
    .text                 ro code  0x00005c68     0xb8  rtcstask.o [7]
    .text                 ro code  0x00005d20    0x3ac  msg.o [5]
    .text                 ro code  0x000060cc     0x50  io_ghand.o [5]
    .text                 ro code  0x0000611c    0xd68  io_dopr.o [5]
    .text                 ro code  0x00006e84     0x30  init_enet.o [3]
    .text                 ro code  0x00006eb4     0x18  ifdhcp.o [7]
    .text                 ro code  0x00006ecc     0x58  ifrem.o [7]
    .text                 ro code  0x00006f24     0xbc  ifadd.o [7]
    .text                 ro code  0x00006fe0    0x120  eninit.o [3]
    .text                 ro code  0x00007100     0x4a  enstop.o [3]
    .text                 ro code  0x0000714c    0x17a  sockutil.o [7]
    .text                 ro code  0x000072c8    0x4f8  partition.o [5]
    .text                 ro code  0x000077c0     0x60  enutil.o [3]
    .text                 ro code  0x00007820    0x42c  sdgram.o [7]
    .text                 ro code  0x00007c4c     0x16  tcp_buf.o [7]
    .text                 ro code  0x00007c64    0x168  tcpip.o [7]
    .text                 ro code  0x00007dcc     0xf8  timer.o [7]
    .text                 ro code  0x00007ec4     0x24  rtcsmsec.o [7]
    .text                 ro code  0x00007ee8    0x4f4  rtcspcb.o [7]
    .text                 ro code  0x000083dc    0xbc6  ip.o [7]
    .text                 ro code  0x00008fa4    0x7dc  icmp.o [7]
    .text                 ro code  0x00009780     0x10  arpinit.o [7]
    .text                 ro code  0x00009790     0x18  bootinit.o [7]
    .text                 ro code  0x000097a8    0x21c  iplocal.o [7]
    .text                 ro code  0x000099c4    0xa80  iproute.o [7]
    .text                 ro code  0x0000a444     0xb2  checksum.o [7]
    .text                 ro code  0x0000a4f6     0x4a  ipsum.o [5]
    .text                 ro code  0x0000a540    0x35c  iputil.o [7]
    .text                 ro code  0x0000a89c    0x2b0  ipradix.o [7]
    .text                 ro code  0x0000ab4c     0x24  route.o [7]
    .text                 ro code  0x0000ab70    0xd32  udp.o [7]
    .text                 ro code  0x0000b8a4    0x234  igmputil.o [7]
    .text                 ro code  0x0000bad8    0x13a  sosel1.o [7]
    .text                 ro code  0x0000bc14    0x4d2  ip-e.o [7]
    .text                 ro code  0x0000c0e8    0x9b0  arp.o [7]
    .text                 ro code  0x0000ca98     0x98  enopen.o [3]
    .text                 ro code  0x0000cb30     0xa0  enclose.o [3]
    .text                 ro code  0x0000cbd0     0xf8  rtcsrand.o [7]
    .text                 ro code  0x0000ccc8     0x62  memcmp.o [6]
    .text                 ro code  0x0000cd2a    0x178  ensend.o [3]
    .text                 ro code  0x0000cea2     0xc0  enjoin.o [3]
    .text                 ro code  0x0000cf62     0xe6  enleave.o [3]
    .text                 ro code  0x0000d048      0x6  proxyarp.o [7]
    .text                 ro code  0x0000d050    0x4c8  macnet_init.o [3]
    .text                 ro code  0x0000d518     0x24  macnet_mk60.o [3]
    .text                 ro code  0x0000d53c    0x4c8  macnet_receive.o [3]
    .text                 ro code  0x0000da04    0x1e8  macnet_util.o [3]
    .text                 ro code  0x0000dbec    0x15a  enrecv.o [3]
    .text                 ro code  0x0000dd48     0xc4  nvic.o [5]
    .text                 ro code  0x0000de0c    0x22c  ipif_add.o [7]
    .text                 ro code  0x0000e038     0x4c  idletask.o [5]
    .text                 ro code  0x0000e084    0x210  dhcpclnt.o [7]
    .text                 ro code  0x0000e294     0x4c  bootcomm.o [7]
    .text                 ro code  0x0000e2e0     0x9e  ipif_rem.o [7]
    .text                 ro code  0x0000e380     0x9c  macnet_join.o [3]
    .text                 ro code  0x0000e41c    0x10c  macnet_mii.o [3]
    .text                 ro code  0x0000e528     0x4c  macnet_stop.o [3]
    .text                 ro code  0x0000e574    0x3be  igmp.o [7]
    .text                 ro code  0x0000e934   0x10e8  tcp.o [7]
    .text                 ro code  0x0000fa1c    0x3fa  ticker.o [7]
    .text                 ro code  0x0000fe18    0x250  tcp_clos.o [7]
    .text                 ro code  0x00010068    0xe90  tcp_send.o [7]
    .text                 ro code  0x00010ef8    0x762  tcp_rcv.o [7]
    .text                 ro code  0x0001165a    0x496  tcp_buf.o [7]
    .text                 ro code  0x00011af0     0x44  io_fputc.o [5]
    .text                 ro code  0x00011b34    0x19c  phy_ksz8041.o [3]
    .text                 ro code  0x00011cd0     0x60  macnet_rejoin.o [3]
    .text                 ro code  0x00011d30    0x2d6  macnet_send.o [3]
  KERNEL                  ro code  0x00012010    0x21c  dispatch.o [5]
  .iar.init_table         const    0x0001222c     0x38  - Linker created -
  .rodata                 const    0x00012264      0xc  udp-connect.o [1]
  .rodata                 const    0x00012270     0x10  udp-connect.o [1]
  .rodata                 const    0x00012280     0x2c  udp-connect.o [1]
  .rodata                 const    0x000122ac     0x2c  udp-connect.o [1]
  .rodata                 const    0x000122d8     0x30  udp-connect.o [1]
  .rodata                 const    0x00012308     0x20  udp-connect.o [1]
  .rodata                 const    0x00012328     0x20  udp-connect.o [1]
  .rodata                 const    0x00012348     0x18  udp-connect.o [1]
  .rodata                 const    0x00012360      0x8  udp-connect.o [1]
  .rodata                 const    0x00012368     0x60  udp-connect.o [1]
  .rodata                 const    0x000123c8      0x8  rtcscmd.o [7]
  .rodata                 const    0x000123d0     0x3c  sdgram.o [7]
  .rodata                 const    0x0001240c     0x14  init_enet.o [3]
  .rodata                 const    0x00012420     0x10  init_enet.o [3]
  .rodata                 const    0x00012430     0x24  init_enet.o [3]
  .rodata                 const    0x00012454      0x8  init_enet.o [3]
  .rodata                 const    0x0001245c     0x18  mqx.o [5]
  .rodata                 const    0x00012474     0x10  mqx.o [5]
  .rodata                 const    0x00012484      0x4  mqx.o [5]
  .rodata                 const    0x00012488      0x4  mqx.o [5]
  .rodata                 const    0x0001248c     0x14  io_dopr.o [5]
  .rodata                 const    0x000124a0     0x14  io_dopr.o [5]
  .rodata                 const    0x000124b4     0x14  ip-e.o [7]
  .rodata                 const    0x000124c8      0x4  ip-e.o [7]
  .rodata                 const    0x000124cc     0x20  macnet_init.o [3]
  .rodata                 const    0x000124ec     0x14  phy_ksz8041.o [3]
  .rodata                 const    0x00012500     0x14  iplocal.o [7]
  .rodata                 const    0x00012514      0x4  iplocal.o [7]
  .rodata                 const    0x00012518     0x10  rtcsinit.o [7]
  .rodata                 const    0x00012528      0x8  init_bsp.o [3]
  .rodata                 const    0x00012530     0x40  macnet_mk60.o [3]
  .rodata                 const    0x00012570     0x1c  bsp_cm.o [3]
  .rodata                 const    0x0001258c     0x78  bsp_cm.o [3]
  .rodata                 const    0x00012604     0x20  init_sci.o [3]
  .rodata                 const    0x00012624      0x8  mqx_init.o [3]
  .rodata                 const    0x0001262c     0x30  mqx_init.o [3]
  Initializer bytes       ro data  0x0001265c     0x3c  <for USER_DEFAULT_MEMORY-1>
  Initializer bytes       ro data  0x00012698      0x4  <for KERNEL_DATA-1>
  .rodata                 const    0x0001269c      0x0  zero_init3.o [6]
  .rodata                 const    0x0001269c      0x0  copy_init3.o [6]
  FLASHX_POOL                      0x00012800      0x1  <Block>
    .flashx               const    0x00012800      0x1  vectors.o [3]
    .flashx               const    0x00012801      0x0  vectors.o [3]
                                 - 0x00012801  0x123e1

"P2":                                            0x114
  USER_MEMORY                      0x1fff0000    0x110  <Block>
    USER_DEFAULT_MEMORY            0x1fff0000    0x110  <Block>
      USER_DEFAULT_MEMORY-1
                                   0x1fff0000     0x3c  <Init block>
        .data             inited   0x1fff0000      0x4  rtcsglob.o [7]
        .data             inited   0x1fff0004      0x4  rtcsglob.o [7]
        .data             inited   0x1fff0008      0x4  rtcsglob.o [7]
        .data             inited   0x1fff000c      0x4  rtcsglob.o [7]
        .data             inited   0x1fff0010      0x4  rtcsglob.o [7]
        .data             inited   0x1fff0014      0x4  rtcsglob.o [7]
        .data             inited   0x1fff0018      0x4  rtcsglob.o [7]
        .data             inited   0x1fff001c      0x4  rtcsglob.o [7]
        .data             inited   0x1fff0020      0x4  rtcsglob.o [7]
        .data             inited   0x1fff0024      0x4  rtcsglob.o [7]
        .data             inited   0x1fff0028      0x4  rtcsglob.o [7]
        .data             inited   0x1fff002c      0x4  rtcsglob.o [7]
        .data             inited   0x1fff0030      0x4  rtcsglob.o [7]
        .data             inited   0x1fff0034      0x4  mqx.o [5]
        .data             inited   0x1fff0038      0x4  rtcsrand.o [7]
      .bss                zero     0x1fff003c     0x80  ipcfg.o [7]
      .bss                zero     0x1fff00bc      0x4  tcpip.o [7]
      .bss                zero     0x1fff00c0      0x4  rtcsglob.o [7]
      .bss                zero     0x1fff00c4      0x4  rtcsglob.o [7]
      .bss                zero     0x1fff00c8      0x4  rtcsglob.o [7]
      .bss                zero     0x1fff00cc      0x4  rtcsglob.o [7]
      .bss                zero     0x1fff00d0      0x4  rtcsglob.o [7]
      .bss                zero     0x1fff00d4      0x4  rtcsglob.o [7]
      .bss                zero     0x1fff00d8      0x4  rtcsglob.o [7]
      .bss                zero     0x1fff00dc      0x4  mqx.o [5]
      .bss                zero     0x1fff00e0      0x4  psp_mstiq.o [5]
      .bss                zero     0x1fff00e4      0x4  psp_mstiq.o [5]
      .bss                zero     0x1fff00e8      0x4  resolver.o [7]
      .bss                zero     0x1fff00ec      0x4  arpinit.o [7]
      .bss                zero     0x1fff00f0      0x4  bootinit.o [7]
      .bss                zero     0x1fff00f4      0x4  bootinit.o [7]
      .bss                zero     0x1fff00f8      0x4  ipif_add.o [7]
      .bss                zero     0x1fff00fc      0x4  iplocal.o [7]
      .bss                zero     0x1fff0100      0x4  timer.o [7]
      .bss                zero     0x1fff0104      0x4  rtcsrand.o [7]
      .bss                zero     0x1fff0108      0x4  rtcsrand.o [7]
      .bss                zero     0x1fff010c      0x1  bsp_cm.o [3]
  KERNEL_DATA                      0x1fff0110      0x4  <Block>
    KERNEL_DATA-1                  0x1fff0110      0x4  <Init block>
      .kernel_data        inited   0x1fff0110      0x4  kernel_symbols.o [5]
                                 - 0x1fff0114    0x114


*******************************************************************************
*** INIT TABLE
***

          Address     Size
          -------     ----
Zero (__iar_zero_init3)
    1 destination range, total size 0xd1:
          0x1fff003c  0xd1

Copy (__iar_copy_init3)
    1 source range, total size 0x3c:
          0x0001265c  0x3c
    1 destination range, total size 0x3c:
          0x1fff0000  0x3c

Copy (__iar_copy_init3)
    1 source range, total size 0x4:
          0x00012698   0x4
    1 destination range, total size 0x4:
          0x1fff0110   0x4



*******************************************************************************
*** MODULE SUMMARY
***

    Module            ro code  ro data  rw data
    ------            -------  -------  -------
F:\eth-com\mqx\project\udp-connect\iar\hello_twrk60n512\twrk60n512\Int Flash Debug\Obj: [1]
    udp-connect.o         424      356
    -------------------------------------------
    Total:                424      356

command line: [2]
    -------------------------------------------
    Total:

bsp.a: [3]
    bsp_cm.o            2 216      148        1
    cm.o                   28
    enaddr.o               50
    enclose.o             160
    eninit.o              288
    enjoin.o              192
    enleave.o             230
    enopen.o              152
    enrecv.o              346
    ensend.o              376
    enstop.o               74
    enutil.o               96
    init_bsp.o            388        8
    init_enet.o            48       80
    init_gpio.o           676
    init_hw.o             404
    init_sci.o                      32
    io_sinit.o             56
    macnet_init.o       1 224       32
    macnet_join.o         156
    macnet_mii.o          268
    macnet_mk60.o          36       64
    macnet_receive.o    1 224
    macnet_rejoin.o        96
    macnet_send.o         726
    macnet_stop.o          76
    macnet_util.o         488
    mqx_init.o                      56
    mqx_main.o             16
    phy_ksz8041.o         412       20
    serl_mk60.o            92
    serl_pol.o          1 442
    serl_pol_kuart.o    1 536
    vectors.o                    1 041
    -------------------------------------------
    Total:             13 572    1 481        1

dl7M_tln.a: [4]
    exit.o                  4
    strncmp.o              42
    -------------------------------------------
    Total:                 46

psp.a: [5]
    boot.o                 72
    comp.o                 10
    dispatch.o            540
    idletask.o             76
    int.o                 656
    int_inst.o             20
    int_vtab.o             20
    io_dopr.o           3 432       40
    io_fopen.o            200
    io_fputc.o             68
    io_ghand.o             80
    io_init.o              36
    io_inst.o              58
    io_instx.o            256
    io_pntf.o              44
    ipsum.o                74
    kernel_symbols.o                 4        4
    kinetis_mpu.o          20
    lwmem.o             1 620
    lwsem.o               660
    mqx.o               1 108       52        8
    msg.o                 940
    msgpool.o             784
    msgq.o              2 376
    nvic.o                196
    partition.o         1 272
    psp_iinit.o            28
    psp_mstiq.o           136                 8
    psp_tiad.o             84
    psp_tinm.o             56
    psp_tkti.o            164
    queue.o               194
    sc_irdyq.o            216
    stack_bu.o            128
    stack_de.o              2
    task.o              2 118
    time.o                852
    -------------------------------------------
    Total:             18 596       96       20

rt7M_tl.a: [6]
    ABImemcpy.o           118
    ABImemset.o           102
    I64DivMod.o           306
    I64DivZer.o             2
    cexit.o                10
    cmain.o                22
    copy_init3.o           46
    cstartup_M.o           12
    data_init3.o           40
    memcmp.o               98
    zero_init3.o           34
    -------------------------------------------
    Total:                790

rtcs.a: [7]
    arp.o               2 480
    arpinit.o              16                 4
    bootcomm.o             76
    bootinit.o             24                 8
    checksum.o            178
    dhcpclnt.o            528
    icmp.o              2 012
    ifadd.o               188
    ifdhcp.o               24
    ifrem.o                88
    igmp.o                958
    igmputil.o            564
    ip-e.o              1 234       24
    ip.o                3 014
    ipcfg.o             1 240               128
    ipif_add.o            556                 4
    ipif_rem.o            158
    iplocal.o             540       24        4
    ipradix.o             688
    iproute.o           2 710
    iputil.o              860
    proxyarp.o              6
    resolver.o                                4
    route.o                36
    rtcs.o                158
    rtcscmd.o             648        8
    rtcsglob.o                      52       80
    rtcsinit.o                      16
    rtcsmsec.o             36
    rtcspart.o            510
    rtcspcb.o           1 268
    rtcsrand.o            248        4       12
    rtcstask.o            184
    sdgram.o            1 068       60
    sockutil.o            378
    sosel1.o              314
    tcp.o               4 328
    tcp_buf.o           1 196
    tcp_clos.o            592
    tcp_rcv.o           1 890
    tcp_send.o          3 728
    tcpip.o               360                 4
    ticker.o            1 018
    timer.o               248                 4
    udp.o               3 378
    -------------------------------------------
    Total:             39 728      188      252

shb_l.a: [8]
    exit.o                 20
    -------------------------------------------
    Total:                 20

    Gaps                   52
    Linker created                  60
-----------------------------------------------
    Grand Total:       73 228    2 181      273


*******************************************************************************
*** ENTRY LIST
***

Entry                      Address   Size  Type      Object
-----                      -------   ----  ----      ------
?main                   0x00000475         Code  Gb  cmain.o [6]
ARP_age                 0x0000c431   0x24  Code  Lc  arp.o [7]
ARP_close               0x0000c171   0x80  Code  Gb  arp.o [7]
ARP_delete              0x0000c2e7   0x4c  Code  Lc  arp.o [7]
ARP_do_proxy            0x0000d049    0x6  Code  Gb  proxyarp.o [7]
ARP_expire              0x0000c455   0x6e  Code  Lc  arp.o [7]
ARP_find                0x0000c1f1   0x28  Code  Lc  arp.o [7]
ARP_freelist            0x1fff00ec    0x4  Data  Gb  arpinit.o [7]
ARP_gratuitous_send     0x0000c639  0x108  Code  Lc  arp.o [7]
ARP_init                0x00009781   0x10  Code  Gb  arpinit.o [7]
ARP_insert              0x0000c235   0xb2  Code  Lc  arp.o [7]
ARP_is_complete         0x0000c219   0x1c  Code  Gb  arp.o [7]
ARP_open                0x0000c0e9   0x88  Code  Gb  arp.o [7]
ARP_request             0x0000c741   0x6a  Code  Gb  arp.o [7]
ARP_resolve             0x0000c4c3  0x176  Code  Gb  arp.o [7]
ARP_send                0x0000c335   0xfa  Code  Lc  arp.o [7]
ARP_service             0x0000c7ab  0x2dc  Code  Gb  arp.o [7]
BOOT_close              0x0000e295   0x2a  Code  Gb  bootcomm.o [7]
BOOT_count              0x1fff00f0    0x4  Data  Gb  bootinit.o [7]
BOOT_init               0x00009791   0x18  Code  Gb  bootinit.o [7]
BOOT_port               0x1fff00f4    0x4  Data  Gb  bootinit.o [7]
BOOT_send               0x0000e2bf   0x16  Code  Gb  bootcomm.o [7]
CFMPROTROM$$Base        0x00000400          --   Gb  - Linker created -
CFMPROTROM$$Limit       0x00000414          --   Gb  - Linker created -
ClockConfigurationID    0x1fff010c    0x1  Data  Lc  bsp_cm.o [3]
Cpu_GetClockConfiguration
                        0x00001087    0x8  Code  Gb  bsp_cm.o [3]
Cpu_GetCurrentMCGMode   0x00000ec3   0x46  Code  Lc  bsp_cm.o [3]
Cpu_MCGAutoTrim         0x00000ae7   0x6e  Code  Gb  bsp_cm.o [3]
Cpu_SetClockConfiguration
                        0x00000f09  0x17e  Code  Gb  bsp_cm.o [3]
Cpu_SetMCG              0x00000e3f   0x84  Code  Lc  bsp_cm.o [3]
Cpu_SetMCGModeBLPI      0x00000d33   0x36  Code  Lc  bsp_cm.o [3]
Cpu_SetMCGModeFBE       0x00000c5d   0xd6  Code  Lc  bsp_cm.o [3]
Cpu_SetMCGModeFBI       0x00000d69   0xd6  Code  Lc  bsp_cm.o [3]
Cpu_SetMCGModePBE       0x00000ba7   0xb6  Code  Lc  bsp_cm.o [3]
Cpu_SetMCGModePEE       0x00000b55   0x52  Code  Lc  bsp_cm.o [3]
DHCPCLNT_modify_options
                        0x0000e085  0x14e  Code  Lc  dhcpclnt.o [7]
DHCPCLNT_release        0x00006eb5   0x12  Code  Gb  ifdhcp.o [7]
DHCPCLNT_release_internal
                        0x0000e21d   0x6c  Code  Gb  dhcpclnt.o [7]
DHCPCLNT_send_one_shot  0x0000e1d3   0x4a  Code  Lc  dhcpclnt.o [7]
ENET_0                  0x00012420   0x10  Data  Gb  init_enet.o [3]
ENET_Dequeue_Buffer     0x000077c9    0xe  Code  Gb  enutil.o [3]
ENET_Enqueue_Buffer     0x000077c1    0x8  Code  Gb  enutil.o [3]
ENET_close              0x0000cb31   0xa0  Code  Gb  enclose.o [3]
ENET_default_params     0x00012430   0x24  Data  Gb  init_enet.o [3]
ENET_find_receiver      0x0000dbed  0x15a  Code  Gb  enrecv.o [3]
ENET_get_MTU            0x000077fb   0x26  Code  Gb  enutil.o [3]
ENET_get_address        0x00004865   0x1e  Code  Gb  enaddr.o [3]
ENET_get_mac_address    0x00004883   0x14  Code  Gb  enaddr.o [3]
ENET_initialize         0x000070d5   0x26  Code  Gb  eninit.o [3]
ENET_initialize_ex      0x00006fe1   0xf4  Code  Gb  eninit.o [3]
ENET_join               0x0000cea3   0xc0  Code  Gb  enjoin.o [3]
ENET_leave              0x0000cf63   0xe6  Code  Gb  enleave.o [3]
ENET_max_framesize      0x000077d7   0x24  Code  Gb  enutil.o [3]
ENET_open               0x0000ca99   0x98  Code  Gb  enopen.o [3]
ENET_send               0x0000cd2b  0x178  Code  Gb  ensend.o [3]
ENET_shutdown           0x00007101   0x4a  Code  Gb  enstop.o [3]
FLASHX_POOL$$Base       0x00012800          --   Gb  - Linker created -
FLASHX_POOL$$Limit      0x00012801          --   Gb  - Linker created -
ICMP_init               0x00008fa5   0x3e  Code  Gb  icmp.o [7]
ICMP_send_error         0x00009749   0x38  Code  Gb  icmp.o [7]
ICMP_send_error_internal
                        0x00009445  0x304  Code  Gb  icmp.o [7]
ICMP_service            0x00008fe5  0x45a  Code  Gb  icmp.o [7]
IF_FREE                 0x1fff00f8    0x4  Data  Gb  ipif_add.o [7]
IGMP_expire             0x0000e6e3   0x54  Code  Lc  igmp.o [7]
IGMP_filter_add         0x0000b8a5   0x1e  Code  Gb  igmputil.o [7]
IGMP_filter_rm          0x0000b8c3   0x1e  Code  Gb  igmputil.o [7]
IGMP_init               0x0000e575   0x3c  Code  Gb  igmp.o [7]
IGMP_init_timer         0x0000e737   0x14  Code  Gb  igmp.o [7]
IGMP_ipif_add           0x0000b9b9   0x1a  Code  Gb  igmputil.o [7]
IGMP_ipif_bind          0x0000b9d3   0x18  Code  Gb  igmputil.o [7]
IGMP_ipif_unbind_nosock
                        0x0000b9ed   0x46  Code  Gb  igmputil.o [7]
IGMP_is_member          0x0000ba99   0x38  Code  Gb  igmputil.o [7]
IGMP_is_member_test     0x0000ba33   0x66  Code  Lc  igmputil.o [7]
IGMP_join_if_local      0x0000b959   0x38  Code  Gb  igmputil.o [7]
IGMP_launch_timer       0x0000e74b   0x1c  Code  Gb  igmp.o [7]
IGMP_leave_if_local     0x0000b991   0x28  Code  Gb  igmputil.o [7]
IGMP_member_create      0x0000b90d   0x36  Code  Gb  igmputil.o [7]
IGMP_member_delete      0x0000b943   0x16  Code  Gb  igmputil.o [7]
IGMP_member_find        0x0000b8e1   0x2c  Code  Gb  igmputil.o [7]
IGMP_rcv_query          0x0000e7bf   0xa2  Code  Lc  igmp.o [7]
IGMP_rcv_report         0x0000e77f   0x40  Code  Lc  igmp.o [7]
IGMP_send_report        0x0000e5b1  0x132  Code  Gb  igmp.o [7]
IGMP_service            0x0000e86d   0xc6  Code  Lc  igmp.o [7]
IGMP_stop_timer         0x0000e767   0x18  Code  Gb  igmp.o [7]
IPE_close               0x0000bcc7   0x4a  Code  Gb  ip-e.o [7]
IPE_join                0x0000c06b   0x3e  Code  Gb  ip-e.o [7]
IPE_leave               0x0000c0a9   0x3e  Code  Gb  ip-e.o [7]
IPE_open                0x0000bc15   0xb2  Code  Gb  ip-e.o [7]
IPE_recv                0x0000bd11  0x168  Code  Gb  ip-e.o [7]
IPE_recv_ARP            0x0000be8d   0x12  Code  Gb  ip-e.o [7]
IPE_recv_IP             0x0000be79   0x12  Code  Gb  ip-e.o [7]
IPE_send                0x0000bea9   0x8c  Code  Gb  ip-e.o [7]
IPE_send_ARP_bcast      0x0000bfff   0x48  Code  Gb  ip-e.o [7]
IPE_send_ARP_ucast      0x0000c047   0x24  Code  Gb  ip-e.o [7]
IPE_send_IP             0x0000bf35   0xb2  Code  Gb  ip-e.o [7]
IPE_send_IP_ucast       0x0000bfe7   0x18  Code  Gb  ip-e.o [7]
IPIF_add                0x0000de0d   0xbc  Code  Gb  ipif_add.o [7]
IPIF_bind               0x0000dec9   0x7e  Code  Gb  ipif_add.o [7]
IPIF_bind_finish        0x0000df47   0x70  Code  Gb  ipif_add.o [7]
IPIF_gate_add           0x0000dfc1   0x3c  Code  Gb  ipif_add.o [7]
IPIF_gate_add_redirect  0x0000dffd   0x3c  Code  Gb  ipif_add.o [7]
IPIF_gate_remove        0x0000e35d   0x22  Code  Gb  ipif_rem.o [7]
IPIF_remove             0x0000e2e1   0x2e  Code  Gb  ipif_rem.o [7]
IPIF_unbind             0x0000e315   0x48  Code  Gb  ipif_rem.o [7]
IPLOCAL_close           0x0000984d    0x6  Code  Gb  iplocal.o [7]
IPLOCAL_init            0x0000998d   0x2c  Code  Gb  iplocal.o [7]
IPLOCAL_open            0x0000982b   0x22  Code  Gb  iplocal.o [7]
IPLOCAL_send            0x00009853   0x96  Code  Gb  iplocal.o [7]
IPLOCAL_service         0x000098e9   0xa4  Code  Gb  iplocal.o [7]
IPRADIX_findbest        0x0000a8b7   0x74  Code  Gb  ipradix.o [7]
IPRADIX_init            0x0000a89d   0x1a  Code  Gb  ipradix.o [7]
IPRADIX_insert          0x0000a92b  0x19e  Code  Gb  ipradix.o [7]
IPRADIX_walk            0x0000aac9   0x84  Code  Gb  ipradix.o [7]
IP_MTU                  0x0000a74f   0x2a  Code  Gb  iputil.o [7]
IP_MTU_test             0x0000a6e3   0x6c  Code  Lc  iputil.o [7]
IP_Sum_PCB              0x0000a45d   0x62  Code  Gb  checksum.o [7]
IP_Sum_immediate        0x0000a445   0x18  Code  Gb  checksum.o [7]
IP_Sum_pseudo           0x0000a4bf   0x38  Code  Gb  checksum.o [7]
IP_complete_recv        0x00008a5d  0x176  Code  Gb  ip.o [7]
IP_complete_send        0x0000855d  0x2a0  Code  Gb  ip.o [7]
IP_dest                 0x00008f87   0x1c  Code  Gb  ip.o [7]
IP_find_if              0x0000a797   0x32  Code  Gb  iputil.o [7]
IP_find_if_test         0x0000a779   0x1e  Code  Lc  iputil.o [7]
IP_get_ipif_addr        0x0000a5ed   0x26  Code  Gb  iputil.o [7]
IP_get_ipif_addr_test   0x0000a5b3   0x3a  Code  Lc  iputil.o [7]
IP_get_netmask          0x0000a579   0x3a  Code  Gb  iputil.o [7]
IP_get_netmask_test     0x0000a541   0x38  Code  Lc  iputil.o [7]
IP_init                 0x000083dd   0xaa  Code  Gb  ip.o [7]
IP_is_gate              0x0000a6bb   0x28  Code  Gb  iputil.o [7]
IP_is_gate_test         0x0000a68b   0x30  Code  Lc  iputil.o [7]
IP_is_local             0x0000a655   0x36  Code  Gb  iputil.o [7]
IP_is_local_test        0x0000a613   0x42  Code  Lc  iputil.o [7]
IP_open                 0x000097a9   0x82  Code  Gb  iplocal.o [7]
IP_route                0x0000a329   0xe8  Code  Gb  iproute.o [7]
IP_route_add_direct     0x00009b05   0xbc  Code  Gb  iproute.o [7]
IP_route_add_indirect   0x00009caf   0xaa  Code  Gb  iproute.o [7]
IP_route_add_indirect_sort
                        0x00009c23   0x8c  Code  Lc  iproute.o [7]
IP_route_delete         0x00009a51   0xb4  Code  Lc  iproute.o [7]
IP_route_delete_direct_test
                        0x00009bc1   0x1a  Code  Lc  iproute.o [7]
IP_route_delete_indirect_all
                        0x00009d59   0x94  Code  Lc  iproute.o [7]
IP_route_delete_indirect_test
                        0x00009ded   0x26  Code  Lc  iproute.o [7]
IP_route_find           0x0000a82d   0x52  Code  Gb  iputil.o [7]
IP_route_find_test      0x0000a7c9   0x64  Code  Lc  iputil.o [7]
IP_route_init           0x000099c5   0x18  Code  Gb  iproute.o [7]
IP_route_insert         0x000099dd   0x74  Code  Lc  iproute.o [7]
IP_route_local          0x00009ef7   0x96  Code  Gb  iproute.o [7]
IP_route_local_test     0x00009e8b   0x6c  Code  Lc  iproute.o [7]
IP_route_multi          0x0000a0c9   0x6e  Code  Gb  iproute.o [7]
IP_route_multi_test     0x00009f8d  0x13c  Code  Lc  iproute.o [7]
IP_route_remove_direct  0x00009bdb   0x48  Code  Gb  iproute.o [7]
IP_route_remove_indirect
                        0x00009e13   0x78  Code  Gb  iproute.o [7]
IP_route_test           0x0000a137  0x1f2  Code  Lc  iproute.o [7]
IP_send                 0x00008487   0x8e  Code  Gb  ip.o [7]
IP_send_IF              0x00008515   0x46  Code  Gb  ip.o [7]
IP_send_dgram           0x00008be5  0x386  Code  Gb  ip.o [7]
IP_service              0x000087fd  0x25e  Code  Gb  ip.o [7]
IP_source               0x00008f6b   0x1c  Code  Gb  ip.o [7]
KERNEL_DATA$$Base       0x1fff0110          --   Gb  - Linker created -
KERNEL_DATA$$Limit      0x1fff0114          --   Gb  - Linker created -
LDD_SetClockConfiguration
                        0x00000ae5    0x2  Code  Gb  bsp_cm.o [3]
LWDNS_server_ipaddr     0x1fff00e8    0x4  Data  Gb  resolver.o [7]
MACNET_IF               0x000124cc   0x20  Data  Gb  macnet_init.o [3]
MACNET_RX_ISR           0x0000d9d5   0x30  Code  Gb  macnet_receive.o [3]
MACNET_TX_ISR           0x00011fd1   0x36  Code  Gb  macnet_send.o [3]
MACNET_add_buffers_to_rx_ring
                        0x0000d5d5   0x8c  Code  Gb  macnet_receive.o [3]
MACNET_device           0x0001240c   0x14  Data  Gb  init_enet.o [3]
MACNET_discard_current_rx
                        0x0000d661   0x50  Code  Lc  macnet_receive.o [3]
MACNET_free_context     0x0000dbad   0x40  Code  Gb  macnet_util.o [3]
MACNET_get_base_address
                        0x0000d519    0xe  Code  Gb  macnet_mk60.o [3]
MACNET_get_vector       0x0000db7f   0x20  Code  Gb  macnet_util.o [3]
MACNET_initialize       0x0000d051  0x4c8  Code  Gb  macnet_init.o [3]
MACNET_install_isr      0x0000da05   0x66  Code  Gb  macnet_util.o [3]
MACNET_install_isrs     0x0000da6b   0x6e  Code  Gb  macnet_util.o [3]
MACNET_io_init          0x0000d52d   0x10  Code  Gb  macnet_mk60.o [3]
MACNET_join             0x0000e381   0x9c  Code  Gb  macnet_join.o [3]
MACNET_mask_interrupts  0x0000dad9   0x24  Code  Gb  macnet_util.o [3]
MACNET_mii_enabled      0x0000e41d   0x12  Code  Lc  macnet_mii.o [3]
MACNET_process_rx_bds   0x0000d6b1  0x318  Code  Lc  macnet_receive.o [3]
MACNET_process_tx_bds   0x00011ef1   0xe0  Code  Lc  macnet_send.o [3]
MACNET_read_mii         0x0000e4c9   0x30  Code  Gb  macnet_mii.o [3]
MACNET_read_write_mii   0x0000e42f   0x94  Code  Lc  macnet_mii.o [3]
MACNET_rejoin           0x00011cd1   0x60  Code  Gb  macnet_rejoin.o [3]
MACNET_rx_free          0x0000d59b   0x3a  Code  Lc  macnet_receive.o [3]
MACNET_rx_free_large    0x0000d585   0x16  Code  Lc  macnet_receive.o [3]
MACNET_rx_free_small    0x0000d56f   0x16  Code  Lc  macnet_receive.o [3]
MACNET_rx_free_specific
                        0x0000d53d   0x32  Code  Lc  macnet_receive.o [3]
MACNET_send             0x00011d31  0x1c0  Code  Gb  macnet_send.o [3]
MACNET_shutdown         0x0000e529   0x4c  Code  Gb  macnet_stop.o [3]
MACNET_uninstall_all_isrs
                        0x0000db51   0x2e  Code  Gb  macnet_util.o [3]
MACNET_uninstall_isr    0x0000dafd   0x54  Code  Lc  macnet_util.o [3]
MACNET_vectors          0x00012530   0x40  Data  Gb  macnet_mk60.o [3]
MACNET_write_mii        0x0000e4f9   0x30  Code  Gb  macnet_mii.o [3]
MCGTransitionMatrix     0x00012570   0x1c  Data  Lc  bsp_cm.o [3]
MQX_init_struct         0x0001262c   0x30  Data  Gb  mqx_init.o [3]
MQX_template_list       0x00012368   0x60  Data  Gb  udp-connect.o [1]
PE_CpuClockConfigurations
                        0x0001258c   0x78  Data  Gb  bsp_cm.o [3]
PE_low_level_init       0x000011dd   0x7e  Code  Gb  bsp_cm.o [3]
ROUTE_new_bindif        0x0000ab4d   0x24  Code  Gb  route.o [7]
RTCSPCB_alloc           0x00007f75   0x2c  Code  Gb  rtcspcb.o [7]
RTCSPCB_alloc_dup       0x0000804f   0x98  Code  Gb  rtcspcb.o [7]
RTCSPCB_alloc_recv      0x00007ff3   0x5c  Code  Gb  rtcspcb.o [7]
RTCSPCB_alloc_send      0x00007fa1   0x52  Code  Gb  rtcspcb.o [7]
RTCSPCB_append_fragment
                        0x0000830f   0x5a  Code  Gb  rtcspcb.o [7]
RTCSPCB_append_fragment_autofree
                        0x000082e7   0x28  Code  Gb  rtcspcb.o [7]
RTCSPCB_construct       0x00007ee9   0x2e  Code  Lc  rtcspcb.o [7]
RTCSPCB_depend          0x000080e7   0x20  Code  Gb  rtcspcb.o [7]
RTCSPCB_destroy         0x00007f17   0x10  Code  Lc  rtcspcb.o [7]
RTCSPCB_fork            0x00008107   0x9a  Code  Gb  rtcspcb.o [7]
RTCSPCB_free_internal   0x000081a1   0xb4  Code  Lc  rtcspcb.o [7]
RTCSPCB_init            0x00007f27   0x38  Code  Gb  rtcspcb.o [7]
RTCSPCB_insert_header   0x00008255   0x38  Code  Gb  rtcspcb.o [7]
RTCSPCB_memcopy         0x00008369   0x74  Code  Gb  rtcspcb.o [7]
RTCSPCB_next            0x0000828d   0x36  Code  Gb  rtcspcb.o [7]
RTCSPCB_shrink          0x000082c3   0x24  Code  Gb  rtcspcb.o [7]
RTCS_IF_ENET            0x000124c8    0x4  Data  Gb  ip-e.o [7]
RTCS_IF_LOCALHOST       0x00012514    0x4  Data  Gb  iplocal.o [7]
RTCS_IF_LOCALHOST_PRV   0x1fff00fc    0x4  Data  Gb  iplocal.o [7]
RTCS_cmd_complete       0x000047b5   0x1a  Code  Gb  rtcscmd.o [7]
RTCS_cmd_internal       0x0000479f   0x16  Code  Gb  rtcscmd.o [7]
RTCS_cmd_issue          0x0000474d   0x52  Code  Gb  rtcscmd.o [7]
RTCS_cmd_service        0x000047cf   0x36  Code  Gb  rtcscmd.o [7]
RTCS_create             0x000045b1  0x164  Code  Gb  rtcscmd.o [7]
RTCS_gate_add           0x00006faf   0x20  Code  Gb  ifadd.o [7]
RTCS_gate_remove        0x00006ef9   0x20  Code  Gb  ifrem.o [7]
RTCS_if_add             0x00006f25   0x30  Code  Gb  ifadd.o [7]
RTCS_if_probe_and_bind  0x00006f55   0x5a  Code  Gb  ifadd.o [7]
RTCS_if_remove          0x00006ecd   0x14  Code  Gb  ifrem.o [7]
RTCS_if_unbind          0x00006ee1   0x18  Code  Gb  ifrem.o [7]
RTCS_log_error          0x00004831    0x8  Code  Gb  rtcscmd.o [7]
RTCS_mem_alloc          0x00004e11   0x20  Code  Gb  rtcspart.o [7]
RTCS_mem_alloc_system   0x00004e51   0x20  Code  Gb  rtcspart.o [7]
RTCS_mem_alloc_system_zero
                        0x00004e71   0x20  Code  Gb  rtcspart.o [7]
RTCS_mem_alloc_zero     0x00004e31   0x20  Code  Gb  rtcspart.o [7]
RTCS_part_alloc         0x00004f43   0x4e  Code  Gb  rtcspart.o [7]
RTCS_part_alloc_zero    0x00004f91   0x1e  Code  Gb  rtcspart.o [7]
RTCS_part_create        0x00004e95   0xae  Code  Gb  rtcspart.o [7]
RTCS_part_destroy       0x00004fcb   0x44  Code  Gb  rtcspart.o [7]
RTCS_part_free          0x00004faf   0x1c  Code  Gb  rtcspart.o [7]
RTCS_protocol_table     0x00012518   0x10  Data  Gb  rtcsinit.o [7]
RTCS_rand               0x0000cbe7   0xc8  Code  Gb  rtcsrand.o [7]
RTCS_rand_seed          0x0000cbd1   0x16  Code  Gb  rtcsrand.o [7]
RTCS_seterror           0x00004805   0x2c  Code  Gb  rtcscmd.o [7]
RTCS_setsockerror       0x00004e09    0x6  Code  Gb  rtcs.o [7]
RTCS_shutdown           0x00004dc1   0x42  Code  Gb  rtcs.o [7]
RTCS_socket             0x00004d71   0x50  Code  Gb  rtcs.o [7]
RTCS_task               0x00005c69   0x18  Code  Lc  rtcstask.o [7]
RTCS_task_create        0x00005c81   0x6a  Code  Gb  rtcstask.o [7]
RTCS_task_exit          0x00005d07   0x1a  Code  Gb  rtcstask.o [7]
RTCS_task_resume_creator
                        0x00005cf1   0x16  Code  Gb  rtcstask.o [7]
RTCS_time_get           0x00007ec5   0x18  Code  Gb  rtcsmsec.o [7]
RTCS_timer_get_interval
                        0x00007edd    0xc  Code  Gb  rtcsmsec.o [7]
Region$$Table$$Base     0x0001222c          --   Gb  - Linker created -
Region$$Table$$Limit    0x00012264          --   Gb  - Linker created -
SOCK_Add_owner          0x000072c1    0x6  Code  Gb  sockutil.o [7]
SOCK_DGRAM_CALL         0x000123d0   0x3c  Data  Gb  sdgram.o [7]
SOCK_DGRAM_bind         0x0000785b   0x6a  Code  Gb  sdgram.o [7]
SOCK_DGRAM_connect      0x000078c5   0xa2  Code  Gb  sdgram.o [7]
SOCK_DGRAM_getpeername  0x000079c5   0x62  Code  Gb  sdgram.o [7]
SOCK_DGRAM_getsockname  0x00007967   0x5e  Code  Gb  sdgram.o [7]
SOCK_DGRAM_recv         0x00007a27   0x28  Code  Gb  sdgram.o [7]
SOCK_DGRAM_recvfrom     0x00007a4f   0xb0  Code  Gb  sdgram.o [7]
SOCK_DGRAM_send         0x00007aff   0x2c  Code  Gb  sdgram.o [7]
SOCK_DGRAM_sendto       0x00007b2b   0xe0  Code  Gb  sdgram.o [7]
SOCK_DGRAM_shutdown     0x00007c0b   0x26  Code  Gb  sdgram.o [7]
SOCK_DGRAM_socket       0x00007821   0x3a  Code  Gb  sdgram.o [7]
SOCK_Free_sock_struct   0x00007269   0x52  Code  Gb  sockutil.o [7]
SOCK_Get_sock_struct    0x0000714d  0x10e  Code  Gb  sockutil.o [7]
SOCK_Is_owner           0x000072bb    0x6  Code  Gb  sockutil.o [7]
SOCK_select_unblock     0x0000bad9   0x48  Code  Gb  sosel1.o [7]
TCP4_Service_packet     0x0000f7ab  0x272  Code  Gb  tcp.o [7]
TCPIP_Event_add         0x00007dd5   0x42  Code  Gb  timer.o [7]
TCPIP_Event_cancel      0x00007e17   0x30  Code  Gb  timer.o [7]
TCPIP_Event_expire      0x00007e47   0x22  Code  Gb  timer.o [7]
TCPIP_Event_head        0x1fff0100    0x4  Data  Gb  timer.o [7]
TCPIP_Event_init        0x00007dcd    0x8  Code  Gb  timer.o [7]
TCPIP_Event_time        0x00007e69   0x58  Code  Gb  timer.o [7]
TCPIP_fake_tick         0x00007c65    0x4  Code  Lc  tcpip.o [7]
TCPIP_task              0x00007c69  0x14a  Code  Gb  tcpip.o [7]
TCP_Advance_receive_user
                        0x00010f41   0x1c  Code  Gb  tcp_rcv.o [7]
TCP_Advertise_receive_window
                        0x00010fa5   0x6c  Code  Gb  tcp_rcv.o [7]
TCP_Clone_tcb           0x0000ed55  0x14e  Code  Gb  tcp.o [7]
TCP_Close_TCB           0x0000feed  0x128  Code  Gb  tcp_clos.o [7]
TCP_Copy_from_buffer    0x00011743   0xd6  Code  Gb  tcp_buf.o [7]
TCP_Copy_from_ring      0x000116cf   0x74  Code  Gb  tcp_buf.o [7]
TCP_Copy_to_Rbuffer     0x00011819  0x210  Code  Gb  tcp_buf.o [7]
TCP_Copy_to_ring        0x0001165b   0x74  Code  Gb  tcp_buf.o [7]
TCP_Event               0x0000e9f9   0x2c  Code  Gb  tcp.o [7]
TCP_Free_TCB            0x0000fe19   0x76  Code  Gb  tcp_clos.o [7]
TCP_Init                0x0000e935   0xc4  Code  Gb  tcp.o [7]
TCP_Must_send_ack       0x00010ef9   0x48  Code  Gb  tcp_rcv.o [7]
TCP_Process_RTT_measure
                        0x00010119   0xde  Code  Gb  tcp_send.o [7]
TCP_Process_ack         0x00010ba5  0x354  Code  Gb  tcp_send.o [7]
TCP_Process_data        0x00011371  0x2ea  Code  Gb  tcp_rcv.o [7]
TCP_Process_effective_close
                        0x00010015   0x4e  Code  Gb  tcp_clos.o [7]
TCP_Process_packet      0x0000eea3  0x908  Code  Gb  tcp.o [7]
TCP_Process_release     0x0000fe8f   0x5e  Code  Gb  tcp_clos.o [7]
TCP_Process_signal      0x0000ea25  0x23a  Code  Gb  tcp.o [7]
TCP_Reply_receive       0x00011041   0xd2  Code  Gb  tcp_rcv.o [7]
TCP_Return_open         0x0000ec75   0xe0  Code  Gb  tcp.o [7]
TCP_Send_IP_packet      0x000101f7   0x42  Code  Gb  tcp_send.o [7]
TCP_Send_keepalive      0x00010805   0x72  Code  Gb  tcp_send.o [7]
TCP_Send_packet         0x00010239  0x436  Code  Gb  tcp_send.o [7]
TCP_Send_reply_reset    0x0001066f  0x196  Code  Gb  tcp_send.o [7]
TCP_Setup_receive       0x00011161  0x210  Code  Gb  tcp_rcv.o [7]
TCP_Start_receiving     0x00011011   0x30  Code  Gb  tcp_rcv.o [7]
TCP_Start_sending       0x00010b4f   0x50  Code  Gb  tcp_send.o [7]
TCP_Test_done_receive   0x00011113   0x4e  Code  Gb  tcp_rcv.o [7]
TCP_Tick_server         0x0000fd05  0x112  Code  Gb  ticker.o [7]
TCP_Timer_advance       0x0000fc05   0xac  Code  Gb  ticker.o [7]
TCP_Timer_expire        0x0000faa7   0x2c  Code  Gb  ticker.o [7]
TCP_Timer_oneshot_max   0x0000fcb1   0x54  Code  Gb  ticker.o [7]
TCP_Timer_remove        0x0000fad3   0x50  Code  Gb  ticker.o [7]
TCP_Timer_schedule      0x0000fa1d   0x8a  Code  Gb  ticker.o [7]
TCP_Timer_start         0x0000fb75   0x90  Code  Gb  ticker.o [7]
TCP_Timer_stop          0x0000fb23   0x52  Code  Gb  ticker.o [7]
TCP_Transmit            0x00010877  0x2d8  Code  Gb  tcp_send.o [7]
TCP_Truncate_receive_chunks
                        0x00010f5d   0x48  Code  Gb  tcp_rcv.o [7]
TCP_Update_send_window  0x00010069   0xb0  Code  Gb  tcp_send.o [7]
TCP_Use_ringbuffer      0x00011a29   0xc8  Code  Gb  tcp_buf.o [7]
TCP_tick                0x1fff00bc    0x4  Data  Gb  tcpip.o [7]
TEXTSECTION$$Base       0x00000420          --   Gb  - Linker created -
TEXTSECTION$$Limit      0x00012006          --   Gb  - Linker created -
UDP_bind                0x0000ac69  0x1c4  Code  Gb  udp.o [7]
UDP_close               0x0000b76d  0x126  Code  Gb  udp.o [7]
UDP_close_internal      0x0000abd1   0x22  Code  Gb  udp.o [7]
UDP_connect             0x0000ae2d  0x164  Code  Gb  udp.o [7]
UDP_init                0x0000ab71   0x60  Code  Gb  udp.o [7]
UDP_open                0x0000abf5   0x74  Code  Gb  udp.o [7]
UDP_process             0x0000b6b9   0xae  Code  Gb  udp.o [7]
UDP_receive             0x0000af91   0xc0  Code  Gb  udp.o [7]
UDP_send                0x0000b051  0x18c  Code  Gb  udp.o [7]
UDP_send_IF             0x0000b2ab   0xd2  Code  Gb  udp.o [7]
UDP_send_internal       0x0000b1dd   0xce  Code  Gb  udp.o [7]
UDP_service             0x0000b37d  0x33c  Code  Gb  udp.o [7]
UDP_source              0x0000b893   0x10  Code  Gb  udp.o [7]
USER_DEFAULT_MEMORY$$Base
                        0x1fff0000          --   Gb  - Linker created -
USER_DEFAULT_MEMORY$$Limit
                        0x1fff0110          --   Gb  - Linker created -
USER_MEMORY$$Base       0x1fff0000          --   Gb  - Linker created -
USER_MEMORY$$Limit      0x1fff0110          --   Gb  - Linker created -
_DHCP_broadcast         0x1fff00d4    0x4  Data  Gb  rtcsglob.o [7]
_IP_forward             0x1fff00c4    0x4  Data  Gb  rtcsglob.o [7]
_RTCSPCB_grow           0x1fff0008    0x4  Data  Gb  rtcsglob.o [7]
_RTCSPCB_init           0x1fff0004    0x4  Data  Gb  rtcsglob.o [7]
_RTCSPCB_max            0x1fff000c    0x4  Data  Gb  rtcsglob.o [7]
_RTCSQUEUE_base         0x1fff0000    0x4  Data  Gb  rtcsglob.o [7]
_RTCSTASK_priority      0x1fff0010    0x4  Data  Gb  rtcsglob.o [7]
_RTCSTASK_stacksize     0x1fff0014    0x4  Data  Gb  rtcsglob.o [7]
_RTCS_initialized       0x1fff00c0    0x4  Data  Gb  rtcsglob.o [7]
_RTCS_mem_pool          0x1fff00d8    0x4  Data  Gb  rtcsglob.o [7]
_RTCS_msgpool_grow      0x1fff0020    0x4  Data  Gb  rtcsglob.o [7]
_RTCS_msgpool_init      0x1fff001c    0x4  Data  Gb  rtcsglob.o [7]
_RTCS_msgpool_max       0x1fff0024    0x4  Data  Gb  rtcsglob.o [7]
_RTCS_socket_part_grow  0x1fff002c    0x4  Data  Gb  rtcsglob.o [7]
_RTCS_socket_part_init  0x1fff0028    0x4  Data  Gb  rtcsglob.o [7]
_RTCS_socket_part_max   0x1fff0030    0x4  Data  Gb  rtcsglob.o [7]
_SOCK_select_signal     0x0000bb21   0xf2  Code  Gb  sosel1.o [7]
_TCP_bypass_rx          0x1fff00c8    0x4  Data  Gb  rtcsglob.o [7]
_TCP_bypass_tx          0x1fff00cc    0x4  Data  Gb  rtcsglob.o [7]
_TCP_rto_min            0x1fff00d0    0x4  Data  Gb  rtcsglob.o [7]
_UDP_max_queue_size     0x1fff0018    0x4  Data  Gb  rtcsglob.o [7]
__BOOT_STACK_ADDRESS {Abs}
                        0x2000fef0          --   Gb  command line/config [2]
__DEFAULT_INTERRUPT_STACK_SIZE {Abs}
                        0x00000400          --   Gb  command line/config [2]
__DEFAULT_PROCESSOR_NUMBER {Abs}
                        0x00000001          --   Gb  command line/config [2]
__EXTERNAL_LCD_BASE {Abs}
                        0x60000000          --   Gb  command line/config [2]
__EXTERNAL_LCD_DC_BASE {Abs}
                        0x60010000          --   Gb  command line/config [2]
__EXTERNAL_LCD_SIZE {Abs}
                        0x0001ffff          --   Gb  command line/config [2]
__EXTERNAL_MRAM_RAM_BASE {Abs}
                        0x70000000          --   Gb  command line/config [2]
__EXTERNAL_MRAM_RAM_SIZE {Abs}
                        0x00080000          --   Gb  command line/config [2]
__EXTERNAL_MRAM_ROM_BASE {Abs}
                        0x70000000          --   Gb  command line/config [2]
__EXTERNAL_MRAM_ROM_SIZE {Abs}
                        0x00000000          --   Gb  command line/config [2]
__FLASHX_END_ADDR {Abs}
                        0x00080000          --   Gb  command line/config [2]
__FLASHX_SECT_SIZE {Abs}
                        0x00000800          --   Gb  command line/config [2]
__FLASHX_START_ADDR     0x00012800    0x1  Data  Gb  vectors.o [3]
__INTERNAL_FLASH_BASE {Abs}
                        0x00000000          --   Gb  command line/config [2]
__INTERNAL_FLASH_SIZE {Abs}
                        0x00080000          --   Gb  command line/config [2]
__INTERNAL_FLEXNVM_BASE {Abs}
                        0x00000000          --   Gb  command line/config [2]
__INTERNAL_FLEXNVM_SIZE {Abs}
                        0x00000000          --   Gb  command line/config [2]
__KERNEL_DATA_END {Abs}
                        0x2000fff0          --   Gb  command line/config [2]
__KERNEL_DATA_START     0x1fff0110         Data  Gb  kernel_symbols.o [5]
__USER_HEAP_END {Abs}   0x00000000          --   Gb  command line/config [2]
__USER_HEAP_START {Abs}
                        0x00001fa0          --   Gb  command line/config [2]
__VECTOR_TABLE_RAM_START {Abs}
                        0x1fff0000          --   Gb  command line/config [2]
__VECTOR_TABLE_ROM_START {Abs}
                        0x00000000          --   Gb  command line/config [2]
__aeabi_ldiv0           0x000042d9         Code  Gb  I64DivZer.o [6]
__aeabi_ldivmod         0x0000416d         Code  Gb  I64DivMod.o [6]
__aeabi_memcpy          0x00001675         Code  Gb  ABImemcpy.o [6]
__aeabi_memcpy4         0x00001695         Code  Gb  ABImemcpy.o [6]
__aeabi_memcpy8         0x00001695         Code  Gb  ABImemcpy.o [6]
__aeabi_memset          0x00002dfd         Code  Gb  ABImemset.o [6]
__aeabi_uldivmod        0x000041b1         Code  Gb  I64DivMod.o [6]
__boot                  0x00000421          --   Gb  boot.o [5]
__cmain                 0x00000475         Code  Gb  cmain.o [6]
__exit                  0x00002dcd   0x14  Code  Gb  exit.o [8]
__get_MSP               0x00012203          --   Gb  dispatch.o [5]
__get_PSP               0x000121fd          --   Gb  dispatch.o [5]
__get_PSR               0x0001220f          --   Gb  dispatch.o [5]
__iar_Memset            0x00002dfd         Code  Gb  ABImemset.o [6]
__iar_Memset_word       0x00002e05         Code  Gb  ABImemset.o [6]
__iar_copy_init3        0x00001647   0x2e  Code  Gb  copy_init3.o [6]
__iar_data_init3        0x00000495   0x28  Code  Gb  data_init3.o [6]
__iar_program_start     0x00000469         Code  Gb  cstartup_M.o [6]
__iar_zero_init3        0x00000ac3   0x22  Code  Gb  zero_init3.o [6]
__low_level_init        0x0000048b    0xa  Code  Gb  comp.o [5]
__pe_initialize_hardware
                        0x00001091  0x14c  Code  Gb  bsp_cm.o [3]
__set_MSP               0x00000457          --   Gb  boot.o [5]
__vector_table          0x00000000  0x400  Data  Gb  vectors.o [3]
_bsp_enable_card        0x00002939   0xc8  Code  Gb  init_bsp.o [3]
_bsp_enet_io_init       0x00001585   0x54  Code  Gb  init_gpio.o [3]
_bsp_flexbus_mram_setup
                        0x000005ed   0x10  Code  Lc  init_hw.o [3]
_bsp_flexbus_setup      0x000004eb  0x102  Code  Lc  init_hw.o [3]
_bsp_get_clock          0x00001297   0x24  Code  Gb  bsp_cm.o [3]
_bsp_get_clock_configuration
                        0x0000128f    0x8  Code  Gb  bsp_cm.o [3]
_bsp_get_hwticks        0x00002a0d   0x40  Code  Gb  init_bsp.o [3]
_bsp_get_mac_address    0x00006e85   0x30  Code  Gb  init_enet.o [3]
_bsp_get_serial_base_address
                        0x00004049   0x5c  Code  Gb  serl_mk60.o [3]
_bsp_gpio_io_init       0x000015d9   0x10  Code  Gb  init_gpio.o [3]
_bsp_initialize_hardware
                        0x00001385    0x8  Code  Gb  bsp_cm.o [3]
_bsp_low_level_init     0x0000137d    0x8  Code  Gb  bsp_cm.o [3]
_bsp_osc_autotrim       0x0000134d   0x30  Code  Gb  bsp_cm.o [3]
_bsp_sci3_init          0x00012604   0x20  Data  Gb  init_sci.o [3]
_bsp_serial_io_init     0x0000138d  0x1f8  Code  Gb  init_gpio.o [3]
_bsp_serial_rts_init    0x000015e9   0x2a  Code  Gb  init_gpio.o [3]
_bsp_set_clock_configuration
                        0x0000125b   0x34  Code  Gb  bsp_cm.o [3]
_bsp_systick            0x00002a01    0xa  Code  Gb  init_bsp.o [3]
_bsp_watchdog_disable   0x000004d1   0x1a  Code  Gb  init_hw.o [3]
_call_main              0x00000481         Code  Gb  cmain.o [6]
_cfm                    0x00000400   0x10  Data  Gb  vectors.o [3]
_cm_get_clock           0x00002de9   0x14  Code  Gb  cm.o [3]
_cm_get_clock_configuration
                        0x00002de1    0x8  Code  Gb  cm.o [3]
_enet_oui               0x00012454    0x8  Data  Gb  init_enet.o [3]
_exit                   0x00000ab9         Code  Gb  cexit.o [6]
_int_default_isr        0x00002a79   0x3a  Code  Gb  int.o [5]
_int_disable            0x00002ab3   0x22  Code  Gb  int.o [5]
_int_enable             0x00002ad5   0x36  Code  Gb  int.o [5]
_int_get_isr            0x00002b0b   0x62  Code  Gb  int.o [5]
_int_get_isr_data       0x00002b6d   0x60  Code  Gb  int.o [5]
_int_init               0x00002c91   0x6c  Code  Gb  int.o [5]
_int_install_isr        0x00002bcd   0xc4  Code  Gb  int.o [5]
_int_kernel_isr         0x00012117          --   Gb  dispatch.o [5]
_int_set_vector_table   0x00002f01    0xe  Code  Gb  int_vtab.o [5]
_io_dev_install         0x0000429f   0x3a  Code  Gb  io_inst.o [5]
_io_dev_install_ext     0x000042dd  0x100  Code  Gb  io_instx.o [5]
_io_doprint             0x000061c3  0xb00  Code  Gb  io_dopr.o [5]
_io_doprint_prt         0x00006ccd   0xa8  Code  Gb  io_dopr.o [5]
_io_doprint_prt64       0x00006d75   0xfc  Code  Gb  io_dopr.o [5]
_io_fopen               0x000040a5   0xc8  Code  Gb  io_fopen.o [5]
_io_fputc               0x00011af1   0x44  Code  Gb  io_fputc.o [5]
_io_get_handle          0x000060cd   0x50  Code  Gb  io_ghand.o [5]
_io_init                0x0000327d   0x24  Code  Gb  io_init.o [5]
_io_mputc               0x0000611d   0x44  Code  Lc  io_dopr.o [5]
_io_printf              0x00004839   0x2c  Code  Gb  io_pntf.o [5]
_io_putstr              0x00006161   0x62  Code  Lc  io_dopr.o [5]
_io_serial_default_init
                        0x000038a1   0x38  Code  Gb  io_sinit.o [3]
_io_serial_polled_close
                        0x00003c29   0x36  Code  Gb  serl_pol.o [3]
_io_serial_polled_install
                        0x00003aa5   0x82  Code  Gb  serl_pol.o [3]
_io_serial_polled_ioctl
                        0x00003f99   0xae  Code  Gb  serl_pol.o [3]
_io_serial_polled_open  0x00003b29   0xfe  Code  Gb  serl_pol.o [3]
_io_serial_polled_read  0x00003c61  0x1f6  Code  Gb  serl_pol.o [3]
_io_serial_polled_write
                        0x00003e59  0x13e  Code  Gb  serl_pol.o [3]
_kinetis_mpu_disable    0x00003269   0x10  Code  Gb  kinetis_mpu.o [5]
_kuart_change_baudrate  0x000032a1   0x64  Code  Gb  serl_pol_kuart.o [3]
_kuart_polled_deinit    0x00003451   0x30  Code  Gb  serl_pol_kuart.o [3]
_kuart_polled_getc      0x00003481   0x14  Code  Gb  serl_pol_kuart.o [3]
_kuart_polled_init      0x00003351   0xfe  Code  Gb  serl_pol_kuart.o [3]
_kuart_polled_install   0x00003319   0x36  Code  Gb  serl_pol_kuart.o [3]
_kuart_polled_ioctl     0x00003509  0x398  Code  Gb  serl_pol_kuart.o [3]
_kuart_polled_peripheral_disable
                        0x0000330f    0xa  Code  Lc  serl_pol_kuart.o [3]
_kuart_polled_peripheral_enable
                        0x00003305    0xa  Code  Lc  serl_pol_kuart.o [3]
_kuart_polled_putc      0x00003495   0x12  Code  Gb  serl_pol_kuart.o [3]
_kuart_polled_status    0x000034a9   0x60  Code  Gb  serl_pol_kuart.o [3]
_lwmem_alloc            0x0000194f   0x20  Code  Gb  lwmem.o [5]
_lwmem_alloc_at         0x0000196f   0x26  Code  Gb  lwmem.o [5]
_lwmem_alloc_at_internal
                        0x00001809  0x146  Code  Gb  lwmem.o [5]
_lwmem_alloc_from       0x00001995   0x20  Code  Gb  lwmem.o [5]
_lwmem_alloc_internal   0x000016ed  0x11c  Code  Gb  lwmem.o [5]
_lwmem_alloc_system     0x00001bed   0x20  Code  Gb  lwmem.o [5]
_lwmem_alloc_system_from
                        0x00001bcd   0x20  Code  Gb  lwmem.o [5]
_lwmem_alloc_system_zero
                        0x00001d15   0x20  Code  Gb  lwmem.o [5]
_lwmem_alloc_system_zero_from
                        0x00001cf5   0x20  Code  Gb  lwmem.o [5]
_lwmem_alloc_zero       0x000019b5   0x20  Code  Gb  lwmem.o [5]
_lwmem_alloc_zero_from  0x000019d5   0x20  Code  Gb  lwmem.o [5]
_lwmem_create_pool      0x000019f5   0x84  Code  Gb  lwmem.o [5]
_lwmem_free             0x00001a79  0x154  Code  Gb  lwmem.o [5]
_lwmem_get_highwater    0x00001cdb    0xe  Code  Gb  lwmem.o [5]
_lwmem_get_next_block_internal
                        0x00001c35   0x90  Code  Gb  lwmem.o [5]
_lwmem_init_internal    0x00001c0d   0x28  Code  Gb  lwmem.o [5]
_lwmem_set_type         0x00001cc5   0x16  Code  Gb  lwmem.o [5]
_lwmem_transfer_internal
                        0x00001ce9    0xc  Code  Gb  lwmem.o [5]
_lwsem_create           0x000026c5   0x14  Code  Gb  lwsem.o [5]
_lwsem_create_hidden    0x000026d9   0x14  Code  Gb  lwsem.o [5]
_lwsem_create_internal  0x00002661   0x64  Code  Gb  lwsem.o [5]
_lwsem_destroy          0x000027b1    0xe  Code  Gb  lwsem.o [5]
_lwsem_destroy_internal
                        0x000026ed   0xc4  Code  Gb  lwsem.o [5]
_lwsem_poll             0x000027bf   0x3c  Code  Gb  lwsem.o [5]
_lwsem_post             0x000027fb   0x7c  Code  Gb  lwsem.o [5]
_lwsem_wait             0x00002877   0x76  Code  Gb  lwsem.o [5]
_main                   0x00000487         Code  Gb  cmain.o [6]
_mem_sum_ip             0x0000a4f7   0x4a  Code  Gb  ipsum.o [5]
_mem_test_and_set       0x000121e3          --   Gb  dispatch.o [5]
_mqx                    0x00000665  0x1c0  Code  Gb  mqx.o [5]
_mqx_api_call           0x00012039          --   Gb  dispatch.o [5]
_mqx_exit               0x00000825    0xe  Code  Gb  mqx.o [5]
_mqx_get_io_component_handle
                        0x0000083d   0x22  Code  Gb  mqx.o [5]
_mqx_idle_task          0x0000e039   0x4c  Code  Gb  idletask.o [5]
_mqx_init_kernel_data_internal
                        0x000009bb   0xe0  Code  Gb  mqx.o [5]
_mqx_kernel_data        0x1fff0034    0x4  Data  Gb  mqx.o [5]
_mqx_link_io_component_handle
                        0x000008a9   0x86  Code  Gb  mqx.o [5]
_mqx_set_cpu_type       0x00000833    0xa  Code  Gb  mqx.o [5]
_mqx_set_io_component_handle
                        0x0000085f   0x4a  Code  Gb  mqx.o [5]
_mqx_system_stack       0x1fff00dc    0x4  Data  Gb  mqx.o [5]
_mqx_unlink_io_component_handle
                        0x0000092f   0x8c  Code  Gb  mqx.o [5]
_mqx_vendor             0x00012488    0x4  Data  Gb  mqx.o [5]
_mqx_version_number     0x00012484    0x4  Data  Gb  mqx.o [5]
_msg_alloc              0x00005d21  0x10c  Code  Gb  msg.o [5]
_msg_cleanup            0x00005fc9   0xfc  Code  Gb  msg.o [5]
_msg_create_component   0x00005e2d  0x138  Code  Gb  msg.o [5]
_msg_free               0x00005f65   0x62  Code  Gb  msg.o [5]
_msgpool_add_internal   0x00005bab   0xba  Code  Gb  msgpool.o [5]
_msgpool_create         0x000059d5   0x2e  Code  Gb  msgpool.o [5]
_msgpool_create_internal
                        0x00005a03  0x1a8  Code  Gb  msgpool.o [5]
_msgpool_destroy        0x00005959   0x7c  Code  Gb  msgpool.o [5]
_msgq_get_id            0x00005011   0x2c  Code  Gb  msgq.o [5]
_msgq_insert_message_internal
                        0x000058a3   0xb0  Code  Gb  msgq.o [5]
_msgq_open              0x0000503d   0x24  Code  Gb  msgq.o [5]
_msgq_open_internal     0x00005061  0x17c  Code  Gb  msgq.o [5]
_msgq_receive           0x000051dd   0x3a  Code  Gb  msgq.o [5]
_msgq_receive_internal  0x00005217  0x358  Code  Gb  msgq.o [5]
_msgq_send              0x00005575   0x14  Code  Gb  msgq.o [5]
_msgq_send_blocked_internal
                        0x00005589   0x14  Code  Gb  msgq.o [5]
_msgq_send_internal     0x0000559d  0x306  Code  Gb  msgq.o [5]
_nvic_int_disable       0x0000dddf   0x2a  Code  Gb  nvic.o [5]
_nvic_int_enable        0x0000ddb9   0x26  Code  Gb  nvic.o [5]
_nvic_int_init          0x0000dd49   0x70  Code  Gb  nvic.o [5]
_partition_alloc_internal
                        0x000072c9  0x128  Code  Gb  partition.o [5]
_partition_alloc_system
                        0x000076fb   0x1c  Code  Gb  partition.o [5]
_partition_cleanup      0x00007719   0x9e  Code  Gb  partition.o [5]
_partition_create       0x00007505   0x94  Code  Gb  partition.o [5]
_partition_create_component
                        0x000073f1   0x76  Code  Gb  partition.o [5]
_partition_create_internal
                        0x00007467   0x9e  Code  Gb  partition.o [5]
_partition_destroy      0x00007599   0x92  Code  Gb  partition.o [5]
_partition_extend_internal
                        0x0000762b   0x5a  Code  Gb  partition.o [5]
_partition_free         0x00007685   0x76  Code  Gb  partition.o [5]
_pend_svc               0x000120b5          --   Gb  dispatch.o [5]
_psp_add_ticks          0x00003975   0x54  Code  Gb  psp_tiad.o [5]
_psp_build_stack_frame  0x00002e65   0x80  Code  Gb  stack_bu.o [5]
_psp_destroy_stack_frame
                        0x00002e63    0x2  Code  Gb  stack_de.o [5]
_psp_exception_return   0x000121a9          --   Gb  dispatch.o [5]
_psp_init_readyqs       0x000025e9   0x6c  Code  Gb  sc_irdyq.o [5]
_psp_int_init           0x00002ee5   0x1c  Code  Gb  psp_iinit.o [5]
_psp_int_install        0x000038d9   0x14  Code  Gb  int_inst.o [5]
_psp_msecs_to_ticks_quick
                        0x000038ed   0x88  Code  Gb  psp_mstiq.o [5]
_psp_normalize_ticks    0x00003a6d   0x38  Code  Gb  psp_tinm.o [5]
_psp_save_fp_context_internal
                        0x000121e1          --   Gb  dispatch.o [5]
_psp_set_kernel_disable_level
                        0x00002589   0x60  Code  Gb  sc_irdyq.o [5]
_psp_ticks_to_time      0x000039c9   0xa4  Code  Gb  psp_tkti.o [5]
_queue_dequeue          0x00002d55   0x34  Code  Gb  queue.o [5]
_queue_enqueue          0x00002d15   0x40  Code  Gb  queue.o [5]
_queue_init             0x00002d09    0xc  Code  Gb  queue.o [5]
_queue_insert           0x00002d89   0x42  Code  Gb  queue.o [5]
_sched_check_scheduler_internal
                        0x00012019          --   Gb  dispatch.o [5]
_sched_execute_scheduler_internal
                        0x00012035          --   Gb  dispatch.o [5]
_sched_run_internal     0x00012015          --   Gb  dispatch.o [5]
_sched_start_internal   0x00012011          --   Gb  dispatch.o [5]
_svc_handler            0x0001203f          --   Gb  dispatch.o [5]
_task_alloc_td_internal
                        0x00002469  0x102  Code  Gb  task.o [5]
_task_block             0x0001203b          --   Gb  dispatch.o [5]
_task_build_internal    0x000021b5   0x8c  Code  Gb  task.o [5]
_task_check_stack       0x000020e3   0x22  Code  Gb  task.o [5]
_task_create            0x00001dd1   0x18  Code  Gb  task.o [5]
_task_create_internal   0x00001d41   0x90  Code  Gb  task.o [5]
_task_destroy           0x00002073    0xe  Code  Gb  task.o [5]
_task_destroy_internal  0x00001de9  0x28a  Code  Gb  task.o [5]
_task_exit_function_internal
                        0x00002241   0x22  Code  Gb  task.o [5]
_task_fill_stack_internal
                        0x00002413   0x14  Code  Gb  task.o [5]
_task_get_error         0x00002105   0x18  Code  Gb  task.o [5]
_task_get_id            0x0000211d    0xc  Code  Gb  task.o [5]
_task_get_td            0x00002129   0x56  Code  Gb  task.o [5]
_task_get_template_ptr  0x00002081   0x18  Code  Gb  task.o [5]
_task_init_internal     0x00002269  0x1aa  Code  Gb  task.o [5]
_task_ready             0x00002099   0x4a  Code  Gb  task.o [5]
_task_ready_internal    0x00002427   0x3c  Code  Gb  task.o [5]
_task_set_error         0x0000217f   0x36  Code  Gb  task.o [5]
_task_set_error_td_internal
                        0x00002575   0x12  Code  Gb  task.o [5]
_time_delay             0x00002f15   0x3e  Code  Gb  time.o [5]
_time_delay_for         0x00002f53   0x3a  Code  Gb  time.o [5]
_time_delay_internal    0x00002f8d   0x96  Code  Gb  time.o [5]
_time_delay_until       0x00003023   0x38  Code  Gb  time.o [5]
_time_get_elapsed       0x0000305b   0x1a  Code  Gb  time.o [5]
_time_get_elapsed_ticks
                        0x00003075   0x40  Code  Gb  time.o [5]
_time_get_resolution    0x000030b5   0x18  Code  Gb  time.o [5]
_time_notify_kernel     0x000030cd  0x160  Code  Gb  time.o [5]
_time_set_hwtick_function
                        0x00003245   0x10  Code  Gb  time.o [5]
_time_set_hwticks_per_tick
                        0x00003255    0xc  Code  Gb  time.o [5]
_time_set_ticks_per_sec
                        0x0000322d    0xc  Code  Gb  time.o [5]
_time_set_timer_vector  0x00003239    0xc  Code  Gb  time.o [5]
exit                    0x000004cd    0x4  Code  Gb  exit.o [4]
init_hardware           0x000005fd   0x3a  Code  Gb  init_hw.o [3]
ipcfg_add_interface     0x00004899   0x66  Code  Gb  ipcfg.o [7]
ipcfg_bind_staticip     0x00004b73   0x5c  Code  Gb  ipcfg.o [7]
ipcfg_bind_staticip_internal
                        0x00004a71  0x102  Code  Lc  ipcfg.o [7]
ipcfg_data              0x1fff003c   0x80  Data  Gb  ipcfg.o [7]
ipcfg_del_dns_ip        0x000048ff   0x36  Code  Gb  ipcfg.o [7]
ipcfg_init_device       0x00004bdd   0x54  Code  Gb  ipcfg.o [7]
ipcfg_init_interface    0x00004c31  0x138  Code  Gb  ipcfg.o [7]
ipcfg_unbind_internal_actual
                        0x00004935  0x13c  Code  Lc  ipcfg.o [7]
lower_hex_string        0x000124a0   0x14  Data  Lc  io_dopr.o [5]
main                    0x000004bd   0x10  Code  Gb  mqx_main.o [3]
memcmp                  0x0000ccc9         Code  Gb  memcmp.o [6]
memcpy                  0x00007c4d   0x16  Code  Gb  tcp_buf.o [7]
memset                  0x00001631   0x16  Code  Gb  iproute.o [7]
phy_ksz8041_IF          0x000124ec   0x14  Data  Gb  phy_ksz8041.o [3]
phy_ksz8041_discover_addr
                        0x00011b35   0x48  Code  Lc  phy_ksz8041.o [3]
phy_ksz8041_get_link_status
                        0x00011c6b   0x66  Code  Lc  phy_ksz8041.o [3]
phy_ksz8041_get_speed   0x00011c23   0x48  Code  Lc  phy_ksz8041.o [3]
phy_ksz8041_init        0x00011b7d   0xa6  Code  Lc  phy_ksz8041.o [3]
reseed                  0x1fff0108    0x4  Data  Lc  rtcsrand.o [7]
rtcs_enet               0x000124b4   0x14  Data  Lc  ip-e.o [7]
rtcs_local              0x00012500   0x14  Data  Lc  iplocal.o [7]
seed                    0x1fff0104    0x4  Data  Lc  rtcsrand.o [7]
state                   0x1fff0038    0x4  Data  Lc  rtcsrand.o [7]
strncmp                 0x000043dd   0x2a  Code  Gb  strncmp.o [4]
systick_config          0x000028f5    0xc  Code  Gb  init_bsp.o [3]
systick_init            0x00002901   0x38  Code  Lc  init_bsp.o [3]
taskinit_task           0x00004409  0x104  Code  Gb  udp-connect.o [1]
udpserver_task          0x0000450d   0x72  Code  Gb  udp-connect.o [1]
upper_hex_string        0x0001248c   0x14  Data  Lc  io_dopr.o [5]


[1] = F:\eth-com\mqx\project\udp-connect\iar\hello_twrk60n512\twrk60n512\Int Flash Debug\Obj
[2] = command line
[3] = bsp.a
[4] = dl7M_tln.a
[5] = psp.a
[6] = rt7M_tl.a
[7] = rtcs.a
[8] = shb_l.a

  73 228 bytes of readonly  code memory
   2 181 bytes of readonly  data memory
     273 bytes of readwrite data memory

Errors: none
Warnings: none
