###############################################################################
#                                                                             #
# IAR ELF Linker V6.40.1.53790/W32 for ARM              30/Jul/2013  16:31:33 #
# Copyright 2007-2012 IAR Systems AB.                                         #
#                                                                             #
#    Output file  =  F:\eth-com\mqx\project\shell\iar\twrk60n512\twrk60n512\I #
#                    nt Flash Debug\Exe\twrk60n512.out                        #
#    Map file     =  F:\eth-com\mqx\project\shell\iar\twrk60n512\twrk60n512\I #
#                    nt Flash Debug\List\twrk60n512.map                       #
#    Command line =  F:\eth-com\lib\twrk60n512.iar\debug\bsp\bsp.a            #
#                    F:\eth-com\lib\twrk60n512.iar\debug\psp\psp.a            #
#                    F:\eth-com\lib\twrk60n512.iar\debug\rtcs\rtcs.a          #
#                    F:\eth-com\lib\twrk60n512.iar\debug\shell\shell.a        #
#                    "F:\eth-com\mqx\project\shell\iar\twrk60n512\twrk60n512\ #
#                    Int Flash Debug\Obj\shell.o" --redirect                  #
#                    _Printf=_PrintfFull --redirect _Scanf=_ScanfFull -o      #
#                    "F:\eth-com\mqx\project\shell\iar\twrk60n512\twrk60n512\ #
#                    Int Flash Debug\Exe\twrk60n512.out" --map                #
#                    "F:\eth-com\mqx\project\shell\iar\twrk60n512\twrk60n512\ #
#                    Int Flash Debug\List\twrk60n512.map" --config            #
#                    F:\eth-com\mqx\project\shell\iar\twrk60n512/../../../../ #
#                    ../lib/twrk60n512.iar/debug/bsp/intflash.icf --redirect  #
#                    __iar_dlmalloc=malloc --redirect __iar_dlcalloc=calloc   #
#                    --redirect __iar_dlfree=free --semihosting --entry       #
#                    __iar_program_start --vfe                                #
#                                                                             #
#                                                                             #
###############################################################################

*******************************************************************************
*** RUNTIME MODEL ATTRIBUTES
***

CppFlavor                   = *
__SystemLibrary             = DLib
__dlib_jmp_buf_num_elements = 8


*******************************************************************************
*** PLACEMENT SUMMARY
***

"A1":  place at 0x00000000 { ro section .intvec, block CFMPROTROM };
"P1":  place in [from 0x00000000 to 0x0007ffff] {
          first block TEXTSECTION, ro, last block FLASHX_POOL };
"P2":  place in [from 0x1fff0000 to 0x2000fff0] {
          block USER_MEMORY, last block KERNEL_DATA };

  Section                 Kind        Address    Size  Object
  -------                 ----        -------    ----  ------
"A1":                                           0x414
  .intvec                 const    0x00000000   0x400  vectors.o [3]
  CFMPROTROM                       0x00000400    0x14  <Block>
    .cfmconfig            const    0x00000400    0x10  vectors.o [3]
    .cfmconfig            const    0x00000410     0x0  vectors.o [3]
    CFMPROTROM            const    0x00000410     0x4  <Block tail>
                                 - 0x00000414   0x414

"P1":                                          0x53e4
  TEXTSECTION                      0x00000420  0x4d9c  <Block>
    .text                 ro code  0x00000420    0x48  boot.o [5]
    .text                 ro code  0x00000468     0xc  cstartup_M.o [6]
    .text                 ro code  0x00000474    0x16  cmain.o [6]
    .text                 ro code  0x0000048a     0xa  comp.o [5]
    .text                 ro code  0x00000494    0x28  data_init3.o [6]
    .text                 ro code  0x000004bc    0x10  mqx_main.o [3]
    .text                 ro code  0x000004cc     0x4  exit.o [4]
    .text                 ro code  0x000004d0   0x194  init_hw.o [3]
    .text                 ro code  0x00000664   0x2d4  mqx.o [5]
    .text                 ro code  0x00000938     0xa  cexit.o [6]
    .text                 ro code  0x00000942    0x22  zero_init3.o [6]
    .text                 ro code  0x00000964   0x8a8  bsp_cm.o [3]
    .text                 ro code  0x0000120c   0x248  init_gpio.o [3]
    .text                 ro code  0x00001454    0x16  stack_bu.o [5]
    .text                 ro code  0x0000146a    0x2e  copy_init3.o [6]
    .text                 ro code  0x00001498    0x56  ABImemcpy.o [6]
    .text                 ro code  0x000014f0   0x5c4  lwmem.o [5]
    .text                 ro code  0x00001ab4   0x66a  task.o [5]
    .text                 ro code  0x00002120    0xd8  sc_irdyq.o [5]
    .text                 ro code  0x000021f8   0x174  lwsem.o [5]
    .text                 ro code  0x0000236c   0x188  init_bsp.o [3]
    .text                 ro code  0x000024f4   0x1d0  int.o [5]
    .text                 ro code  0x000026c4    0xc2  queue.o [5]
    .text                 ro code  0x00002788    0x14  exit.o [7]
    .text                 ro code  0x0000279c    0x1c  cm.o [3]
    .text                 ro code  0x000027b8    0x66  ABImemset.o [6]
    .text                 ro code  0x0000281e     0x2  stack_de.o [5]
    .text                 ro code  0x00002820    0x80  stack_bu.o [5]
    .text                 ro code  0x000028a0    0x1c  psp_iinit.o [5]
    .text                 ro code  0x000028bc    0x14  int_vtab.o [5]
    .text                 ro code  0x000028d0   0x198  time.o [5]
    .text                 ro code  0x00002a68    0x14  kinetis_mpu.o [5]
    .text                 ro code  0x00002a7c    0x24  io_init.o [5]
    .text                 ro code  0x00002aa0   0x600  serl_pol_kuart.o [3]
    .text                 ro code  0x000030a0    0x38  io_sinit.o [3]
    .text                 ro code  0x000030d8    0x14  int_inst.o [5]
    .text                 ro code  0x000030ec    0x38  psp_tinm.o [5]
    .text                 ro code  0x00003124   0x5a2  serl_pol.o [3]
    .text                 ro code  0x000036c8    0x5c  serl_mk60.o [3]
    .text                 ro code  0x00003724    0xc8  io_fopen.o [5]
    .text                 ro code  0x000037ec    0x3a  io_inst.o [5]
    .text                 ro code  0x00003828   0x100  io_instx.o [5]
    .text                 ro code  0x00003928    0x2a  strncmp.o [4]
    .text                 ro code  0x00003954    0x4c  shell.o [1]
    .text                 ro code  0x000039a0    0x2c  io_pntf.o [5]
    .text                 ro code  0x000039cc   0x234  shell.o [8]
    .text                 ro code  0x00003c00    0x50  io_ghand.o [5]
    .text                 ro code  0x00003c50   0xd68  io_dopr.o [5]
    .text                 ro code  0x000049b8    0x6c  strncpy.o [6]
    .text                 ro code  0x00004a24    0xd4  sh_util.o [8]
    .text                 ro code  0x00004af8    0x3a  io_fflsh.o [5]
    .text                 ro code  0x00004b34    0x42  strcmp.o [6]
    .text                 ro code  0x00004b78    0xb8  io_util.o [5]
    .text                 ro code  0x00004c30    0x34  io_fgets.o [5]
    .text                 ro code  0x00004c64    0x36  io_fclos.o [5]
    .text                 ro code  0x00004c9c   0x132  I64DivMod.o [6]
    .text                 ro code  0x00004dce    0x1c  io_util.o [5]
    .text                 ro code  0x00004dec    0x44  strcpy.o [6]
    .text                 ro code  0x00004e30    0xc0  io_fseek.o [5]
    .text                 ro code  0x00004ef0     0xc  io_util.o [5]
    .text                 ro code  0x00004efc     0xc  io_util.o [5]
    .text                 ro code  0x00004f08    0x36  strlen.o [6]
    .text                 ro code  0x00004f3e    0xa2  io_fgetl.o [5]
    .text                 ro code  0x00004fe0     0x2  I64DivZer.o [6]
    .text                 ro code  0x00004fe2    0x2a  io_util.o [5]
    .text                 ro code  0x0000500c    0x12  io_util.o [5]
    .text                 ro code  0x0000501e    0x16  io_util.o [5]
    .text                 ro code  0x00005034    0x50  io_fgetc.o [5]
    .text                 ro code  0x00005084    0x30  io_fung.o [5]
    .text                 ro code  0x000050b4     0xc  io_util.o [5]
    .text                 ro code  0x000050c0     0xc  io_util.o [5]
    .text                 ro code  0x000050cc    0x22  io_util.o [5]
    .text                 ro code  0x000050ee    0x2a  io_util.o [5]
    .text                 ro code  0x00005118    0x12  io_util.o [5]
    .text                 ro code  0x0000512c    0x4c  idletask.o [5]
    .text                 ro code  0x00005178    0x44  io_fputc.o [5]
  KERNEL                  ro code  0x000051c0   0x21c  dispatch.o [5]
  .iar.init_table         const    0x000053dc    0x38  - Linker created -
  .rodata                 const    0x00005414     0x8  shell.o [1]
  .rodata                 const    0x0000541c     0x8  shell.o [1]
  .rodata                 const    0x00005424     0x8  shell.o [1]
  .rodata                 const    0x0000542c     0x8  shell.o [1]
  .rodata                 const    0x00005434     0x8  shell.o [1]
  .rodata                 const    0x0000543c     0x8  shell.o [1]
  .rodata                 const    0x00005444     0x8  shell.o [1]
  .rodata                 const    0x0000544c    0x40  shell.o [1]
  .rodata                 const    0x0000548c    0x20  shell.o [1]
  .rodata                 const    0x000054ac    0x14  shell.o [8]
  .rodata                 const    0x000054c0     0xc  shell.o [8]
  .rodata                 const    0x000054cc    0x30  shell.o [8]
  .rodata                 const    0x000054fc     0xc  shell.o [8]
  .rodata                 const    0x00005508     0x8  shell.o [8]
  .rodata                 const    0x00005510    0x38  shell.o [8]
  .rodata                 const    0x00005548    0x14  shell.o [8]
  .rodata                 const    0x0000555c    0x14  io_dopr.o [5]
  .rodata                 const    0x00005570    0x14  io_dopr.o [5]
  .rodata                 const    0x00005584    0x18  mqx.o [5]
  .rodata                 const    0x0000559c    0x10  mqx.o [5]
  .rodata                 const    0x000055ac     0x4  mqx.o [5]
  .rodata                 const    0x000055b0     0x4  mqx.o [5]
  .rodata                 const    0x000055b4     0x8  init_bsp.o [3]
  .rodata                 const    0x000055bc    0x1c  bsp_cm.o [3]
  .rodata                 const    0x000055d8    0x78  bsp_cm.o [3]
  .rodata                 const    0x00005650    0x20  init_sci.o [3]
  .rodata                 const    0x00005670     0x8  mqx_init.o [3]
  .rodata                 const    0x00005678    0x30  mqx_init.o [3]
  Initializer bytes       ro data  0x000056a8     0x4  <for USER_DEFAULT_MEMORY-1>
  Initializer bytes       ro data  0x000056ac     0x4  <for KERNEL_DATA-1>
  .rodata                 const    0x000056b0     0x0  zero_init3.o [6]
  .rodata                 const    0x000056b0     0x0  copy_init3.o [6]
  FLASHX_POOL                      0x00005800     0x1  <Block>
    .flashx               const    0x00005800     0x1  vectors.o [3]
    .flashx               const    0x00005801     0x0  vectors.o [3]
                                 - 0x00005801  0x53e1

"P2":                                            0x44
  USER_MEMORY                      0x1fff0000    0x3c  <Block>
    USER_DEFAULT_MEMORY            0x1fff0000    0x3c  <Block>
      USER_DEFAULT_MEMORY-1
                                   0x1fff0000     0x4  <Init block>
        .data             inited   0x1fff0000     0x4  mqx.o [5]
      .bss                zero     0x1fff0004    0x30  io_util.o [5]
      .bss                zero     0x1fff0034     0x4  mqx.o [5]
      .bss                zero     0x1fff0038     0x1  bsp_cm.o [3]
  KERNEL_DATA                      0x1fff0040     0x4  <Block>
    KERNEL_DATA-1                  0x1fff0040     0x4  <Init block>
      .kernel_data        inited   0x1fff0040     0x4  kernel_symbols.o [5]
                                 - 0x1fff0044    0x44


*******************************************************************************
*** INIT TABLE
***

          Address     Size
          -------     ----
Zero (__iar_zero_init3)
    1 destination range, total size 0x35:
          0x1fff0004  0x35

Copy (__iar_copy_init3)
    1 source range, total size 0x4:
          0x000056a8   0x4
    1 destination range, total size 0x4:
          0x1fff0000   0x4

Copy (__iar_copy_init3)
    1 source range, total size 0x4:
          0x000056ac   0x4
    1 destination range, total size 0x4:
          0x1fff0040   0x4



*******************************************************************************
*** MODULE SUMMARY
***

    Module            ro code  ro data  rw data
    ------            -------  -------  -------
F:\eth-com\mqx\project\shell\iar\twrk60n512\twrk60n512\Int Flash Debug\Obj: [1]
    shell.o                76      152
    -------------------------------------------
    Total:                 76      152

command line: [2]
    -------------------------------------------
    Total:

bsp.a: [3]
    bsp_cm.o            2 216      148        1
    cm.o                   28
    init_bsp.o            392        8
    init_gpio.o           584
    init_hw.o             404
    init_sci.o                      32
    io_sinit.o             56
    mqx_init.o                      56
    mqx_main.o             16
    serl_mk60.o            92
    serl_pol.o          1 442
    serl_pol_kuart.o    1 536
    vectors.o                    1 041
    -------------------------------------------
    Total:              6 766    1 285        1

dl7M_tln.a: [4]
    exit.o                  4
    strncmp.o              42
    -------------------------------------------
    Total:                 46

psp.a: [5]
    boot.o                 72
    comp.o                 10
    dispatch.o            540
    idletask.o             76
    int.o                 464
    int_inst.o             20
    int_vtab.o             20
    io_dopr.o           3 432       40
    io_fclos.o             54
    io_fflsh.o             58
    io_fgetc.o             80
    io_fgetl.o            162
    io_fgets.o             52
    io_fopen.o            200
    io_fputc.o             68
    io_fseek.o            192
    io_fung.o              48
    io_ghand.o             80
    io_init.o              36
    io_inst.o              58
    io_instx.o            256
    io_pntf.o              44
    io_util.o             436                48
    kernel_symbols.o                 4        4
    kinetis_mpu.o          20
    lwmem.o             1 476
    lwsem.o               372
    mqx.o                 724       52        8
    psp_iinit.o            28
    psp_tinm.o             56
    queue.o               194
    sc_irdyq.o            216
    stack_bu.o            150
    stack_de.o              2
    task.o              1 642
    time.o                408
    -------------------------------------------
    Total:             11 746       96       60

rt7M_tl.a: [6]
    ABImemcpy.o            86
    ABImemset.o           102
    I64DivMod.o           306
    I64DivZer.o             2
    cexit.o                10
    cmain.o                22
    copy_init3.o           46
    cstartup_M.o           12
    data_init3.o           40
    strcmp.o               66
    strcpy.o               68
    strlen.o               54
    strncpy.o             108
    zero_init3.o           34
    -------------------------------------------
    Total:                956

shb_l.a: [7]
    exit.o                 20
    -------------------------------------------
    Total:                 20

shell.a: [8]
    sh_util.o             212
    shell.o               564      176
    -------------------------------------------
    Total:                776      176

    Gaps                   26
    Linker created                  60
-----------------------------------------------
    Grand Total:       20 412    1 769       61


*******************************************************************************
*** ENTRY LIST
***

Entry                      Address   Size  Type      Object
-----                      -------   ----  ----      ------
?main                   0x00000475         Code  Gb  cmain.o [6]
CFMPROTROM$$Base        0x00000400          --   Gb  - Linker created -
CFMPROTROM$$Limit       0x00000414          --   Gb  - Linker created -
ClockConfigurationID    0x1fff0038    0x1  Data  Lc  bsp_cm.o [3]
Cpu_GetClockConfiguration
                        0x00000f07    0x8  Code  Gb  bsp_cm.o [3]
Cpu_GetCurrentMCGMode   0x00000d43   0x46  Code  Lc  bsp_cm.o [3]
Cpu_MCGAutoTrim         0x00000967   0x6e  Code  Gb  bsp_cm.o [3]
Cpu_SetClockConfiguration
                        0x00000d89  0x17e  Code  Gb  bsp_cm.o [3]
Cpu_SetMCG              0x00000cbf   0x84  Code  Lc  bsp_cm.o [3]
Cpu_SetMCGModeBLPI      0x00000bb3   0x36  Code  Lc  bsp_cm.o [3]
Cpu_SetMCGModeFBE       0x00000add   0xd6  Code  Lc  bsp_cm.o [3]
Cpu_SetMCGModeFBI       0x00000be9   0xd6  Code  Lc  bsp_cm.o [3]
Cpu_SetMCGModePBE       0x00000a27   0xb6  Code  Lc  bsp_cm.o [3]
Cpu_SetMCGModePEE       0x000009d5   0x52  Code  Lc  bsp_cm.o [3]
FLASHX_POOL$$Base       0x00005800          --   Gb  - Linker created -
FLASHX_POOL$$Limit      0x00005801          --   Gb  - Linker created -
KERNEL_DATA$$Base       0x1fff0040          --   Gb  - Linker created -
KERNEL_DATA$$Limit      0x1fff0044          --   Gb  - Linker created -
LDD_SetClockConfiguration
                        0x00000965    0x2  Code  Gb  bsp_cm.o [3]
MCGTransitionMatrix     0x000055bc   0x1c  Data  Lc  bsp_cm.o [3]
MQX_init_struct         0x00005678   0x30  Data  Gb  mqx_init.o [3]
MQX_template_list       0x0000544c   0x40  Data  Gb  shell.o [1]
PE_CpuClockConfigurations
                        0x000055d8   0x78  Data  Gb  bsp_cm.o [3]
PE_low_level_init       0x0000105d   0x7e  Code  Gb  bsp_cm.o [3]
Region$$Table$$Base     0x000053dc          --   Gb  - Linker created -
Region$$Table$$Limit    0x00005414          --   Gb  - Linker created -
Shell                   0x000039cd  0x234  Code  Gb  shell.o [8]
Shell_commands          0x0000548c   0x20  Data  Gb  shell.o [1]
Shell_parse_command_line
                        0x00004a25   0x7c  Code  Gb  sh_util.o [8]
Shell_set_current_filesystem
                        0x00004aa1   0x52  Code  Gb  sh_util.o [8]
TEXTSECTION$$Base       0x00000420          --   Gb  - Linker created -
TEXTSECTION$$Limit      0x000051bc          --   Gb  - Linker created -
USER_DEFAULT_MEMORY$$Base
                        0x1fff0000          --   Gb  - Linker created -
USER_DEFAULT_MEMORY$$Limit
                        0x1fff003c          --   Gb  - Linker created -
USER_MEMORY$$Base       0x1fff0000          --   Gb  - Linker created -
USER_MEMORY$$Limit      0x1fff003c          --   Gb  - Linker created -
_LocaleC_isalpha        0x000050cd   0x22  Code  Gb  io_util.o [5]
_LocaleC_islower        0x00005119   0x12  Code  Gb  io_util.o [5]
_LocaleC_ispunct        0x000050ef   0x2a  Code  Gb  io_util.o [5]
_LocaleC_isupper        0x0000500d   0x12  Code  Gb  io_util.o [5]
_LocaleC_tolower        0x0000501f   0x16  Code  Gb  io_util.o [5]
__BOOT_STACK_ADDRESS {Abs}
                        0x2000fef0          --   Gb  command line/config [2]
__DEFAULT_INTERRUPT_STACK_SIZE {Abs}
                        0x00000400          --   Gb  command line/config [2]
__DEFAULT_PROCESSOR_NUMBER {Abs}
                        0x00000001          --   Gb  command line/config [2]
__EXTERNAL_LCD_BASE {Abs}
                        0x60000000          --   Gb  command line/config [2]
__EXTERNAL_LCD_DC_BASE {Abs}
                        0x60010000          --   Gb  command line/config [2]
__EXTERNAL_LCD_SIZE {Abs}
                        0x0001ffff          --   Gb  command line/config [2]
__EXTERNAL_MRAM_RAM_BASE {Abs}
                        0x70000000          --   Gb  command line/config [2]
__EXTERNAL_MRAM_RAM_SIZE {Abs}
                        0x00080000          --   Gb  command line/config [2]
__EXTERNAL_MRAM_ROM_BASE {Abs}
                        0x70000000          --   Gb  command line/config [2]
__EXTERNAL_MRAM_ROM_SIZE {Abs}
                        0x00000000          --   Gb  command line/config [2]
__FLASHX_END_ADDR {Abs}
                        0x00080000          --   Gb  command line/config [2]
__FLASHX_SECT_SIZE {Abs}
                        0x00000800          --   Gb  command line/config [2]
__FLASHX_START_ADDR     0x00005800    0x1  Data  Gb  vectors.o [3]
__INTERNAL_FLASH_BASE {Abs}
                        0x00000000          --   Gb  command line/config [2]
__INTERNAL_FLASH_SIZE {Abs}
                        0x00080000          --   Gb  command line/config [2]
__INTERNAL_FLEXNVM_BASE {Abs}
                        0x00000000          --   Gb  command line/config [2]
__INTERNAL_FLEXNVM_SIZE {Abs}
                        0x00000000          --   Gb  command line/config [2]
__KERNEL_DATA_END {Abs}
                        0x2000fff0          --   Gb  command line/config [2]
__KERNEL_DATA_START     0x1fff0040         Data  Gb  kernel_symbols.o [5]
__USER_HEAP_END {Abs}   0x00000000          --   Gb  command line/config [2]
__USER_HEAP_START {Abs}
                        0x00001fa0          --   Gb  command line/config [2]
__VECTOR_TABLE_RAM_START {Abs}
                        0x1fff0000          --   Gb  command line/config [2]
__VECTOR_TABLE_ROM_START {Abs}
                        0x00000000          --   Gb  command line/config [2]
__aeabi_ldiv0           0x00004fe1         Code  Gb  I64DivZer.o [6]
__aeabi_ldivmod         0x00004c9d         Code  Gb  I64DivMod.o [6]
__aeabi_memcpy4         0x00001499         Code  Gb  ABImemcpy.o [6]
__aeabi_memcpy8         0x00001499         Code  Gb  ABImemcpy.o [6]
__aeabi_memset          0x000027b9         Code  Gb  ABImemset.o [6]
__aeabi_uldivmod        0x00004ce1         Code  Gb  I64DivMod.o [6]
__boot                  0x00000421          --   Gb  boot.o [5]
__cmain                 0x00000475         Code  Gb  cmain.o [6]
__exit                  0x00002789   0x14  Code  Gb  exit.o [7]
__get_MSP               0x000053b3          --   Gb  dispatch.o [5]
__get_PSP               0x000053ad          --   Gb  dispatch.o [5]
__get_PSR               0x000053bf          --   Gb  dispatch.o [5]
__iar_Memset            0x000027b9         Code  Gb  ABImemset.o [6]
__iar_Memset_word       0x000027c1         Code  Gb  ABImemset.o [6]
__iar_copy_init3        0x0000146b   0x2e  Code  Gb  copy_init3.o [6]
__iar_data_init3        0x00000495   0x28  Code  Gb  data_init3.o [6]
__iar_program_start     0x00000469         Code  Gb  cstartup_M.o [6]
__iar_strcmp            0x00004b35         Code  Gb  strcmp.o [6]
__iar_zero_init3        0x00000943   0x22  Code  Gb  zero_init3.o [6]
__low_level_init        0x0000048b    0xa  Code  Gb  comp.o [5]
__pe_initialize_hardware
                        0x00000f11  0x14c  Code  Gb  bsp_cm.o [3]
__set_MSP               0x00000457          --   Gb  boot.o [5]
__vector_table          0x00000000  0x400  Data  Gb  vectors.o [3]
_bsp_enable_card        0x000023b3   0xca  Code  Gb  init_bsp.o [3]
_bsp_flexbus_mram_setup
                        0x000005ed   0x10  Code  Lc  init_hw.o [3]
_bsp_flexbus_setup      0x000004eb  0x102  Code  Lc  init_hw.o [3]
_bsp_get_clock          0x00001119   0x24  Code  Gb  bsp_cm.o [3]
_bsp_get_clock_configuration
                        0x00001111    0x8  Code  Gb  bsp_cm.o [3]
_bsp_get_hwticks        0x00002489   0x40  Code  Gb  init_bsp.o [3]
_bsp_get_serial_base_address
                        0x000036c9   0x5c  Code  Gb  serl_mk60.o [3]
_bsp_gpio_io_init       0x00001405   0x10  Code  Gb  init_gpio.o [3]
_bsp_initialize_hardware
                        0x00001205    0x8  Code  Gb  bsp_cm.o [3]
_bsp_low_level_init     0x000011fd    0x8  Code  Gb  bsp_cm.o [3]
_bsp_osc_autotrim       0x000011cd   0x30  Code  Gb  bsp_cm.o [3]
_bsp_sci3_init          0x00005650   0x20  Data  Gb  init_sci.o [3]
_bsp_serial_io_init     0x0000120d  0x1f8  Code  Gb  init_gpio.o [3]
_bsp_serial_rts_init    0x00001415   0x2a  Code  Gb  init_gpio.o [3]
_bsp_set_clock_configuration
                        0x000010db   0x36  Code  Gb  bsp_cm.o [3]
_bsp_systick            0x0000247d    0xa  Code  Gb  init_bsp.o [3]
_bsp_watchdog_disable   0x000004d1   0x1a  Code  Gb  init_hw.o [3]
_call_main              0x00000481         Code  Gb  cmain.o [6]
_cfm                    0x00000400   0x10  Data  Gb  vectors.o [3]
_cm_get_clock           0x000027a5   0x14  Code  Gb  cm.o [3]
_cm_get_clock_configuration
                        0x0000279d    0x8  Code  Gb  cm.o [3]
_exit                   0x00000939         Code  Gb  cexit.o [6]
_int_default_isr        0x000024f5   0x3a  Code  Gb  int.o [5]
_int_disable            0x0000252f   0x22  Code  Gb  int.o [5]
_int_enable             0x00002551   0x36  Code  Gb  int.o [5]
_int_init               0x0000264b   0x6c  Code  Gb  int.o [5]
_int_install_isr        0x00002587   0xc4  Code  Gb  int.o [5]
_int_kernel_isr         0x000052c7          --   Gb  dispatch.o [5]
_int_set_vector_table   0x000028bd    0xe  Code  Gb  int_vtab.o [5]
_io_dev_install         0x000037ed   0x3a  Code  Gb  io_inst.o [5]
_io_dev_install_ext     0x00003829  0x100  Code  Gb  io_instx.o [5]
_io_doprint             0x00003cf7  0xb00  Code  Gb  io_dopr.o [5]
_io_doprint_prt         0x00004801   0xa8  Code  Gb  io_dopr.o [5]
_io_doprint_prt64       0x000048a9   0xfc  Code  Gb  io_dopr.o [5]
_io_fclose              0x00004c65   0x36  Code  Gb  io_fclos.o [5]
_io_fflush              0x00004af9   0x3a  Code  Gb  io_fflsh.o [5]
_io_fgetc               0x00005035   0x50  Code  Gb  io_fgetc.o [5]
_io_fgetline            0x00004f3f   0xa2  Code  Gb  io_fgetl.o [5]
_io_fgets               0x00004c31   0x34  Code  Gb  io_fgets.o [5]
_io_fopen               0x00003725   0xc8  Code  Gb  io_fopen.o [5]
_io_fputc               0x00005179   0x44  Code  Gb  io_fputc.o [5]
_io_fseek               0x00004e31   0xc0  Code  Gb  io_fseek.o [5]
_io_fungetc             0x00005085   0x30  Code  Gb  io_fung.o [5]
_io_get_fs_name         0x00004bd3   0x58  Code  Gb  io_util.o [5]
_io_get_handle          0x00003c01   0x50  Code  Gb  io_ghand.o [5]
_io_init                0x00002a7d   0x24  Code  Gb  io_init.o [5]
_io_is_fs_valid         0x00004ba7   0x2c  Code  Gb  io_util.o [5]
_io_mputc               0x00003c51   0x44  Code  Lc  io_dopr.o [5]
_io_printf              0x000039a1   0x2c  Code  Gb  io_pntf.o [5]
_io_putstr              0x00003c95   0x62  Code  Lc  io_dopr.o [5]
_io_serial_default_init
                        0x000030a1   0x38  Code  Gb  io_sinit.o [3]
_io_serial_polled_close
                        0x000032a9   0x36  Code  Gb  serl_pol.o [3]
_io_serial_polled_install
                        0x00003125   0x82  Code  Gb  serl_pol.o [3]
_io_serial_polled_ioctl
                        0x00003619   0xae  Code  Gb  serl_pol.o [3]
_io_serial_polled_open  0x000031a9   0xfe  Code  Gb  serl_pol.o [3]
_io_serial_polled_read  0x000032e1  0x1f6  Code  Gb  serl_pol.o [3]
_io_serial_polled_write
                        0x000034d9  0x13e  Code  Gb  serl_pol.o [3]
_io_strtolower          0x00004b79   0x2e  Code  Gb  io_util.o [5]
_kinetis_mpu_disable    0x00002a69   0x10  Code  Gb  kinetis_mpu.o [5]
_kuart_change_baudrate  0x00002aa1   0x64  Code  Gb  serl_pol_kuart.o [3]
_kuart_polled_deinit    0x00002c51   0x30  Code  Gb  serl_pol_kuart.o [3]
_kuart_polled_getc      0x00002c81   0x14  Code  Gb  serl_pol_kuart.o [3]
_kuart_polled_init      0x00002b51   0xfe  Code  Gb  serl_pol_kuart.o [3]
_kuart_polled_install   0x00002b19   0x36  Code  Gb  serl_pol_kuart.o [3]
_kuart_polled_ioctl     0x00002d09  0x398  Code  Gb  serl_pol_kuart.o [3]
_kuart_polled_peripheral_disable
                        0x00002b0f    0xa  Code  Lc  serl_pol_kuart.o [3]
_kuart_polled_peripheral_enable
                        0x00002b05    0xa  Code  Lc  serl_pol_kuart.o [3]
_kuart_polled_putc      0x00002c95   0x12  Code  Gb  serl_pol_kuart.o [3]
_kuart_polled_status    0x00002ca9   0x60  Code  Gb  serl_pol_kuart.o [3]
_lwmem_alloc            0x00001753   0x20  Code  Gb  lwmem.o [5]
_lwmem_alloc_at         0x00001773   0x26  Code  Gb  lwmem.o [5]
_lwmem_alloc_at_internal
                        0x0000160d  0x146  Code  Gb  lwmem.o [5]
_lwmem_alloc_internal   0x000014f1  0x11c  Code  Gb  lwmem.o [5]
_lwmem_alloc_system     0x00001991   0x20  Code  Gb  lwmem.o [5]
_lwmem_alloc_system_zero
                        0x00001a8b   0x20  Code  Gb  lwmem.o [5]
_lwmem_alloc_zero       0x00001799   0x20  Code  Gb  lwmem.o [5]
_lwmem_create_pool      0x000017b9   0x84  Code  Gb  lwmem.o [5]
_lwmem_free             0x0000183d  0x154  Code  Gb  lwmem.o [5]
_lwmem_get_next_block_internal
                        0x000019d9   0x90  Code  Gb  lwmem.o [5]
_lwmem_init_internal    0x000019b1   0x28  Code  Gb  lwmem.o [5]
_lwmem_set_type         0x00001a69   0x16  Code  Gb  lwmem.o [5]
_lwmem_transfer_internal
                        0x00001a7f    0xc  Code  Gb  lwmem.o [5]
_lwsem_create           0x0000225d   0x14  Code  Gb  lwsem.o [5]
_lwsem_create_internal  0x000021f9   0x64  Code  Gb  lwsem.o [5]
_lwsem_post             0x00002271   0x7c  Code  Gb  lwsem.o [5]
_lwsem_wait             0x000022ed   0x76  Code  Gb  lwsem.o [5]
_main                   0x00000487         Code  Gb  cmain.o [6]
_mem_test_and_set       0x00005393          --   Gb  dispatch.o [5]
_mqx                    0x00000665  0x1c0  Code  Gb  mqx.o [5]
_mqx_api_call           0x000051e9          --   Gb  dispatch.o [5]
_mqx_exit               0x00000825    0xe  Code  Gb  mqx.o [5]
_mqx_idle_task          0x0000512d   0x4c  Code  Gb  idletask.o [5]
_mqx_init_kernel_data_internal
                        0x0000083d   0xe0  Code  Gb  mqx.o [5]
_mqx_kernel_data        0x1fff0000    0x4  Data  Gb  mqx.o [5]
_mqx_set_cpu_type       0x00000833    0xa  Code  Gb  mqx.o [5]
_mqx_system_stack       0x1fff0034    0x4  Data  Gb  mqx.o [5]
_mqx_vendor             0x000055b0    0x4  Data  Gb  mqx.o [5]
_mqx_version_number     0x000055ac    0x4  Data  Gb  mqx.o [5]
_opened_fs_table        0x1fff0004   0x30  Data  Lc  io_util.o [5]
_pend_svc               0x00005265          --   Gb  dispatch.o [5]
_psp_build_stack_frame  0x00002821   0x80  Code  Gb  stack_bu.o [5]
_psp_destroy_stack_frame
                        0x0000281f    0x2  Code  Gb  stack_de.o [5]
_psp_exception_return   0x00005359          --   Gb  dispatch.o [5]
_psp_init_readyqs       0x00002181   0x6c  Code  Gb  sc_irdyq.o [5]
_psp_int_init           0x000028a1   0x1c  Code  Gb  psp_iinit.o [5]
_psp_int_install        0x000030d9   0x14  Code  Gb  int_inst.o [5]
_psp_normalize_ticks    0x000030ed   0x38  Code  Gb  psp_tinm.o [5]
_psp_save_fp_context_internal
                        0x00005391          --   Gb  dispatch.o [5]
_psp_set_kernel_disable_level
                        0x00002121   0x60  Code  Gb  sc_irdyq.o [5]
_queue_dequeue          0x00002711   0x34  Code  Gb  queue.o [5]
_queue_enqueue          0x000026d1   0x40  Code  Gb  queue.o [5]
_queue_init             0x000026c5    0xc  Code  Gb  queue.o [5]
_queue_insert           0x00002745   0x42  Code  Gb  queue.o [5]
_sched_check_scheduler_internal
                        0x000051c9          --   Gb  dispatch.o [5]
_sched_execute_scheduler_internal
                        0x000051e5          --   Gb  dispatch.o [5]
_sched_run_internal     0x000051c5          --   Gb  dispatch.o [5]
_sched_start_internal   0x000051c1          --   Gb  dispatch.o [5]
_svc_handler            0x000051ef          --   Gb  dispatch.o [5]
_task_alloc_td_internal
                        0x00002001  0x102  Code  Gb  task.o [5]
_task_block             0x000051eb          --   Gb  dispatch.o [5]
_task_destroy           0x00001d3f    0xe  Code  Gb  task.o [5]
_task_destroy_internal  0x00001ab5  0x28a  Code  Gb  task.o [5]
_task_exit_function_internal
                        0x00001dd9   0x22  Code  Gb  task.o [5]
_task_fill_stack_internal
                        0x00001fab   0x14  Code  Gb  task.o [5]
_task_get_td            0x00001d4d   0x56  Code  Gb  task.o [5]
_task_init_internal     0x00001e01  0x1aa  Code  Gb  task.o [5]
_task_ready_internal    0x00001fbf   0x3c  Code  Gb  task.o [5]
_task_set_error         0x00001da3   0x36  Code  Gb  task.o [5]
_task_set_error_td_internal
                        0x0000210d   0x12  Code  Gb  task.o [5]
_time_notify_kernel     0x000028d1  0x160  Code  Gb  time.o [5]
_time_set_hwtick_function
                        0x00002a49   0x10  Code  Gb  time.o [5]
_time_set_hwticks_per_tick
                        0x00002a59    0xc  Code  Gb  time.o [5]
_time_set_ticks_per_sec
                        0x00002a31    0xc  Code  Gb  time.o [5]
_time_set_timer_vector  0x00002a3d    0xc  Code  Gb  time.o [5]
atexit                  0x00003975   0x10  Code  Gb  shell.o [1]
atlogin                 0x00003965   0x10  Code  Gb  shell.o [1]
atmode                  0x00003955   0x10  Code  Gb  shell.o [1]
exit                    0x000004cd    0x4  Code  Gb  exit.o [4]
init_hardware           0x000005fd   0x3a  Code  Gb  init_hw.o [3]
isalpha                 0x000050b5    0xc  Code  Gb  io_util.o [5]
isgraph                 0x00004dcf   0x1c  Code  Gb  io_util.o [5]
isprint                 0x00004fe3   0x2a  Code  Gb  io_util.o [5]
ispunct                 0x000050c1    0xc  Code  Gb  io_util.o [5]
isupper                 0x00004ef1    0xc  Code  Gb  io_util.o [5]
lower_hex_string        0x00005570   0x14  Data  Lc  io_dopr.o [5]
main                    0x000004bd   0x10  Code  Gb  mqx_main.o [3]
memset                  0x00001455   0x16  Code  Gb  stack_bu.o [5]
strcmp                  0x00004b35         Code  Gb  strcmp.o [6]
strcpy                  0x00004ded         Code  Gb  strcpy.o [6]
strlen                  0x00004f09         Code  Gb  strlen.o [6]
strncmp                 0x00003929   0x2a  Code  Gb  strncmp.o [4]
strncpy                 0x000049b9         Code  Gb  strncpy.o [6]
systick_config          0x0000236d    0xc  Code  Gb  init_bsp.o [3]
systick_init            0x00002379   0x3a  Code  Lc  init_bsp.o [3]
task_shell              0x00003985    0xc  Code  Gb  shell.o [1]
tolower                 0x00004efd    0xc  Code  Gb  io_util.o [5]
upper_hex_string        0x0000555c   0x14  Data  Lc  io_dopr.o [5]


[1] = F:\eth-com\mqx\project\shell\iar\twrk60n512\twrk60n512\Int Flash Debug\Obj
[2] = command line
[3] = bsp.a
[4] = dl7M_tln.a
[5] = psp.a
[6] = rt7M_tl.a
[7] = shb_l.a
[8] = shell.a

  20 412 bytes of readonly  code memory
   1 769 bytes of readonly  data memory
      61 bytes of readwrite data memory

Errors: none
Warnings: none
